02-27 16:19:07.831 D/FSS_OplusFoldSwitchStateObserver( 2884): onAnimationStart reset mPendingFoldAnimationTrigger
02-27 16:19:07.833 I/OplusStatusBarManagerServiceEnhance( 2163):  getTopIsFullscreen mTopIsFullscreen: false
02-27 16:19:07.833 W/VRI[MainActivity](14347): handleResized, msg:, frameChanged:false, configChanged:false, displayChanged:false, attachedFrameChanged:false, compatScaleChanged:false, pendingDragResizing=false
02-27 16:19:07.833 D/NotificationService--OplusNotificationManagerServiceExtImpl( 2163): isForwardToAssistants: true, case : Is local notification
02-27 16:19:07.833 D/NotificationService( 2163): This application enqueue notifications is need postDelayed mcsAssistantDelayTime: 200
02-27 16:19:07.834 W/UserManagerService( 2163): Requested status bar icon for non-badged user 0
02-27 16:19:07.834 I/Finsky  (28774): [574] com.guardianos.shield: Account from first account - [fuhOZDf2U9LhO8poGcB__f1edHfOXdNUDhzfi04dWVM]
02-27 16:19:07.835 I/SurfaceFlinger( 1409): onHandleDestroyed: name=Surface(name=3193119 StatusBar)/@0x3f323b1 - animation-leash of insets_animation#25123, layerId=25123, parentId=0
02-27 16:19:07.835 I/SurfaceFlinger( 1409): onHandleDestroyed: name=Surface(name=4871927 NavigationBar_displayId_0)/@0xd8f6004 - animation-leash of insets_animation#25124, layerId=25124, parentId=0
02-27 16:19:07.835 I/Finsky  (28774): [574] Billing preferred account via installer for com.guardianos.shield: [fuhOZDf2U9LhO8poGcB__f1edHfOXdNUDhzfi04dWVM]
02-27 16:19:07.838 I/Finsky  (28774): [572] com.guardianos.shield: Account from first account - [fuhOZDf2U9LhO8poGcB__f1edHfOXdNUDhzfi04dWVM]
02-27 16:19:07.838 I/Finsky  (28774): [572] Billing preferred account via installer for com.guardianos.shield: [fuhOZDf2U9LhO8poGcB__f1edHfOXdNUDhzfi04dWVM]
02-27 16:19:07.840 D/NotificationService--OplusNavigationManager( 2163): Notification--isSuppressedByDriveMode--userId:-1,mode:false
02-27 16:19:07.842 E/LockScreenNotificationDispatcherImp( 2884): updateNotificationListOnKg size:0
02-27 16:19:07.843 I/SystemUi--Notification( 2884): LockScreenNotificationDispatcherImp-->updateNotificationListOnKg resultCode: 0
02-27 16:19:07.843 I/Finsky  (28774): [554] User is not an active Play Pass subscriber
02-27 16:19:07.845 I/BufferQueueDebug( 1409): [Surface(name=4871927 NavigationBar_displayId_0)/@0xd8f6004 - animation-leash of insets_animation#25124](this:0xb4000074416ab9e0,id:-1,api:0,p:-1,c:1409) onDestructor()
02-27 16:19:07.845 I/BufferQueueDebug( 1409): [Surface(name=3193119 StatusBar)/@0x3f323b1 - animation-leash of insets_animation#25123](this:0xb4000074721c89e0,id:-1,api:0,p:-1,c:1409) onDestructor()
02-27 16:19:07.845 D/VRI[MainActivity](14347): Received frameCommittedCallback lastAttemptedDrawFrameNum=2 didProduceBuffer=true syncBuffer=false
02-27 16:19:07.845 D/VRI[MainActivity](14347): draw finished. seqId=0
02-27 16:19:07.845 I/BLASTSyncEngine( 2163): onCommitted syncId: 1583, timeout: falseran: false
02-27 16:19:07.847 D/OplusTransitionAnimationManager( 2163): skipFinishDrawingIfNeed clientRotation=0, currentRotation=0, hasFixedRotationApp=false, requestedOrientation=-1, win=Window{6e168dc u0 com.guardianos.shield/com.guardianos.shield.MainActivity}, activity=ActivityRecord{1f91103 u0 com.guardianos.shield/.MainActivity t6483}, currentConfig={1.0 ??mcc??mnc [es_ES,en_ES] ldltr sw360dp w360dp h745dp 320dpi nrml long port night finger -keyb/v/h -nav/h winConfig={ mBounds=Rect(0, 0 - 720, 1604) mAppBounds=Rect(0, 83 - 720, 1572) mMaxBounds=Rect(0, 0 - 720, 1604) mDisplayRotation=ROTATION_0 mWindowingMode=fullscreen mActivityType=standard mAlwaysOnTop=undefined mRotation=ROTATION_0} as.3 s.2 fontWeightAdjustment=0mThemeChanged= 0, mThemeChangedFlags= 0, mFlipFont= 0, mScenario= 0, mAccessibleChanged= -1, mUxIconConfig= 3468921665126662241, mMaterialColor= 200000003, mUserId= 0, mFontUserId= 0, mFontVariationSettings= 226, mFoldingAngle = -1.0, mIconPackName= , mDarkModeBackgroundMaxL= 0.0, mDarkModeDialogBgMaxL= 27.0, mDarkModeForegroundMinL= 100.0, mOplusConfigType= 1, mOplusChangedConfigs= 0, OpSans= -1, mBurmeseFontFlag= 2, mFlag= 0, mFlexibleActivitySuitable= -1, mPuttDisplayFlag= -1}
02-27 16:19:07.849 I/Osense-BaseDecisionMaker( 2163): notifySceneToAthenaPolicy: SCENE_ACTIVITY_IDLE, bundle: Bundle[{scene=SCENE_ACTIVITY_IDLE}]
02-27 16:19:07.849 I/mtkpower@impl( 1335): [setMode] type:5, enabled:0
02-27 16:19:07.849 I/[UAH_CLIENT]( 1335): UahRelease, handle:88439
02-27 16:19:07.849 I/Osense-BaseDecisionMaker( 2163): OSense not supported scene! SCENE_ACTIVITY_IDLE
02-27 16:19:07.851 I/PowerHalWrapper( 2163): amsBoostStop AMS_BOOST_PACK_SWITCH:true, AMS_BOOST_ACT_SWITCH:false, AMS_BOOST_PROCESS_CREATE:false, AMS_BOOST_PROCESS_CREATE_FOR_GAME:false, AMS_BOOST_HOT_LAUNCH:false 
02-27 16:19:07.851 I/mtkpower@impl( 1335): [mtkPowerHint] hint:22, hold:500, ext:30, ext_hold:1500
02-27 16:19:07.852 I/[UAH_CLIENT]( 1335): UahPlatformResAcquire
02-27 16:19:07.852 I/[UAH_CLIENT]( 1335): UahEventAcquire, cmdid:-3, pkg:1335 0, identity:mtk-powerd
02-27 16:19:07.853 I/[UAH_CLIENT]( 1335): UahRelease, handle:88440
02-27 16:19:07.854 I/[UAH_CLIENT]( 1335): UahPlatformResAcquire
02-27 16:19:07.854 I/[UAH_CLIENT]( 1335): UahEventAcquire, cmdid:-3, pkg:1335 0, identity:mtk-powerd
02-27 16:19:07.861 I/BufferQueueProducer( 1409): [StatusBar#100](this:0xb40000747213c9e0,id:-1,api:0,p:-1,c:1409) queueBuffer: fps=2.54 dur=1182.67 max=818.66 min=149.54
02-27 16:19:07.880 I/InputDispatcher( 2163): updateFocusedWindow, 6e168dc com.guardianos.shield/com.guardianos.shield.MainActivity on display 0, reason: Window became focusable. Previous reason: NOT_VISIBLE, result:   FocusedWindows:
02-27 16:19:07.880 I/InputDispatcher( 2163):     displayId=0, name='6e168dc com.guardianos.shield/com.guardianos.shield.MainActivity'
02-27 16:19:07.881 D/VRI[MainActivity](14347): onFocusEvent true
02-27 16:19:07.882 D/InputMethodManagerService( 2163): isSecurity: attribute.packageName = com.guardianos.shield mCurMethodId = com.google.android.inputmethod.latin/com.android.inputmethod.latin.LatinIME isSecurity = false ( enable = false needShow = false inBlackList = false isExist = true )
02-27 16:19:07.882 I/ImeTracker( 2163): com.guardianos.shield:260799ad: onRequestHide at ORIGIN_SERVER reason HIDE_UNSPECIFIED_WINDOW fromUser false
02-27 16:19:07.882 I/ImeTracker( 2163): com.guardianos.shield:260799ad: onCancelled at PHASE_SERVER_SHOULD_HIDE
02-27 16:19:07.884 I/GoogleInputMethodService( 5589): GoogleInputMethodService.onFinishInput():2113 
02-27 16:19:07.884 V/AutofillInlineSuggestionsRequestSession( 2163): onInputMethodFinishInput() received
02-27 16:19:07.884 V/AutofillInlineSuggestionsRequestSession( 2163): maybeUpdateResponseToImeLocked called
02-27 16:19:07.884 I/Module  ( 5589): DeviceLockedStatusModuleProvider$Module.updateDeviceLockedStatus():103 repeatCheckTimes = 0, locked = false
02-27 16:19:07.884 I/GoogleInputMethodService( 5589): GoogleInputMethodService.onStartInput():1384 onStartInput(EditorInfo{EditorInfo{packageName=com.guardianos.shield, inputType=0, inputTypeString=NULL, enableLearning=false, autoCorrection=false, autoComplete=false, imeOptions=0, privateImeOptions=null, actionName=UNSPECIFIED, actionLabel=null, initialSelStart=-1, initialSelEnd=-1, initialCapsMode=0, label=null, fieldId=0, fieldName=null, extras=Bundle[{com.oplus.im.WINDOW_MODE=1, com.oplus.im.SCENES=0}], hintText=null, hintLocales=[]}}, false)
02-27 16:19:07.884 V/AutofillInlineSuggestionsRequestSession( 2163): onInputMethodStartInput() received on 0
02-27 16:19:07.885 V/AutofillInlineSuggestionsRequestSession( 2163): maybeUpdateResponseToImeLocked called
02-27 16:19:07.885 I/Module  ( 5589): DeviceLockedStatusModuleProvider$Module.updateDeviceLockedStatus():103 repeatCheckTimes = 1, locked = false
02-27 16:19:07.885 D/WindowManager( 2163): setFrameRateStart invalid typeId return!
02-27 16:19:07.886 W/PackageConfigPersister( 2163): App-specific configuration not found for packageName: com.guardianos.shield and userId: 0
02-27 16:19:07.911 I/SurfaceFlinger( 1409): onHandleDestroyed: name=Surface(name=9346eea InputMethod)/@0xd84d4b7 - animation-leash of insets_animation#25127, layerId=25127, parentId=0
02-27 16:19:07.928 I/BufferQueueDebug( 1409): [Surface(name=9346eea InputMethod)/@0xd84d4b7 - animation-leash of insets_animation#25127](this:0xb400007478b1f9e0,id:-1,api:0,p:-1,c:1409) onDestructor()
02-27 16:19:07.937 D/UsageStatsService( 2163): User[0] type=0 b=1772205517935 e=1772205550435 cb=1772146815363 ce=1772205547777 disk=0 all=31
02-27 16:19:07.955 D/OplusFeatureHDREnhanceBrightness( 2163): checkIsPlayingHDR isPlayingHDR=0 rotation=0 whiteApp=false battery=53
02-27 16:19:07.963 W/hwcomposer( 1317): [DRMDEV] paramIsSame(), id 6652, w 720/720, h 1604/1604, pitch 736/736, format 0x1/0x2, secure 0/0  
02-27 16:19:07.978 I/OplusHansManager ( 2163): uid=10335, pkg=network.loki.messenger F enter(), M stay=5
02-27 16:19:07.981 I/OplusHansManager ( 2163): freeze uid: 10335 network.loki.messenger pids: [13953] scene: LcdOn
02-27 16:19:07.981 I/OplusHansManager ( 2163): p_BC uid=10335 pkg=network.loki.messenger
02-27 16:19:07.982 D/IHansComunication( 6452): HANS sendMessageToKernel: threadId = 499390434416, netLinkSetup = 1, type = PKG, targetUid = 10335, pkgCmd = ADD_ONE_UID
02-27 16:19:08.015 I/resRelease( 2163): policy type is 1
02-27 16:19:08.042 D/NotificationService--OplusNavigationManager( 2163): Notification--isSuppressedByDriveMode--userId:-1,mode:false
02-27 16:19:08.059 E/LockScreenNotificationDispatcherImp( 2884): updateNotificationListOnKg size:0
02-27 16:19:08.059 I/SystemUi--Notification( 2884): LockScreenNotificationDispatcherImp-->updateNotificationListOnKg resultCode: 0
02-27 16:19:08.083 D/OplusNotificationDateTimeView( 2884): setTime mSettingTimeMillis 1772205547826, mSettingLocalDateTime 2026-02-27T16:19:00.826
02-27 16:19:08.092 E/LockScreenNotificationDispatcherImp( 2884): updateNotificationListOnKg size:0
02-27 16:19:08.092 I/SystemUi--Notification( 2884): LockScreenNotificationDispatcherImp-->updateNotificationListOnKg resultCode: 0
02-27 16:19:08.127 V/WindowManagerShell( 2884): Transition animation finished (aborted=false), notifying core (#1583) android.os.BinderProxy@b7a75c6@0
02-27 16:19:08.127 W/OplusShellTransition( 2884): RecentsTransitionHandler.getRecentController: no controller found , token=android.os.BinderProxy@b7a75c6
02-27 16:19:08.127 D/SplitScreen-->AppLockManager( 2884): setStartFromSafeControl mStartFromSafeControl=false
02-27 16:19:08.129 D/Transition( 2163): finishTransition ar ActivityRecord{1d19888 u0 com.guardianos.shield/.MainActivity t6483}, isVisibleRequested=false, state=PAUSED, visibleAtTransitionEndTokens={ActivityRecord{1f91103 u0 com.guardianos.shield/.MainActivity t6483}}, this=TransitionRecord{8c9e49d id=1583 track=0 type=OPEN flags=0x0 state=2}
02-27 16:19:08.129 D/ActivityTaskManager( 2163): commitVisibility: ActivityRecord{1d19888 u0 com.guardianos.shield/.MainActivity t6483}: visible=false visibleRequested=false, isInTransition=false, runningAnimation=false 
02-27 16:19:08.129 D/WindowManager( 2163): NFW_setClientVisible:ActivityRecord{1d19888 u0 com.guardianos.shield/.MainActivity t6483} clientVisible:false
02-27 16:19:08.130 D/Transition( 2163): finishTransition ar ActivityRecord{1f91103 u0 com.guardianos.shield/.MainActivity t6483}, isVisibleRequested=true, state=RESUMED, visibleAtTransitionEndTokens={ActivityRecord{1f91103 u0 com.guardianos.shield/.MainActivity t6483}}, this=TransitionRecord{8c9e49d id=1583 track=0 type=OPEN flags=0x0 state=2}
02-27 16:19:08.130 D/VRI[MainActivity](14347): dispatchAppVisibility visible:false
02-27 16:19:08.130 I/OplusAppSwitchManagerService( 2163):  handleAppVisible , r = ActivityRecord{1f91103 u0 com.guardianos.shield/.MainActivity t6483}
02-27 16:19:08.130 D/VRI[MainActivity](14347): visibilityChanged oldVisibility=true newVisibility=false
02-27 16:19:08.130 D/OplusTransitionController( 2163): finishTransition, transition: TransitionRecord{8c9e49d id=1583 track=0 type=OPEN flags=0x0 state=4}
02-27 16:19:08.131 D/TransitionController( 2163): NFW_send RECOMPUTE_FOCUS in finishTransition
02-27 16:19:08.132 D/ShellTaskOrganizer( 2884): onTransitionFinish, isRecent:false
02-27 16:19:08.132 V/WindowManagerShell( 2884): Track 0 became idle
02-27 16:19:08.132 V/WindowManagerShell( 2884): All active transition animations finished
02-27 16:19:08.133 I/PowerHalWrapper( 2163): amsBoostNotify pid:14347,activity:com.guardianos.shield.MainActivity, package:com.guardianos.shield, mProcessCreatePackcom.oplus.wirelesssettings 
02-27 16:19:08.133 I/PowerHalWrapper( 2163): state: 0 
02-27 16:19:08.133 I/mtkpower_client( 2163): [PowerHal_Wrap_notifyAppState] com.guardianos.shield/com.guardianos.shield.MainActivity pid=14347 activityId:30513288 state:0
02-27 16:19:08.133 I/IPCThreadState( 1334): oneway function results for code 2 on binder at 0xb400007c8d6c49a0 will be dropped but finished with status UNKNOWN_TRANSACTION
02-27 16:19:08.133 I/vendor.mediatek.hardware.mtkpower_applist-service.mediatek( 1334): packName: com.guardianos.shield actName: com.guardianos.shield.MainActivity pid: 14347 uid: 10508 state: 0
02-27 16:19:08.133 I/MTK_APPList( 1334): [notifyAPPstate] com.guardianos.shield/com.guardianos.shield.MainActivity, pid=14347, uid=10508, state:PAUSED, fps:60, win:0
02-27 16:19:08.133 I/MTK_APPList( 1334): [notifyAPPstate] multi_resumed_app_count: 0
02-27 16:19:08.133 I/MTK_APPList( 1334): [getForegroundAPPCount] 1
02-27 16:19:08.133 I/MTK_APPList( 1334): [notifyNetdUID] 10508
02-27 16:19:08.134 I/PowerHalWrapper( 2163): amsBoostNotify AMS_BOOST_PROCESS_CREATE_BOOST:false 
02-27 16:19:08.134 I/mtkpower_client( 1334): PowerHal_Wrap_setSysInfo, result:0
02-27 16:19:08.134 I/MTK_APPList( 1334): [notifyPID] 14347
02-27 16:19:08.134 I/mtkpower_client( 1334): PowerHal_Wrap_setSysInfo, result:0
02-27 16:19:08.135 D/WindowManager( 2163): NFW_findFocusedWindowIfNeeded:Window{6e168dc u0 com.guardianos.shield/com.guardianos.shield.MainActivity} mCurrentFocus:Window{6e168dc u0 com.guardianos.shield/com.guardianos.shield.MainActivity}
02-27 16:19:08.135 W/UserManagerService( 2163): Requested status bar icon for non-badged user 0
02-27 16:19:08.136 W/UserManagerService( 2163): Requested status bar icon for non-badged user 0
02-27 16:19:08.137 D/UsageStatsService( 2163): User[0] type=0 b=1772205518136 e=1772205550636 cb=1772146815363 ce=1772205547777 disk=0 all=31
02-27 16:19:08.141 D/HWUI    (14347): RenderProxy::destroy: this=0xb400007c65a3c800, mContext=0xb400007cfaccd080
02-27 16:19:08.141 D/HWUI    (14347): SkiaOpenGLPipeline::setSurface: this=0xb400007c65a28240, surface=NULL
02-27 16:19:08.143 D/ViewRootImplExtImpl(14347): wrapConfigInfoIntoFlags rotation=0, smallestScreenWidthDp=360, relayoutAsync=false, flags=0, newFlags=23592960, residentWS=false, title=com.guardianos.shield/com.guardianos.shield.MainActivity
02-27 16:19:08.144 D/WindowManagerServiceExtImpl( 2163): extractConfigInfoAndRealFlags rotation=0, screenDp=360, residentWS:0, win=Window{6503d60 u0 com.guardianos.shield/com.guardianos.shield.MainActivity}
02-27 16:19:08.144 V/WindowManager( 2163): Relayout Window{6503d60 u0 com.guardianos.shield/com.guardianos.shield.MainActivity}: viewVisibility=8, oldvis=0, req=720x1604, vsysui=
02-27 16:19:08.145 I/SurfaceFlinger( 1409): onHandleDestroyed: name=Transition Root: ActivityRecord{1f91103 u0 com.guardianos.shield/.MainActivity t6483}#25135, layerId=25135, parentId=0
02-27 16:19:08.145 D/WindowManager( 2163): NFW_findFocusedWindowIfNeeded:Window{6e168dc u0 com.guardianos.shield/com.guardianos.shield.MainActivity} mCurrentFocus:Window{6e168dc u0 com.guardianos.shield/com.guardianos.shield.MainActivity}
02-27 16:19:08.146 D/VRI[MainActivity](14347): relayoutWindow result, sizeChanged:false, surfaceControlChanged:true, transformHintChanged:false, mSurfaceSize:Point(720, 1604), mLastSurfaceSize:Point(720, 1604), mWidth:720, mHeight:1604, requestedWidth:720, requestedHeight:1604, transformHint:0, installOrientation:0, displayRotation:0, isSurfaceValid:false, attr.flag:-2122252032, tmpFrames:ClientWindowFrames{frame=[0,0][720,1604] display=[0,0][720,1604] parentFrame=[0,0][0,0]}, relayoutAsync:false, mSyncSeqId:0
02-27 16:19:08.147 D/BLASTBufferQueue(14347): [VRI[MainActivity]#2](f:0,a:4) destructor()
02-27 16:19:08.147 D/BufferQueueConsumer(14347): [VRI[MainActivity]#2(BLAST Consumer)2](id:380b00000002,api:0,p:-1,c:14347) disconnect
02-27 16:19:08.148 D/VRI[MainActivity](14347): setWindowStopped stopped:true
02-27 16:19:08.159 I/WindowManager( 2163): Window{6503d60 u0 com.guardianos.shield/com.guardianos.shield.MainActivity} state from HAS_DRAWN to NO_SURFACE; reason: destroySurface
02-27 16:19:08.160 D/ActivityTaskManager( 2163): Clearing startingData for activity=ActivityRecord{1d19888 u0 com.guardianos.shield/.MainActivity t6483} mStartingData=null mStartingSurface=null
02-27 16:19:08.161 I/BufferQueueDebug( 1409): [Transition Root: ActivityRecord{1f91103 u0 com.guardianos.shield/.MainActivity t6483}#25135](this:0xb40000746dbf49e0,id:-1,api:0,p:-1,c:1409) onDestructor()
02-27 16:19:08.163 I/SurfaceFlinger( 1409): onHandleDestroyed: name=com.guardianos.shield/com.guardianos.shield.MainActivity#25122, layerId=25122, parentId=0
02-27 16:19:08.178 I/BufferQueueDebug( 1409): [com.guardianos.shield/com.guardianos.shield.MainActivity#25122](this:0xb400007478c989e0,id:-1,api:0,p:-1,c:1409) onDestructor()
02-27 16:19:08.337 D/UsageStatsService( 2163): User[0] type=0 b=1772205518336 e=1772205550836 cb=1772146815363 ce=1772205548159 disk=0 all=32
02-27 16:19:08.354 I/mtkpower@impl( 1335): [powerd_req] TIMER_MSG_PERF_LOCK_TIMEOUT hdl:94294
02-27 16:19:08.354 I/[UAH_CLIENT]( 1335): UahRelease, handle:88442
02-27 16:19:08.430 W/ActivityManager( 2163): Foreground service started from background can not have location/camera/microphone access: service org.torproject.android/.service.OrbotService
02-27 16:19:08.432 I/SystemUi--QuickSettings( 2884): OplusFgsManagerController-->onForegroundStateChanged: org.torproject.android 0 true 7
02-27 16:19:08.432 I/SystemUi--QuickSettings( 2884): OplusFgsManagerController-->onForegroundStateChanged numPackagesAfter: 7
02-27 16:19:08.437 D/NotificationService--NotificationRecord( 2163): isSupportRearLight , isRearLight = false mLedRM = false isMultilLed = false
02-27 16:19:08.439 I/OplusStatusBarManagerServiceEnhance( 2163):  getTopIsFullscreen mTopIsFullscreen: false
02-27 16:19:08.440 D/NotificationService--OplusNotificationManagerServiceExtImpl( 2163): isForwardToAssistants: true, case : Is local notification
02-27 16:19:08.440 D/NotificationService( 2163): This application enqueue notifications is need postDelayed mcsAssistantDelayTime: 200
02-27 16:19:08.445 D/VRR [OTI]( 1409): handleIdle from 0 to 1
02-27 16:19:08.446 D/VRR [OTI-HW]( 1409): isStateReady 0
02-27 16:19:08.446 D/VRR [OTI-HW]( 1409): rate range: min {id=0, hwcId=0, resolution=720x1604, vsyncRate=60.00 Hz, dpi=263.51x263.51, group=0, vrrConfig=N/A} cur {id=0, hwcId=0, resolution=720x1604, vsyncRate=60.00 Hz, dpi=263.51x263.51, group=0, vrrConfig=N/A} max {id=0, hwcId=0, resolution=720x1604, vsyncRate=60.00 Hz, dpi=263.51x263.51, group=0, vrrConfig=N/A}
02-27 16:19:08.446 D/VRR [OTI-HW]( 1409): keep rate.
02-27 16:19:08.460 D/CommonApp-115-10508( 3191): transport layer data is invalid
02-27 16:19:08.461 D/NotificationService--OplusNavigationManager( 2163): Notification--isSuppressedByDriveMode--userId:-1,mode:false
02-27 16:19:08.465 D/NotificationService--OplusNavigationManager( 2163): Notification--isSuppressedByDriveMode--userId:-1,mode:false
02-27 16:19:08.468 D/NotificationService--OplusNavigationManager( 2163): Notification--isSuppressedByDriveMode--userId:-1,mode:false
02-27 16:19:08.479 E/LockScreenNotificationDispatcherImp( 2884): updateNotificationListOnKg size:0
02-27 16:19:08.480 I/SystemUi--Notification( 2884): LockScreenNotificationDispatcherImp-->updateNotificationListOnKg resultCode: 0
02-27 16:19:08.531 D/charge_time( 1347): write 19288s(05:21:28) to ttf, rc=7
02-27 16:19:08.532 D/charge_time( 1347): type=sdp,reserve_soc=0,soc=53,ui_soc=53,current=332,avg=269,not_chg_cnt=0,stable_cnt=7,fcc=5068,fcc_ratio=106,delta=70,debug=0,region=16,ttf=30582(08:29:42),ui_ttf=19288(05:21:28)
02-27 16:19:08.540 D/UsageStatsService( 2163): User[0] type=0 b=1772205518536 e=1772205551036 cb=1772146815363 ce=1772205548159 disk=0 all=32
02-27 16:19:08.560 D/OplusNotificationDateTimeView( 2884): setTime mSettingTimeMillis 1772064506283, mSettingLocalDateTime 2026-02-26T01:08:00.283
02-27 16:19:08.590 D/OplusNotificationDateTimeView( 2884): setTime mSettingTimeMillis 1772064506283, mSettingLocalDateTime 2026-02-26T01:08:00.283
02-27 16:19:08.600 D/UsageStatsService( 2163): User[0] type=0 b=1772205543596 e=1772205548596 cb=1772146815363 ce=1772205548159 disk=0 all=137
02-27 16:19:08.633 E/LockScreenNotificationDispatcherImp( 2884): updateNotificationListOnKg size:0
02-27 16:19:08.633 I/SystemUi--Notification( 2884): LockScreenNotificationDispatcherImp-->updateNotificationListOnKg resultCode: 0
02-27 16:19:08.741 D/UsageStatsService( 2163): User[0] type=0 b=1772205518737 e=1772205551237 cb=1772146815363 ce=1772205548159 disk=0 all=26
02-27 16:19:08.829 I/BufferQueueProducer( 1409): [com.guardianos.shield/com.guardianos.shield.MainActivity#25132](this:0xb400007478b289e0,id:-1,api:0,p:-1,c:1409) queueBuffer: fps=58.97 dur=1000.49 max=32.58 min=15.57
02-27 16:19:08.839 D/OplusScrollToTopManager(14347): com.guardianos.shield/com.guardianos.shield.MainActivity,This com.android.internal.policy.DecorView{1a2b6bd I.E...... R.....ID 0,0-720,1604 aid=1 alpha=1.0 viewInfo = }[MainActivity] change focus to false
02-27 16:19:08.881 D/OplusScrollToTopManager(14347): com.guardianos.shield/com.guardianos.shield.MainActivity,This com.android.internal.policy.DecorView{86ab265 V.E...... R....... 0,0-720,1604 aid=2 alpha=1.0 viewInfo = }[MainActivity] change focus to true
02-27 16:19:08.899 D/HWUI    (14543): RenderThread::destroyRenderingContext: this=0xb400007cc3b38e00
02-27 16:19:08.927 V/AlarmManager( 2163): sending alarm Alarm{108b928 type 2 origWhen 141307398 whenElapsed 141307398 android} uid 1000 whenElapsed 141307398 windowLength 0 maxWhenElapsed 141307398 repeatInterval 0 action null component null tag NETWORK_LINGER_COMPLETE.115 flags 0x9 procName system_server
02-27 16:19:08.928 D/ConnectivityService( 2163): handleLingerComplete for [115 WIFI]
02-27 16:19:08.942 D/UsageStatsService( 2163): User[0] type=0 b=1772205518938 e=1772205551438 cb=1772146815363 ce=1772205548159 disk=0 all=24
02-27 16:19:08.949 W/BluetoothAdapterExtImpl( 2163): oplusBluetoothAdapter getBluetoothMonitorReport null!
02-27 16:19:08.950 E/LinkPower( 2163): [NetlinkLinkPower] failed to send type:201 to kernel, genl fd or family id is invalid!
02-27 16:19:08.950 E/LinkPower( 2163): [NetlinkLinkPower] failed to send type:501 to kernel, genl fd or family id is invalid!
02-27 16:19:08.950 E/LinkPower( 2163): [NetlinkLinkPower] failed to send type:1 to kernel, genl fd or family id is invalid!
02-27 16:19:08.950 I/LinkPower( 2163): [MonitorService] update scene:S_ON name:wifi_sta_conn_primary mr:{d=173459, t={android.uid.system=173459}}
02-27 16:19:08.950 I/LinkPower( 2163): [MonitorService] update scene:S_ON name:data_request_on_wifi mr:{d=173459, t={com.alibaba.aliexpresshd=50451}}
02-27 16:19:08.956 I/LinkPower( 2163): [JudgeRule] name:freeze JudgeRule info RuleID 1 Name freeze ActionName data_app_request_freeze PriorityID 20 TimeGap 0
02-27 16:19:08.956 I/LinkPower( 2163): [JudgeRule] name:freeze finalCheckAction scene is 1001
02-27 16:19:08.956 I/LinkPower( 2163): [JudgeCommSceneProcess] commInfo mRusTimeInfo is 300 mSceneState is 1 mActiveFlag is 0 runTime is 0
02-27 16:19:08.956 I/LinkPower( 2163): [JudgeRule] name:freeze finalCheckAction TIME_UNSATISFY
02-27 16:19:08.956 E/LinkPower( 2163): [JudgeMonitorProcess] failed to deleteLastRecord, mMonitorRecordAccumulate is empty!
02-27 16:19:08.956 E/LinkPower( 2163): [JudgeMonitorProcess] failed to deleteLastRecord, mMonitorRecordAccumulate is empty!
02-27 16:19:08.956 I/LinkPower( 2163): [JudgeRule] name:freeze finalCheckAction resule ruleState: false commSeceneFlag: 0 monitorFlag: 0
02-27 16:19:08.983 D/IHansComunication( 6452): HANS sendMessageToKernel: threadId = 499390434416, netLinkSetup = 1, type = FROZEN_TRANS, targetUid = 10335, pkgCmd = PKG_CMD_MAX
02-27 16:19:09.061 I/LinkPower( 2163): [MonitorLeafBpfWakeup] Origin WakeupInfoMain Diff:173s InWakeup:null OutWakeup:null WakeupDuration(ms):null
02-27 16:19:09.061 I/LinkPower( 2163): [MonitorLeafBpfWakeup] Origin WakeupInfoDetails Diff:173s OutImHbWakeup:null OutAlignWakeup:null InKeepWakeup:null ReInWakeup:null ReOutWakeup:null
02-27 16:19:09.143 D/UsageStatsService( 2163): User[0] type=0 b=1772205519139 e=1772205551639 cb=1772146815363 ce=1772205548159 disk=0 all=24
02-27 16:19:09.172 D/CoexRfService( 3260): report RRC state:true
02-27 16:19:09.219 D/OplusWifiPower_TriggerCenter( 2163): mComponentCallback: wifistat
02-27 16:19:09.220 D/VendorWifiService( 3260): onEvent event:9,action:1
02-27 16:19:09.245 I/BufferQueueProducer( 1409): [StatusBar#100](this:0xb40000747213c9e0,id:-1,api:0,p:-1,c:1409) queueBuffer: fps=3.61 dur=1384.75 max=583.61 min=33.33
02-27 16:19:09.287 D/vendor.oplus.hardware.charger-V6-service( 1347): ret_value:157, read content:,258,335,3931,3914,-332,500,2200,53,53,1,4,487,4867,53,1,0,1,1,0,0,4470,0,0,0,4,0,0,0,-2740,0,1,1,0,0,41,41,41,0,0,0,0,0,0,0,0,0,0,4,0,1,0,100,0,0,0,0,0,0,0
02-27 16:19:09.287 D/vendor.oplus.hardware.charger-V6-service( 1347): gmtime: 2026-02-27-16-19-09
02-27 16:19:09.288 D/vendor.oplus.hardware.charger-V6-service( 1347): usb_online:1, ac_online:0, wireless_online:-2147483648
02-27 16:19:09.343 D/UsageStatsService( 2163): User[0] type=0 b=1772205519338 e=1772205551838 cb=1772146815363 ce=1772205548159 disk=0 all=24
02-27 16:19:09.356 I/mtkpower@impl( 1335): [powerd_req] TIMER_MSG_PERF_LOCK_TIMEOUT hdl:94295
02-27 16:19:09.357 I/[UAH_CLIENT]( 1335): UahRelease, handle:-1
02-27 16:19:09.438 D/HWUI    (14516): RenderThread::destroyRenderingContext: this=0xb400007d06b6e580
02-27 16:19:09.441 W/ActivityManager( 2163): Foreground service started from background can not have location/camera/microphone access: service org.torproject.android/.service.OrbotService
02-27 16:19:09.442 I/SystemUi--QuickSettings( 2884): OplusFgsManagerController-->onForegroundStateChanged: org.torproject.android 0 true 7
02-27 16:19:09.442 I/SystemUi--QuickSettings( 2884): OplusFgsManagerController-->onForegroundStateChanged numPackagesAfter: 7
02-27 16:19:09.448 D/NotificationService--NotificationRecord( 2163): isSupportRearLight , isRearLight = false mLedRM = false isMultilLed = false
02-27 16:19:09.451 I/OplusStatusBarManagerServiceEnhance( 2163):  getTopIsFullscreen mTopIsFullscreen: false
02-27 16:19:09.453 D/NotificationService--OplusNotificationManagerServiceExtImpl( 2163): isForwardToAssistants: true, case : Is local notification
02-27 16:19:09.453 D/NotificationService( 2163): This application enqueue notifications is need postDelayed mcsAssistantDelayTime: 200
02-27 16:19:09.455 D/AppSwitchObserverHelper( 5667): packageName: com.guardianos.shield,com.android.launcher
02-27 16:19:09.473 D/NotificationService--OplusNavigationManager( 2163): Notification--isSuppressedByDriveMode--userId:-1,mode:false
02-27 16:19:09.476 D/NotificationService--OplusNavigationManager( 2163): Notification--isSuppressedByDriveMode--userId:-1,mode:false
02-27 16:19:09.481 D/NotificationService--OplusNavigationManager( 2163): Notification--isSuppressedByDriveMode--userId:-1,mode:false
02-27 16:19:09.484 D/CommonApp-115-10508( 3191): transport layer data is invalid
02-27 16:19:09.495 E/LockScreenNotificationDispatcherImp( 2884): updateNotificationListOnKg size:0
02-27 16:19:09.495 I/SystemUi--Notification( 2884): LockScreenNotificationDispatcherImp-->updateNotificationListOnKg resultCode: 0
02-27 16:19:09.535 D/charge_time( 1347): type=sdp,reserve_soc=0,soc=53,ui_soc=53,current=223,avg=245,not_chg_cnt=0,stable_cnt=7,fcc=5068,fcc_ratio=106,delta=71,debug=0,region=16,ttf=33583(09:19:43),ui_ttf=19287(05:21:27)
02-27 16:19:09.542 D/OplusNotificationDateTimeView( 2884): setTime mSettingTimeMillis 1772064506283, mSettingLocalDateTime 2026-02-26T01:08:00.283
02-27 16:19:09.543 D/UsageStatsService( 2163): User[0] type=0 b=1772205519539 e=1772205552039 cb=1772146815363 ce=1772205548159 disk=0 all=24
02-27 16:19:09.564 D/OplusNotificationDateTimeView( 2884): setTime mSettingTimeMillis 1772064506283, mSettingLocalDateTime 2026-02-26T01:08:00.283
02-27 16:19:09.600 E/LockScreenNotificationDispatcherImp( 2884): updateNotificationListOnKg size:0
02-27 16:19:09.600 I/SystemUi--Notification( 2884): LockScreenNotificationDispatcherImp-->updateNotificationListOnKg resultCode: 0
02-27 16:19:09.647 D/ConfigListManager( 6611): we take a gc.
02-27 16:19:09.691 I/ficationmanager( 6611): Explicit concurrent mark compact GC freed 184KB AllocSpace bytes, 0(0B) LOS objects, 52% free, 1847KB/3895KB, paused 898us,3.561ms total 43.681ms
02-27 16:19:09.732 I/ficationmanager( 6611): Explicit concurrent mark compact GC freed 108KB AllocSpace bytes, 0(0B) LOS objects, 52% free, 1835KB/3883KB, paused 861us,2.727ms total 38.219ms
02-27 16:19:09.742 D/UsageStatsService( 2163): User[0] type=0 b=1772205519740 e=1772205552240 cb=1772146815363 ce=1772205548159 disk=0 all=24
02-27 16:19:09.829 I/BufferQueueProducer( 1409): [com.guardianos.shield/com.guardianos.shield.MainActivity#25132](this:0xb400007478b289e0,id:-1,api:0,p:-1,c:1409) queueBuffer: fps=60.00 dur=1000.04 max=17.14 min=15.99
02-27 16:19:09.942 D/UsageStatsService( 2163): User[0] type=0 b=1772205519940 e=1772205552440 cb=1772146815363 ce=1772205548159 disk=0 all=24
02-27 16:19:10.062 I/OplusHansManager ( 2163): uid=10346, pkg=com.whatsapp F enter(), M stay=10
02-27 16:19:10.069 I/OplusHansManager ( 2163): freeze uid: 10346 com.whatsapp pids: [8373] scene: LcdOn
02-27 16:19:10.070 I/OplusHansManager ( 2163): p_BC uid=10346 pkg=com.whatsapp
02-27 16:19:10.070 I/OplusBinderProxy( 2163): proxyBinder uid: 10346 pkg: com.whatsapp proxy: true calling: OFreezer
02-27 16:19:10.071 D/IHansComunication( 6452): HANS sendMessageToKernel: threadId = 499390434416, netLinkSetup = 1, type = PKG, targetUid = 10346, pkgCmd = ADD_ONE_UID
02-27 16:19:10.144 D/UsageStatsService( 2163): User[0] type=0 b=1772205520140 e=1772205552640 cb=1772146815363 ce=1772205548159 disk=0 all=24
02-27 16:19:10.346 D/UsageStatsService( 2163): User[0] type=0 b=1772205520341 e=1772205552841 cb=1772146815363 ce=1772205548159 disk=0 all=24
02-27 16:19:10.360 D/vendor.oplus.hardware.charger-V6-service( 1347): get_ui_charge_icon_type 0 0 0 0 0
02-27 16:19:10.363 D/vendor.oplus.hardware.charger-V6-service( 1347): oplus_chg_get_cpa_power 2500 charge_online 1 retention_topic 0
02-27 16:19:10.383 D/vendor.oplus.hardware.charger-V6-service( 1347): get_ui_charge_icon_type 0 0 0 0 0
02-27 16:19:10.386 D/vendor.oplus.hardware.charger-V6-service( 1347): oplus_chg_get_cpa_power 2500 charge_online 1 retention_topic 0
02-27 16:19:10.401 D/vendor.oplus.hardware.charger-V6-service( 1347): get_ui_charge_icon_type 0 0 0 0 0
02-27 16:19:10.404 D/vendor.oplus.hardware.charger-V6-service( 1347): oplus_chg_get_cpa_power 2500 charge_online 1 retention_topic 0
02-27 16:19:10.408 E/TetherController( 1291): property_get sys.radio.data.modem_share_flag return 0, 1!
02-27 16:19:10.422 D/vendor.oplus.hardware.charger-V6-service( 1347): get_ui_charge_icon_type 0 0 0 0 0
02-27 16:19:10.424 D/vendor.oplus.hardware.charger-V6-service( 1347): oplus_chg_get_cpa_power 2500 charge_online 1 retention_topic 0
02-27 16:19:10.434 W/ActivityManager( 2163): Foreground service started from background can not have location/camera/microphone access: service org.torproject.android/.service.OrbotService
02-27 16:19:10.436 I/SystemUi--QuickSettings( 2884): OplusFgsManagerController-->onForegroundStateChanged: org.torproject.android 0 true 7
02-27 16:19:10.436 I/SystemUi--QuickSettings( 2884): OplusFgsManagerController-->onForegroundStateChanged numPackagesAfter: 7
02-27 16:19:10.441 D/NotificationService--NotificationRecord( 2163): isSupportRearLight , isRearLight = false mLedRM = false isMultilLed = false
02-27 16:19:10.443 I/OplusStatusBarManagerServiceEnhance( 2163):  getTopIsFullscreen mTopIsFullscreen: false
02-27 16:19:10.445 D/NotificationService--OplusNotificationManagerServiceExtImpl( 2163): isForwardToAssistants: true, case : Is local notification
02-27 16:19:10.445 D/NotificationService( 2163): This application enqueue notifications is need postDelayed mcsAssistantDelayTime: 200
02-27 16:19:10.461 D/NotificationService--OplusNavigationManager( 2163): Notification--isSuppressedByDriveMode--userId:-1,mode:false
02-27 16:19:10.464 D/NotificationService--OplusNavigationManager( 2163): Notification--isSuppressedByDriveMode--userId:-1,mode:false
02-27 16:19:10.479 E/LockScreenNotificationDispatcherImp( 2884): updateNotificationListOnKg size:0
02-27 16:19:10.479 I/SystemUi--Notification( 2884): LockScreenNotificationDispatcherImp-->updateNotificationListOnKg resultCode: 0
02-27 16:19:10.508 D/CommonApp-115-10508( 3191): transport layer data is invalid
02-27 16:19:10.513 I/BufferQueueProducer( 1409): [StatusBar#100](this:0xb40000747213c9e0,id:-1,api:0,p:-1,c:1409) queueBuffer: fps=2.37 dur=1267.61 max=884.84 min=116.51
02-27 16:19:10.538 D/charge_time( 1347): type=sdp,reserve_soc=0,soc=53,ui_soc=53,current=244,avg=267,not_chg_cnt=0,stable_cnt=7,fcc=5068,fcc_ratio=106,delta=72,debug=0,region=16,ttf=30810(08:33:30),ui_ttf=19286(05:21:26)
02-27 16:19:10.543 D/OplusNotificationDateTimeView( 2884): setTime mSettingTimeMillis 1772064506283, mSettingLocalDateTime 2026-02-26T01:08:00.283
02-27 16:19:10.546 D/UsageStatsService( 2163): User[0] type=0 b=1772205520542 e=1772205553042 cb=1772146815363 ce=1772205548159 disk=0 all=24
02-27 16:19:10.575 D/OplusNotificationDateTimeView( 2884): setTime mSettingTimeMillis 1772064506283, mSettingLocalDateTime 2026-02-26T01:08:00.283
02-27 16:19:10.613 D/UsageStatsService( 2163): User[0] type=0 b=1772205545608 e=1772205550608 cb=1772146815363 ce=1772205548159 disk=0 all=137
02-27 16:19:10.626 E/LockScreenNotificationDispatcherImp( 2884): updateNotificationListOnKg size:0
02-27 16:19:10.627 I/SystemUi--Notification( 2884): LockScreenNotificationDispatcherImp-->updateNotificationListOnKg resultCode: 0
02-27 16:19:10.747 D/UsageStatsService( 2163): User[0] type=0 b=1772205520742 e=1772205553242 cb=1772146815363 ce=1772205548159 disk=0 all=22
02-27 16:19:10.851 D/AES     ( 2163): AEEIOCTL_GET/SET_SF_STATE IOCTL,cmd= 1074294797, lParam=0. 
02-27 16:19:10.852 D/AES     ( 2163): AEEIOCTL_RT_MON_Kick IOCTL,cmd= 2147774474, lParam=300. 
02-27 16:19:10.946 D/UsageStatsService( 2163): User[0] type=0 b=1772205520942 e=1772205553442 cb=1772146815363 ce=1772205548159 disk=0 all=22
02-27 16:19:11.073 D/IHansComunication( 6452): HANS sendMessageToKernel: threadId = 499390434416, netLinkSetup = 1, type = FROZEN_TRANS, targetUid = 10346, pkgCmd = PKG_CMD_MAX
02-27 16:19:11.147 D/UsageStatsService( 2163): User[0] type=0 b=1772205521142 e=1772205553642 cb=1772146815363 ce=1772205548159 disk=0 all=22
02-27 16:19:11.197 W/om.oplus.melody(14609): userfaultfd: MOVE ioctl seems unsupported: Connection timed out
02-27 16:19:11.204 E/md_thermal( 1676): interval=40 temp: 30700 28200 27100 27800
02-27 16:19:11.214 I/BpBinder(14609): onLastStrongRef automatically unlinking death recipients: 
02-27 16:19:11.242 D/VendorWifiService( 3260): onEvent event:9,action:1
02-27 16:19:11.347 D/UsageStatsService( 2163): User[0] type=0 b=1772205521342 e=1772205553842 cb=1772146815363 ce=1772205548159 disk=0 all=22
02-27 16:19:11.436 W/ActivityManager( 2163): Foreground service started from background can not have location/camera/microphone access: service org.torproject.android/.service.OrbotService
02-27 16:19:11.438 I/SystemUi--QuickSettings( 2884): OplusFgsManagerController-->onForegroundStateChanged: org.torproject.android 0 true 7
02-27 16:19:11.439 I/SystemUi--QuickSettings( 2884): OplusFgsManagerController-->onForegroundStateChanged numPackagesAfter: 7
02-27 16:19:11.442 D/NotificationService--NotificationRecord( 2163): isSupportRearLight , isRearLight = false mLedRM = false isMultilLed = false
02-27 16:19:11.445 I/OplusStatusBarManagerServiceEnhance( 2163):  getTopIsFullscreen mTopIsFullscreen: false
02-27 16:19:11.446 D/NotificationService--OplusNotificationManagerServiceExtImpl( 2163): isForwardToAssistants: true, case : Is local notification
02-27 16:19:11.446 D/NotificationService( 2163): This application enqueue notifications is need postDelayed mcsAssistantDelayTime: 200
02-27 16:19:11.467 D/NotificationService--OplusNavigationManager( 2163): Notification--isSuppressedByDriveMode--userId:-1,mode:false
02-27 16:19:11.470 D/NotificationService--OplusNavigationManager( 2163): Notification--isSuppressedByDriveMode--userId:-1,mode:false
02-27 16:19:11.478 E/LockScreenNotificationDispatcherImp( 2884): updateNotificationListOnKg size:0
02-27 16:19:11.478 I/SystemUi--Notification( 2884): LockScreenNotificationDispatcherImp-->updateNotificationListOnKg resultCode: 0
02-27 16:19:11.521 D/OplusNotificationDateTimeView( 2884): setTime mSettingTimeMillis 1772064506283, mSettingLocalDateTime 2026-02-26T01:08:00.283
02-27 16:19:11.535 D/CommonApp-115-10508( 3191): transport layer data is invalid
02-27 16:19:11.541 D/charge_time( 1347): type=sdp,reserve_soc=0,soc=53,ui_soc=53,current=230,avg=241,not_chg_cnt=0,stable_cnt=7,fcc=5068,fcc_ratio=106,delta=73,debug=0,region=16,ttf=34140(09:29:00),ui_ttf=19285(05:21:25)
02-27 16:19:11.546 D/UsageStatsService( 2163): User[0] type=0 b=1772205521542 e=1772205554042 cb=1772146815363 ce=1772205548159 disk=0 all=22
02-27 16:19:11.556 D/OplusNotificationDateTimeView( 2884): setTime mSettingTimeMillis 1772064506283, mSettingLocalDateTime 2026-02-26T01:08:00.283
02-27 16:19:11.607 E/LockScreenNotificationDispatcherImp( 2884): updateNotificationListOnKg size:0
02-27 16:19:11.608 I/SystemUi--Notification( 2884): LockScreenNotificationDispatcherImp-->updateNotificationListOnKg resultCode: 0
02-27 16:19:11.645 I/BufferQueueProducer( 1409): [StatusBar#100](this:0xb40000747213c9e0,id:-1,api:0,p:-1,c:1409) queueBuffer: fps=3.54 dur=1131.50 max=582.60 min=133.09
02-27 16:19:11.747 D/UsageStatsService( 2163): User[0] type=0 b=1772205521742 e=1772205554242 cb=1772146815363 ce=1772205548159 disk=0 all=21
02-27 16:19:11.947 D/UsageStatsService( 2163): User[0] type=0 b=1772205521942 e=1772205554442 cb=1772146815363 ce=1772205548159 disk=0 all=21
02-27 16:19:11.958 D/CommonApp-115-10508( 3191): DefaultState EVENT_SCENARIOS_CHANGE
02-27 16:19:11.958 D/CommonApp-115-10508( 3191): scene=COMMON pn=com.guardianos.shield
02-27 16:19:12.147 D/UsageStatsService( 2163): User[0] type=0 b=1772205522142 e=1772205554642 cb=1772146815363 ce=1772205548159 disk=0 all=21
02-27 16:19:12.180 D/CoexRfService( 3260): report RRC state:true
02-27 16:19:12.347 D/UsageStatsService( 2163): User[0] type=0 b=1772205522342 e=1772205554842 cb=1772146815363 ce=1772205548159 disk=0 all=21
02-27 16:19:12.437 W/ActivityManager( 2163): Foreground service started from background can not have location/camera/microphone access: service org.torproject.android/.service.OrbotService
02-27 16:19:12.439 I/SystemUi--QuickSettings( 2884): OplusFgsManagerController-->onForegroundStateChanged: org.torproject.android 0 true 7
02-27 16:19:12.439 I/SystemUi--QuickSettings( 2884): OplusFgsManagerController-->onForegroundStateChanged numPackagesAfter: 7
02-27 16:19:12.444 D/NotificationService--NotificationRecord( 2163): isSupportRearLight , isRearLight = false mLedRM = false isMultilLed = false
02-27 16:19:12.446 I/OplusStatusBarManagerServiceEnhance( 2163):  getTopIsFullscreen mTopIsFullscreen: false
02-27 16:19:12.448 D/NotificationService--OplusNotificationManagerServiceExtImpl( 2163): isForwardToAssistants: true, case : Is local notification
02-27 16:19:12.448 D/NotificationService( 2163): This application enqueue notifications is need postDelayed mcsAssistantDelayTime: 200
02-27 16:19:12.465 D/NotificationService--OplusNavigationManager( 2163): Notification--isSuppressedByDriveMode--userId:-1,mode:false
02-27 16:19:12.468 D/NotificationService--OplusNavigationManager( 2163): Notification--isSuppressedByDriveMode--userId:-1,mode:false
02-27 16:19:12.479 E/LockScreenNotificationDispatcherImp( 2884): updateNotificationListOnKg size:0
02-27 16:19:12.479 I/SystemUi--Notification( 2884): LockScreenNotificationDispatcherImp-->updateNotificationListOnKg resultCode: 0
02-27 16:19:12.542 D/OplusNotificationDateTimeView( 2884): setTime mSettingTimeMillis 1772064506283, mSettingLocalDateTime 2026-02-26T01:08:00.283
02-27 16:19:12.544 D/charge_time( 1347): type=sdp,reserve_soc=0,soc=53,ui_soc=53,current=321,avg=270,not_chg_cnt=0,stable_cnt=7,fcc=5068,fcc_ratio=106,delta=74,debug=0,region=16,ttf=30465(08:27:45),ui_ttf=19284(05:21:24)
02-27 16:19:12.547 D/UsageStatsService( 2163): User[0] type=0 b=1772205522542 e=1772205555042 cb=1772146815363 ce=1772205548159 disk=0 all=21
02-27 16:19:12.556 D/CommonApp-115-10508( 3191): transport layer data is invalid
02-27 16:19:12.573 D/OplusNotificationDateTimeView( 2884): setTime mSettingTimeMillis 1772064506283, mSettingLocalDateTime 2026-02-26T01:08:00.283
02-27 16:19:12.624 E/LockScreenNotificationDispatcherImp( 2884): updateNotificationListOnKg size:0
02-27 16:19:12.625 I/SystemUi--Notification( 2884): LockScreenNotificationDispatcherImp-->updateNotificationListOnKg resultCode: 0
02-27 16:19:12.629 D/UsageStatsService( 2163): User[0] type=0 b=1772205547624 e=1772205552624 cb=1772146815363 ce=1772205548159 disk=0 all=137
02-27 16:19:12.678 I/BufferQueueProducer( 1409): [StatusBar#100](this:0xb40000747213c9e0,id:-1,api:0,p:-1,c:1409) queueBuffer: fps=1.94 dur=1033.44 max=867.84 min=165.59
02-27 16:19:12.747 D/UsageStatsService( 2163): User[0] type=0 b=1772205522742 e=1772205555242 cb=1772146815363 ce=1772205548159 disk=0 all=21
02-27 16:19:12.947 D/UsageStatsService( 2163): User[0] type=0 b=1772205522942 e=1772205555442 cb=1772146815363 ce=1772205548159 disk=0 all=21
02-27 16:19:12.981 I/oplus_theia( 1669): Waiting for OCenterService
02-27 16:19:13.147 D/UsageStatsService( 2163): User[0] type=0 b=1772205523143 e=1772205555643 cb=1772146815363 ce=1772205548159 disk=0 all=21
02-27 16:19:13.264 D/OplusWifiPower_TriggerCenter( 2163): mComponentCallback: wifistat
02-27 16:19:13.265 D/VendorWifiService( 3260): onEvent event:9,action:1
02-27 16:19:13.266 D/WifiStatusTracker( 2884): mNetworkCallback onCapabilitiesChanged network:115 mPrimaryNetworkId:115
02-27 16:19:13.269 D/WifiPickerTracker( 2884): handleNetworkCapabilitiesChanged network:115
02-27 16:19:13.271 D/SystemNetworkObserver( 2163): wifi network 115 nc changed, primary=true
02-27 16:19:13.271 D/SystemNetworkObserver( 2163): default network nc changed 115
02-27 16:19:13.277 I/WifiPickerTracker( 2884): wifi connected status realConnectedWifiEntry not null: true
02-27 16:19:13.277 I/SystemUi--Statusbar( 2884): NetworkController.WifiSignalController-->handleStatusUpdated state=3 enabled=true connected=true isDefaultNetwork=true rssi=-81 level=2 statusLabel=null isDirty=false
02-27 16:19:13.298 I/NullBinder(17883): NullBinder for android.net.action.RECOMMEND_NETWORKS triggering remote TransactionTooLargeException due to Service without Chimera impl, calling uid: 1000, calling pid: 0
02-27 16:19:13.298 W/.gms.persistent(17883): Large reply transaction of 2113536 bytes, interface descriptor , code 1
02-27 16:19:13.320 I/NullBinder(17883): NullBinder for android.net.action.RECOMMEND_NETWORKS triggering remote TransactionTooLargeException due to Service without Chimera impl, calling uid: 1000, calling pid: 0
02-27 16:19:13.321 W/.gms.persistent(17883): Large reply transaction of 2113536 bytes, interface descriptor , code 1
02-27 16:19:13.348 D/UsageStatsService( 2163): User[0] type=0 b=1772205523343 e=1772205555843 cb=1772146815363 ce=1772205548159 disk=0 all=21
02-27 16:19:13.441 W/ActivityManager( 2163): Foreground service started from background can not have location/camera/microphone access: service org.torproject.android/.service.OrbotService
02-27 16:19:13.443 I/SystemUi--QuickSettings( 2884): OplusFgsManagerController-->onForegroundStateChanged: org.torproject.android 0 true 7
02-27 16:19:13.445 I/SystemUi--QuickSettings( 2884): OplusFgsManagerController-->onForegroundStateChanged numPackagesAfter: 7
02-27 16:19:13.448 D/NotificationService--NotificationRecord( 2163): isSupportRearLight , isRearLight = false mLedRM = false isMultilLed = false
02-27 16:19:13.450 I/OplusStatusBarManagerServiceEnhance( 2163):  getTopIsFullscreen mTopIsFullscreen: false
02-27 16:19:13.452 D/NotificationService--OplusNotificationManagerServiceExtImpl( 2163): isForwardToAssistants: true, case : Is local notification
02-27 16:19:13.452 D/NotificationService( 2163): This application enqueue notifications is need postDelayed mcsAssistantDelayTime: 200
02-27 16:19:13.471 D/NotificationService--OplusNavigationManager( 2163): Notification--isSuppressedByDriveMode--userId:-1,mode:false
02-27 16:19:13.474 D/NotificationService--OplusNavigationManager( 2163): Notification--isSuppressedByDriveMode--userId:-1,mode:false
02-27 16:19:13.496 E/LockScreenNotificationDispatcherImp( 2884): updateNotificationListOnKg size:0
02-27 16:19:13.496 I/SystemUi--Notification( 2884): LockScreenNotificationDispatcherImp-->updateNotificationListOnKg resultCode: 0
02-27 16:19:13.547 D/charge_time( 1347): write 19283s(05:21:23) to ttf, rc=7
02-27 16:19:13.547 D/charge_time( 1347): type=sdp,reserve_soc=0,soc=53,ui_soc=53,current=353,avg=274,not_chg_cnt=0,stable_cnt=7,fcc=5068,fcc_ratio=106,delta=75,debug=0,region=16,ttf=30018(08:20:18),ui_ttf=19283(05:21:23)
02-27 16:19:13.548 D/UsageStatsService( 2163): User[0] type=0 b=1772205523543 e=1772205556043 cb=1772146815363 ce=1772205548159 disk=0 all=21
02-27 16:19:13.556 D/ShellSubscriberWorkerThread(16527): the first 8 bytes empty, and RestData length > 8 
02-27 16:19:13.560 D/OplusNotificationDateTimeView( 2884): setTime mSettingTimeMillis 1772064506283, mSettingLocalDateTime 2026-02-26T01:08:00.283
02-27 16:19:13.580 D/CommonApp-115-10508( 3191): transport layer data is invalid
02-27 16:19:13.591 D/OplusNotificationDateTimeView( 2884): setTime mSettingTimeMillis 1772064506283, mSettingLocalDateTime 2026-02-26T01:08:00.283
02-27 16:19:13.643 E/LockScreenNotificationDispatcherImp( 2884): updateNotificationListOnKg size:0
02-27 16:19:13.644 I/SystemUi--Notification( 2884): LockScreenNotificationDispatcherImp-->updateNotificationListOnKg resultCode: 0
02-27 16:19:13.696 I/BufferQueueProducer( 1409): [StatusBar#100](this:0xb40000747213c9e0,id:-1,api:0,p:-1,c:1409) queueBuffer: fps=2.95 dur=1017.90 max=617.05 min=166.57
02-27 16:19:13.748 D/UsageStatsService( 2163): User[0] type=0 b=1772205523743 e=1772205556243 cb=1772146815363 ce=1772205548159 disk=0 all=21
02-27 16:19:13.786 I/NearbySharing(17883): Network state changed: NetworkState(isRestricted=false, isOnline=true, isCongested=false, isMetered=true, isWifiConnected=true)
02-27 16:19:13.809 D/OplusPrivacyDotViewController( 2884): scheduleUpdate: 
02-27 16:19:13.810 D/OplusPrivacyDotViewController( 2884): processNextViewState: 
02-27 16:19:13.810 D/OplusPrivacyDotViewController( 2884): resolveState ViewState(systemPrivacyEventIsActive=false, shadeExpanded=false, needShow=true, rtl=false, rotation=0, height=8, x=33, y=37, cornerIndex=1, designatedCorner=android.widget.FrameLayout{cc52880 G.E...... ......I. 0,0-8,8 #7f0a05b9 app:id/icons_container alpha=0.0 viewInfo = }, contentDescription=null, chipAnimationStart=false, preDraw=false) shouldShowDot false
02-27 16:19:13.810 W/SystemUi--Common( 2884): OplusSysUiSchedMgr-->schedForPrivacyIconShowing not showing, no need release
02-27 16:19:13.839 D/Theia.TransparentWindow( 2163): handleMessage CHECK_TRANS_WINDOW_ERROR_MSG
02-27 16:19:13.948 D/UsageStatsService( 2163): User[0] type=0 b=1772205523943 e=1772205556443 cb=1772146815363 ce=1772205548159 disk=0 all=21
02-27 16:19:14.149 D/UsageStatsService( 2163): User[0] type=0 b=1772205524144 e=1772205556644 cb=1772146815363 ce=1772205548159 disk=0 all=21
02-27 16:19:14.166 D/vendor.oplus.hardware.charger-V6-service( 1347): get_ui_charge_icon_type 0 0 0 0 0
02-27 16:19:14.170 D/vendor.oplus.hardware.charger-V6-service( 1347): oplus_chg_get_cpa_power 2500 charge_online 1 retention_topic 0
02-27 16:19:14.196 D/vendor.oplus.hardware.charger-V6-service( 1347): get_ui_charge_icon_type 0 0 0 0 0
02-27 16:19:14.198 D/vendor.oplus.hardware.charger-V6-service( 1347): oplus_chg_get_cpa_power 2500 charge_online 1 retention_topic 0
02-27 16:19:14.218 D/vendor.oplus.hardware.charger-V6-service( 1347): get_ui_charge_icon_type 0 0 0 0 0
02-27 16:19:14.220 D/vendor.oplus.hardware.charger-V6-service( 1347): oplus_chg_get_cpa_power 2500 charge_online 1 retention_topic 0
02-27 16:19:14.237 D/vendor.oplus.hardware.charger-V6-service( 1347): get_ui_charge_icon_type 0 0 0 0 0
02-27 16:19:14.240 D/vendor.oplus.hardware.charger-V6-service( 1347): oplus_chg_get_cpa_power 2500 charge_online 1 retention_topic 0
02-27 16:19:14.291 D/vendor.oplus.hardware.charger-V6-service( 1347): ret_value:157, read content:,257,335,3935,3911,-365,500,2200,53,53,1,4,485,4863,53,1,0,1,1,0,0,4470,0,0,0,4,0,0,0,-2740,0,1,1,0,0,41,41,41,0,0,0,0,0,0,0,0,0,0,4,0,1,0,100,0,0,0,0,0,0,0
02-27 16:19:14.291 D/vendor.oplus.hardware.charger-V6-service( 1347): gmtime: 2026-02-27-16-19-14
02-27 16:19:14.292 D/vendor.oplus.hardware.charger-V6-service( 1347): usb_online:1, ac_online:0, wireless_online:-2147483648
02-27 16:19:14.350 D/UsageStatsService( 2163): User[0] type=0 b=1772205524345 e=1772205556845 cb=1772146815363 ce=1772205548159 disk=0 all=21
