02-27 16:19:14.442 W/ActivityManager( 2163): Foreground service started from background can not have location/camera/microphone access: service org.torproject.android/.service.OrbotService
02-27 16:19:14.444 I/SystemUi--QuickSettings( 2884): OplusFgsManagerController-->onForegroundStateChanged: org.torproject.android 0 true 7
02-27 16:19:14.444 I/SystemUi--QuickSettings( 2884): OplusFgsManagerController-->onForegroundStateChanged numPackagesAfter: 7
02-27 16:19:14.449 D/NotificationService--NotificationRecord( 2163): isSupportRearLight , isRearLight = false mLedRM = false isMultilLed = false
02-27 16:19:14.451 I/OplusStatusBarManagerServiceEnhance( 2163):  getTopIsFullscreen mTopIsFullscreen: false
02-27 16:19:14.453 D/NotificationService--OplusNotificationManagerServiceExtImpl( 2163): isForwardToAssistants: true, case : Is local notification
02-27 16:19:14.453 D/NotificationService( 2163): This application enqueue notifications is need postDelayed mcsAssistantDelayTime: 200
02-27 16:19:14.472 D/NotificationService--OplusNavigationManager( 2163): Notification--isSuppressedByDriveMode--userId:-1,mode:false
02-27 16:19:14.475 D/NotificationService--OplusNavigationManager( 2163): Notification--isSuppressedByDriveMode--userId:-1,mode:false
02-27 16:19:14.496 E/LockScreenNotificationDispatcherImp( 2884): updateNotificationListOnKg size:0
02-27 16:19:14.496 I/SystemUi--Notification( 2884): LockScreenNotificationDispatcherImp-->updateNotificationListOnKg resultCode: 0
02-27 16:19:14.549 D/charge_time( 1347): type=sdp,reserve_soc=0,soc=53,ui_soc=53,current=316,avg=292,not_chg_cnt=0,stable_cnt=7,fcc=5068,fcc_ratio=106,delta=76,debug=0,region=16,ttf=28162(07:49:22),ui_ttf=19282(05:21:22)
02-27 16:19:14.550 D/UsageStatsService( 2163): User[0] type=0 b=1772205524545 e=1772205557045 cb=1772146815363 ce=1772205548159 disk=0 all=21
02-27 16:19:14.557 D/OplusNotificationDateTimeView( 2884): setTime mSettingTimeMillis 1772064506283, mSettingLocalDateTime 2026-02-26T01:08:00.283
02-27 16:19:14.588 D/OplusNotificationDateTimeView( 2884): setTime mSettingTimeMillis 1772064506283, mSettingLocalDateTime 2026-02-26T01:08:00.283
02-27 16:19:14.604 D/CommonApp-115-10508( 3191): transport layer data is invalid
02-27 16:19:14.642 E/LockScreenNotificationDispatcherImp( 2884): updateNotificationListOnKg size:0
02-27 16:19:14.643 I/SystemUi--Notification( 2884): LockScreenNotificationDispatcherImp-->updateNotificationListOnKg resultCode: 0
02-27 16:19:14.751 D/UsageStatsService( 2163): User[0] type=0 b=1772205524746 e=1772205557246 cb=1772146815363 ce=1772205548159 disk=0 all=21
02-27 16:19:14.852 D/WifiHAL ( 2771): event received NL80211_CMD_VENDOR, vendor_id = 0x1a11, subcmd = 0x7
02-27 16:19:14.852 D/WifiHAL ( 2771): Got a RSSI monitor event
02-27 16:19:14.852 I/WifiHAL ( 2771): data: version=1, cur_rssi=-77 BSSID=62:01:*:*:*:99
02-27 16:19:14.856 I/WifiHAL ( 2771): Stop RSSI monitoring 7551
02-27 16:19:14.856 I/WifiHAL ( 2771): un-registering command 7551
02-27 16:19:14.856 I/WifiHAL ( 2771): Successfully removed command 7551: 0xb400007a38c51180 from 1
02-27 16:19:14.856 I/WifiHAL ( 2771): Cancel WifiCommand = 0xb400007a38c51180
02-27 16:19:14.856 I/WifiHAL ( 2771): SetRSSIMonitorCommand: cancel
02-27 16:19:14.857 D/WifiHAL ( 2771): WifiRequest::create vendor command to iface 37, vendor_id=0x1a11, subcmd=0x0007, res=0
02-27 16:19:14.857 I/WifiHAL ( 2771): set RSSI Monitor, mMax_rssi=-78, mMin_rssi=-85, enable=0
02-27 16:19:14.857 D/WifiHAL ( 2771): create request
02-27 16:19:14.861 I/WifiHAL ( 2771): wifi_unregister_vendor_handler: handle=0xb400007a38c59960, id=6673, subcmd=7, ifname=0xb400007a38c51220 [wlan0]
02-27 16:19:14.861 I/WifiHAL ( 2771): wifi_unregister_vendor_handler: nl_cmd=103, id=3303, subcmd=15
02-27 16:19:14.861 I/WifiHAL ( 2771): wifi_unregister_vendor_handler: nl_cmd=103, id=6673, subcmd=7
02-27 16:19:14.861 I/WifiHAL ( 2771): Deregister vendor handler 0xb400007a38c51180:0x7a3d3e16f0 for vendor 6673, subcmd 7 from 1
02-27 16:19:14.861 I/WifiHAL ( 2771): SetRSSIMonitorCommand: cancelled
02-27 16:19:14.862 I/WifiHAL ( 2771): Start RSSI monitoring 7551
02-27 16:19:14.862 I/WifiHAL ( 2771): registering command 7551
02-27 16:19:14.862 I/WifiHAL ( 2771): Successfully added command 7551: 0xb400007a38c51180 at 1
02-27 16:19:14.862 I/WifiHAL ( 2771): SetRSSIMonitorCommand: start
02-27 16:19:14.862 D/WifiHAL ( 2771): WifiRequest::create vendor command to iface 37, vendor_id=0x1a11, subcmd=0x0007, res=0
02-27 16:19:14.862 I/WifiHAL ( 2771): set RSSI Monitor, mMax_rssi=-75, mMin_rssi=-78, enable=1
02-27 16:19:14.862 D/WifiHAL ( 2771): create request
02-27 16:19:14.864 D/WifiStatusTracker( 2884): mNetworkCallback onCapabilitiesChanged network:115 mPrimaryNetworkId:115
02-27 16:19:14.866 D/WifiHAL ( 2771): Successfully set RSSI monitoring
02-27 16:19:14.866 I/WifiHAL ( 2771): wifi_register_vendor_handler: id=6673, subcmd=7, ifname=0xb400007a38c51220 [wlan0]
02-27 16:19:14.866 I/WifiHAL ( 2771): Register vendor handler 0xb400007a38c51180:0x7a3d3e16f0 for vendor 6673, subcmd 7 and iface [wlan0] at 2
02-27 16:19:14.867 I/WifiHAL ( 2771): SetRSSIMonitorCommand: started
02-27 16:19:14.867 D/WifiPickerTracker( 2884): handleNetworkCapabilitiesChanged network:115
02-27 16:19:14.869 D/SystemNetworkObserver( 2163): wifi network 115 nc changed, primary=true
02-27 16:19:14.870 D/SystemNetworkObserver( 2163): default network nc changed 115
02-27 16:19:14.874 I/WifiPickerTracker( 2884): wifi connected status realConnectedWifiEntry not null: true
02-27 16:19:14.876 I/SystemUi--Statusbar( 2884): NetworkController.WifiSignalController-->handleStatusUpdated state=3 enabled=true connected=true isDefaultNetwork=true rssi=-77 level=2 statusLabel=null isDirty=false
02-27 16:19:14.888 I/NullBinder(17883): NullBinder for android.net.action.RECOMMEND_NETWORKS triggering remote TransactionTooLargeException due to Service without Chimera impl, calling uid: 1000, calling pid: 0
02-27 16:19:14.888 W/.gms.persistent(17883): Large reply transaction of 2113536 bytes, interface descriptor , code 1
02-27 16:19:14.910 I/NullBinder(17883): NullBinder for android.net.action.RECOMMEND_NETWORKS triggering remote TransactionTooLargeException due to Service without Chimera impl, calling uid: 1000, calling pid: 0
02-27 16:19:14.911 W/.gms.persistent(17883): Large reply transaction of 2113536 bytes, interface descriptor , code 1
02-27 16:19:14.951 D/UsageStatsService( 2163): User[0] type=0 b=1772205524947 e=1772205557447 cb=1772146815363 ce=1772205548159 disk=0 all=21
02-27 16:19:15.152 D/UsageStatsService( 2163): User[0] type=0 b=1772205525147 e=1772205557647 cb=1772146815363 ce=1772205548159 disk=0 all=21
02-27 16:19:15.188 D/CoexRfService( 3260): report RRC state:true
02-27 16:19:15.282 D/VendorWifiService( 3260): onEvent event:9,action:1
02-27 16:19:15.284 D/WifiStatusTracker( 2884): mNetworkCallback onCapabilitiesChanged network:115 mPrimaryNetworkId:115
02-27 16:19:15.287 D/WifiPickerTracker( 2884): handleNetworkCapabilitiesChanged network:115
02-27 16:19:15.289 D/SystemNetworkObserver( 2163): wifi network 115 nc changed, primary=true
02-27 16:19:15.290 D/SystemNetworkObserver( 2163): default network nc changed 115
02-27 16:19:15.295 I/WifiPickerTracker( 2884): wifi connected status realConnectedWifiEntry not null: true
02-27 16:19:15.298 I/SystemUi--Statusbar( 2884): NetworkController.WifiSignalController-->handleStatusUpdated state=3 enabled=true connected=true isDefaultNetwork=true rssi=-79 level=2 statusLabel=null isDirty=false
02-27 16:19:15.300 I/NullBinder(17883): NullBinder for android.net.action.RECOMMEND_NETWORKS triggering remote TransactionTooLargeException due to Service without Chimera impl, calling uid: 1000, calling pid: 0
02-27 16:19:15.301 W/.gms.persistent(17883): Large reply transaction of 2113536 bytes, interface descriptor , code 1
02-27 16:19:15.312 I/BufferQueueProducer( 1409): [StatusBar#100](this:0xb40000747213c9e0,id:-1,api:0,p:-1,c:1409) queueBuffer: fps=2.48 dur=1615.95 max=667.17 min=165.92
02-27 16:19:15.319 I/NullBinder(17883): NullBinder for android.net.action.RECOMMEND_NETWORKS triggering remote TransactionTooLargeException due to Service without Chimera impl, calling uid: 1000, calling pid: 0
02-27 16:19:15.320 W/.gms.persistent(17883): Large reply transaction of 2113536 bytes, interface descriptor , code 1
02-27 16:19:15.323 D/ccci_mdinit( 1444): (1):monitor_time_update_thread round:5248 ########
02-27 16:19:15.352 D/UsageStatsService( 2163): User[0] type=0 b=1772205525347 e=1772205557847 cb=1772146815363 ce=1772205548159 disk=0 all=21
02-27 16:19:15.370 D/WifiHAL ( 2771): event received NL80211_CMD_VENDOR, vendor_id = 0x1a11, subcmd = 0x7
02-27 16:19:15.370 D/WifiHAL ( 2771): Got a RSSI monitor event
02-27 16:19:15.370 I/WifiHAL ( 2771): data: version=1, cur_rssi=-80 BSSID=62:01:*:*:*:99
02-27 16:19:15.373 I/WifiHAL ( 2771): Stop RSSI monitoring 7551
02-27 16:19:15.373 I/WifiHAL ( 2771): un-registering command 7551
02-27 16:19:15.373 I/WifiHAL ( 2771): Successfully removed command 7551: 0xb400007a38c51180 from 1
02-27 16:19:15.373 I/WifiHAL ( 2771): Cancel WifiCommand = 0xb400007a38c51180
02-27 16:19:15.373 I/WifiHAL ( 2771): SetRSSIMonitorCommand: cancel
02-27 16:19:15.374 D/WifiHAL ( 2771): WifiRequest::create vendor command to iface 37, vendor_id=0x1a11, subcmd=0x0007, res=0
02-27 16:19:15.374 I/WifiHAL ( 2771): set RSSI Monitor, mMax_rssi=-75, mMin_rssi=-78, enable=0
02-27 16:19:15.374 D/WifiHAL ( 2771): create request
02-27 16:19:15.377 I/WifiHAL ( 2771): wifi_unregister_vendor_handler: handle=0xb400007a38c59960, id=6673, subcmd=7, ifname=0xb400007a38c51220 [wlan0]
02-27 16:19:15.377 I/WifiHAL ( 2771): wifi_unregister_vendor_handler: nl_cmd=103, id=3303, subcmd=15
02-27 16:19:15.377 I/WifiHAL ( 2771): wifi_unregister_vendor_handler: nl_cmd=103, id=6673, subcmd=7
02-27 16:19:15.378 I/WifiHAL ( 2771): Deregister vendor handler 0xb400007a38c51180:0x7a3d3e16f0 for vendor 6673, subcmd 7 from 1
02-27 16:19:15.378 I/WifiHAL ( 2771): SetRSSIMonitorCommand: cancelled
02-27 16:19:15.379 I/WifiHAL ( 2771): Start RSSI monitoring 7551
02-27 16:19:15.379 I/WifiHAL ( 2771): registering command 7551
02-27 16:19:15.379 I/WifiHAL ( 2771): Successfully added command 7551: 0xb400007a38c51180 at 1
02-27 16:19:15.379 I/WifiHAL ( 2771): SetRSSIMonitorCommand: start
02-27 16:19:15.379 D/WifiHAL ( 2771): WifiRequest::create vendor command to iface 37, vendor_id=0x1a11, subcmd=0x0007, res=0
02-27 16:19:15.379 I/WifiHAL ( 2771): set RSSI Monitor, mMax_rssi=-78, mMin_rssi=-85, enable=1
02-27 16:19:15.379 D/WifiHAL ( 2771): create request
02-27 16:19:15.382 D/WifiStatusTracker( 2884): mNetworkCallback onCapabilitiesChanged network:115 mPrimaryNetworkId:115
02-27 16:19:15.383 D/WifiHAL ( 2771): Successfully set RSSI monitoring
02-27 16:19:15.383 I/WifiHAL ( 2771): wifi_register_vendor_handler: id=6673, subcmd=7, ifname=0xb400007a38c51220 [wlan0]
02-27 16:19:15.383 I/WifiHAL ( 2771): Register vendor handler 0xb400007a38c51180:0x7a3d3e16f0 for vendor 6673, subcmd 7 and iface [wlan0] at 2
02-27 16:19:15.383 I/WifiHAL ( 2771): SetRSSIMonitorCommand: started
02-27 16:19:15.385 D/WifiPickerTracker( 2884): handleNetworkCapabilitiesChanged network:115
02-27 16:19:15.387 D/SystemNetworkObserver( 2163): wifi network 115 nc changed, primary=true
02-27 16:19:15.388 D/SystemNetworkObserver( 2163): default network nc changed 115
02-27 16:19:15.392 I/SystemUi--Statusbar( 2884): NetworkController.WifiSignalController-->handleStatusUpdated state=3 enabled=true connected=true isDefaultNetwork=true rssi=-80 level=2 statusLabel=null isDirty=false
02-27 16:19:15.394 I/WifiPickerTracker( 2884): wifi connected status realConnectedWifiEntry not null: true
02-27 16:19:15.399 I/NullBinder(17883): NullBinder for android.net.action.RECOMMEND_NETWORKS triggering remote TransactionTooLargeException due to Service without Chimera impl, calling uid: 1000, calling pid: 0
02-27 16:19:15.399 W/.gms.persistent(17883): Large reply transaction of 2113536 bytes, interface descriptor , code 1
02-27 16:19:15.411 I/NullBinder(17883): NullBinder for android.net.action.RECOMMEND_NETWORKS triggering remote TransactionTooLargeException due to Service without Chimera impl, calling uid: 1000, calling pid: 0
02-27 16:19:15.411 W/.gms.persistent(17883): Large reply transaction of 2113536 bytes, interface descriptor , code 1
02-27 16:19:15.445 W/ActivityManager( 2163): Foreground service started from background can not have location/camera/microphone access: service org.torproject.android/.service.OrbotService
02-27 16:19:15.447 I/SystemUi--QuickSettings( 2884): OplusFgsManagerController-->onForegroundStateChanged: org.torproject.android 0 true 7
02-27 16:19:15.448 I/SystemUi--QuickSettings( 2884): OplusFgsManagerController-->onForegroundStateChanged numPackagesAfter: 7
02-27 16:19:15.449 D/NotificationService--NotificationRecord( 2163): isSupportRearLight , isRearLight = false mLedRM = false isMultilLed = false
02-27 16:19:15.450 I/OplusStatusBarManagerServiceEnhance( 2163):  getTopIsFullscreen mTopIsFullscreen: false
02-27 16:19:15.451 D/NotificationService--OplusNotificationManagerServiceExtImpl( 2163): isForwardToAssistants: true, case : Is local notification
02-27 16:19:15.451 D/NotificationService( 2163): This application enqueue notifications is need postDelayed mcsAssistantDelayTime: 200
02-27 16:19:15.470 D/NotificationService--OplusNavigationManager( 2163): Notification--isSuppressedByDriveMode--userId:-1,mode:false
02-27 16:19:15.474 D/NotificationService--OplusNavigationManager( 2163): Notification--isSuppressedByDriveMode--userId:-1,mode:false
02-27 16:19:15.477 D/vendor.oplus.hardware.charger-V6-service( 1347): get_ui_charge_icon_type 0 0 0 0 0
02-27 16:19:15.480 D/vendor.oplus.hardware.charger-V6-service( 1347): oplus_chg_get_cpa_power 2500 charge_online 1 retention_topic 0
02-27 16:19:15.496 E/LockScreenNotificationDispatcherImp( 2884): updateNotificationListOnKg size:0
02-27 16:19:15.496 I/SystemUi--Notification( 2884): LockScreenNotificationDispatcherImp-->updateNotificationListOnKg resultCode: 0
02-27 16:19:15.497 D/vendor.oplus.hardware.charger-V6-service( 1347): get_ui_charge_icon_type 0 0 0 0 0
02-27 16:19:15.499 D/vendor.oplus.hardware.charger-V6-service( 1347): oplus_chg_get_cpa_power 2500 charge_online 1 retention_topic 0
02-27 16:19:15.516 D/vendor.oplus.hardware.charger-V6-service( 1347): get_ui_charge_icon_type 0 0 0 0 0
02-27 16:19:15.518 D/vendor.oplus.hardware.charger-V6-service( 1347): oplus_chg_get_cpa_power 2500 charge_online 1 retention_topic 0
02-27 16:19:15.531 D/vendor.oplus.hardware.charger-V6-service( 1347): get_ui_charge_icon_type 0 0 0 0 0
02-27 16:19:15.533 D/vendor.oplus.hardware.charger-V6-service( 1347): oplus_chg_get_cpa_power 2500 charge_online 1 retention_topic 0
02-27 16:19:15.552 D/UsageStatsService( 2163): User[0] type=0 b=1772205525548 e=1772205558048 cb=1772146815363 ce=1772205548159 disk=0 all=21
02-27 16:19:15.552 D/charge_time( 1347): type=sdp,reserve_soc=0,soc=53,ui_soc=53,current=285,avg=301,not_chg_cnt=0,stable_cnt=7,fcc=5068,fcc_ratio=106,delta=77,debug=0,region=16,ttf=27317(07:35:17),ui_ttf=19281(05:21:21)
02-27 16:19:15.557 D/OplusNotificationDateTimeView( 2884): setTime mSettingTimeMillis 1772064506283, mSettingLocalDateTime 2026-02-26T01:08:00.283
02-27 16:19:15.588 D/OplusNotificationDateTimeView( 2884): setTime mSettingTimeMillis 1772064506283, mSettingLocalDateTime 2026-02-26T01:08:00.283
02-27 16:19:15.628 D/CommonApp-115-10508( 3191): transport layer data is invalid
02-27 16:19:15.640 E/LockScreenNotificationDispatcherImp( 2884): updateNotificationListOnKg size:0
02-27 16:19:15.640 I/SystemUi--Notification( 2884): LockScreenNotificationDispatcherImp-->updateNotificationListOnKg resultCode: 0
02-27 16:19:15.753 D/UsageStatsService( 2163): User[0] type=0 b=1772205525748 e=1772205558248 cb=1772146815363 ce=1772205548159 disk=0 all=21
02-27 16:19:15.891 D/WifiHAL ( 2771): event received NL80211_CMD_VENDOR, vendor_id = 0x1a11, subcmd = 0x7
02-27 16:19:15.891 D/WifiHAL ( 2771): Got a RSSI monitor event
02-27 16:19:15.891 I/WifiHAL ( 2771): data: version=1, cur_rssi=-76 BSSID=62:01:*:*:*:99
02-27 16:19:15.895 I/WifiHAL ( 2771): Stop RSSI monitoring 7551
02-27 16:19:15.895 I/WifiHAL ( 2771): un-registering command 7551
02-27 16:19:15.895 I/WifiHAL ( 2771): Successfully removed command 7551: 0xb400007a38c51180 from 1
02-27 16:19:15.895 I/WifiHAL ( 2771): Cancel WifiCommand = 0xb400007a38c51180
02-27 16:19:15.895 I/WifiHAL ( 2771): SetRSSIMonitorCommand: cancel
02-27 16:19:15.895 D/WifiHAL ( 2771): WifiRequest::create vendor command to iface 37, vendor_id=0x1a11, subcmd=0x0007, res=0
02-27 16:19:15.896 I/WifiHAL ( 2771): set RSSI Monitor, mMax_rssi=-78, mMin_rssi=-85, enable=0
02-27 16:19:15.896 D/WifiHAL ( 2771): create request
02-27 16:19:15.899 I/WifiHAL ( 2771): wifi_unregister_vendor_handler: handle=0xb400007a38c59960, id=6673, subcmd=7, ifname=0xb400007a38c51220 [wlan0]
02-27 16:19:15.899 I/WifiHAL ( 2771): wifi_unregister_vendor_handler: nl_cmd=103, id=3303, subcmd=15
02-27 16:19:15.899 I/WifiHAL ( 2771): wifi_unregister_vendor_handler: nl_cmd=103, id=6673, subcmd=7
02-27 16:19:15.899 I/WifiHAL ( 2771): Deregister vendor handler 0xb400007a38c51180:0x7a3d3e16f0 for vendor 6673, subcmd 7 from 1
02-27 16:19:15.899 I/WifiHAL ( 2771): SetRSSIMonitorCommand: cancelled
02-27 16:19:15.900 I/WifiHAL ( 2771): Start RSSI monitoring 7551
02-27 16:19:15.900 I/NearbySharing(17883): Network state changed: NetworkState(isRestricted=false, isOnline=true, isCongested=false, isMetered=true, isWifiConnected=true)
02-27 16:19:15.900 I/WifiHAL ( 2771): registering command 7551
02-27 16:19:15.901 I/WifiHAL ( 2771): Successfully added command 7551: 0xb400007a38c51180 at 1
02-27 16:19:15.901 I/WifiHAL ( 2771): SetRSSIMonitorCommand: start
02-27 16:19:15.901 D/WifiHAL ( 2771): WifiRequest::create vendor command to iface 37, vendor_id=0x1a11, subcmd=0x0007, res=0
02-27 16:19:15.901 I/WifiHAL ( 2771): set RSSI Monitor, mMax_rssi=-75, mMin_rssi=-78, enable=1
02-27 16:19:15.901 D/WifiHAL ( 2771): create request
02-27 16:19:15.902 D/WifiStatusTracker( 2884): mNetworkCallback onCapabilitiesChanged network:115 mPrimaryNetworkId:115
02-27 16:19:15.905 D/WifiHAL ( 2771): Successfully set RSSI monitoring
02-27 16:19:15.905 I/WifiHAL ( 2771): wifi_register_vendor_handler: id=6673, subcmd=7, ifname=0xb400007a38c51220 [wlan0]
02-27 16:19:15.905 I/WifiHAL ( 2771): Register vendor handler 0xb400007a38c51180:0x7a3d3e16f0 for vendor 6673, subcmd 7 and iface [wlan0] at 2
02-27 16:19:15.905 I/WifiHAL ( 2771): SetRSSIMonitorCommand: started
02-27 16:19:15.906 D/WifiPickerTracker( 2884): handleNetworkCapabilitiesChanged network:115
02-27 16:19:15.908 D/SystemNetworkObserver( 2163): wifi network 115 nc changed, primary=true
02-27 16:19:15.908 D/SystemNetworkObserver( 2163): default network nc changed 115
02-27 16:19:15.910 I/SystemUi--Statusbar( 2884): NetworkController.WifiSignalController-->handleStatusUpdated state=3 enabled=true connected=true isDefaultNetwork=true rssi=-76 level=3 statusLabel=null isDirty=false
02-27 16:19:15.913 I/WifiPickerTracker( 2884): wifi connected status realConnectedWifiEntry not null: true
02-27 16:19:15.916 I/NullBinder(17883): NullBinder for android.net.action.RECOMMEND_NETWORKS triggering remote TransactionTooLargeException due to Service without Chimera impl, calling uid: 1000, calling pid: 0
02-27 16:19:15.916 W/.gms.persistent(17883): Large reply transaction of 2113536 bytes, interface descriptor , code 1
02-27 16:19:15.918 I/SystemUi--Statusbar( 2884): WifiViewModel-->wifiIcon icon:Tres barras de Wi-Fi. isDefault:true alwaysShowIconIfEnabled:false
02-27 16:19:15.930 I/NullBinder(17883): NullBinder for android.net.action.RECOMMEND_NETWORKS triggering remote TransactionTooLargeException due to Service without Chimera impl, calling uid: 1000, calling pid: 0
02-27 16:19:15.930 W/.gms.persistent(17883): Large reply transaction of 2113536 bytes, interface descriptor , code 1
02-27 16:19:15.953 D/UsageStatsService( 2163): User[0] type=0 b=1772205525948 e=1772205558448 cb=1772146815363 ce=1772205548159 disk=0 all=21
02-27 16:19:15.976 I/OplusHansManager ( 2163): unfreeze uid: 10346 com.whatsapp pids: [8373] reason: Packet scene: LcdOn
02-27 16:19:15.980 I/OplusHansManager ( 2163): uid=10346, pkg=com.whatsapp F exit(), F stay=5, reason=Packet
02-27 16:19:15.981 I/OplusHansManager ( 2163): up_BC uid=10346 pkg=com.whatsapp
02-27 16:19:15.981 I/OplusBinderProxy( 2163): proxyBinder uid: 10346 pkg: com.whatsapp proxy: false calling: OFreezer
02-27 16:19:16.153 D/UsageStatsService( 2163): User[0] type=0 b=1772205526148 e=1772205558648 cb=1772146815363 ce=1772205548159 disk=0 all=21
02-27 16:19:16.354 D/UsageStatsService( 2163): User[0] type=0 b=1772205526349 e=1772205558849 cb=1772146815363 ce=1772205548159 disk=0 all=21
02-27 16:19:16.420 I/NearbySharing(17883): Network state changed: NetworkState(isRestricted=false, isOnline=true, isCongested=false, isMetered=true, isWifiConnected=true)
02-27 16:19:16.450 W/ActivityManager( 2163): Foreground service started from background can not have location/camera/microphone access: service org.torproject.android/.service.OrbotService
02-27 16:19:16.452 I/SystemUi--QuickSettings( 2884): OplusFgsManagerController-->onForegroundStateChanged: org.torproject.android 0 true 7
02-27 16:19:16.452 I/SystemUi--QuickSettings( 2884): OplusFgsManagerController-->onForegroundStateChanged numPackagesAfter: 7
02-27 16:19:16.457 D/NotificationService--NotificationRecord( 2163): isSupportRearLight , isRearLight = false mLedRM = false isMultilLed = false
02-27 16:19:16.459 I/OplusStatusBarManagerServiceEnhance( 2163):  getTopIsFullscreen mTopIsFullscreen: false
02-27 16:19:16.461 D/NotificationService--OplusNotificationManagerServiceExtImpl( 2163): isForwardToAssistants: true, case : Is local notification
02-27 16:19:16.461 D/NotificationService( 2163): This application enqueue notifications is need postDelayed mcsAssistantDelayTime: 200
02-27 16:19:16.478 D/NotificationService--OplusNavigationManager( 2163): Notification--isSuppressedByDriveMode--userId:-1,mode:false
02-27 16:19:16.481 D/NotificationService--OplusNavigationManager( 2163): Notification--isSuppressedByDriveMode--userId:-1,mode:false
02-27 16:19:16.496 E/LockScreenNotificationDispatcherImp( 2884): updateNotificationListOnKg size:0
02-27 16:19:16.496 I/SystemUi--Notification( 2884): LockScreenNotificationDispatcherImp-->updateNotificationListOnKg resultCode: 0
02-27 16:19:16.529 I/BufferQueueProducer( 1409): [StatusBar#100](this:0xb40000747213c9e0,id:-1,api:0,p:-1,c:1409) queueBuffer: fps=3.29 dur=1217.26 max=584.11 min=151.31
02-27 16:19:16.554 D/UsageStatsService( 2163): User[0] type=0 b=1772205526549 e=1772205559049 cb=1772146815363 ce=1772205548159 disk=0 all=21
02-27 16:19:16.555 D/charge_time( 1347): type=sdp,reserve_soc=0,soc=53,ui_soc=53,current=316,avg=318,not_chg_cnt=0,stable_cnt=7,fcc=5068,fcc_ratio=106,delta=78,debug=0,region=16,ttf=25852(07:10:52),ui_ttf=19280(05:21:20)
02-27 16:19:16.561 D/OplusNotificationDateTimeView( 2884): setTime mSettingTimeMillis 1772064506283, mSettingLocalDateTime 2026-02-26T01:08:00.283
02-27 16:19:16.592 D/OplusNotificationDateTimeView( 2884): setTime mSettingTimeMillis 1772064506283, mSettingLocalDateTime 2026-02-26T01:08:00.283
02-27 16:19:16.642 E/LockScreenNotificationDispatcherImp( 2884): updateNotificationListOnKg size:0
02-27 16:19:16.643 I/SystemUi--Notification( 2884): LockScreenNotificationDispatcherImp-->updateNotificationListOnKg resultCode: 0
02-27 16:19:16.652 D/CommonApp-115-10508( 3191): transport layer data is invalid
02-27 16:19:16.754 D/UsageStatsService( 2163): User[0] type=0 b=1772205526750 e=1772205559250 cb=1772146815363 ce=1772205548159 disk=0 all=21
02-27 16:19:16.887 D/OplusNetKit( 2163): in getLpByInterface name from LP: [wlan0]
02-27 16:19:16.955 D/UsageStatsService( 2163): User[0] type=0 b=1772205526950 e=1772205559450 cb=1772146815363 ce=1772205548159 disk=0 all=21
02-27 16:19:17.155 D/UsageStatsService( 2163): User[0] type=0 b=1772205527150 e=1772205559650 cb=1772146815363 ce=1772205548159 disk=0 all=21
02-27 16:19:17.295 D/MBrainLocalService( 2163): isVendorFreezeConditionPass is false
02-27 16:19:17.295 D/MBrainLocalService( 2163): notifyNetworkChange failed
02-27 16:19:17.296 D/OplusGameFirstManager( 2163): oldAverRssi=-76,rssi=-76,newAverRssi=-77
02-27 16:19:17.302 D/WifiStatusTracker( 2884): mNetworkCallback onCapabilitiesChanged network:115 mPrimaryNetworkId:115
02-27 16:19:17.303 D/OplusWifiPower_TriggerCenter( 2163): mComponentCallback: wifistat
02-27 16:19:17.304 D/VendorWifiService( 3260): onEvent event:9,action:1
02-27 16:19:17.306 D/WifiPickerTracker( 2884): handleNetworkCapabilitiesChanged network:115
02-27 16:19:17.306 D/SystemNetworkObserver( 2163): wifi network 115 nc changed, primary=true
02-27 16:19:17.306 D/SystemNetworkObserver( 2163): default network nc changed 115
02-27 16:19:17.311 I/SystemUi--Statusbar( 2884): NetworkController.WifiSignalController-->handleStatusUpdated state=3 enabled=true connected=true isDefaultNetwork=true rssi=-76 level=3 statusLabel=null isDirty=false
02-27 16:19:17.315 I/WifiPickerTracker( 2884): wifi connected status realConnectedWifiEntry not null: true
02-27 16:19:17.326 I/NullBinder(17883): NullBinder for android.net.action.RECOMMEND_NETWORKS triggering remote TransactionTooLargeException due to Service without Chimera impl, calling uid: 1000, calling pid: 0
02-27 16:19:17.326 W/.gms.persistent(17883): Large reply transaction of 2113536 bytes, interface descriptor , code 1
02-27 16:19:17.327 D/SubsysEventListenerManager( 3260): onCapabilitiesChanged
02-27 16:19:17.327 D/DataStateTracker( 3260): getCurDataChannel, channel:1
02-27 16:19:17.327 D/OplusNetRttKit( 2163): getIcmpEchoRtt addr:192.168.1.*** avgRtt: 144
02-27 16:19:17.328 I/SystemUi--Statusbar( 2884): NetworkController.WifiSignalController-->handleStatusUpdated state=3 enabled=true connected=true isDefaultNetwork=true rssi=-76 level=3 statusLabel=null isDirty=false
02-27 16:19:17.330 D/OplusSlaNetworkManager( 2163): isPrimaryWifi:false network:117
02-27 16:19:17.338 I/DeltaChat( 5318): ++++++++++++++++++ NetworkCallback.onCapabilitiesChanged() #9743
02-27 16:19:17.343 I/NearbyMediums(17883): [WifiNetworkV2] defaultNetworkCallback onCapabilitiesChanged network:117 [ WIFI VPN ] isNonBypassable:true
02-27 16:19:17.350 I/BugleRcsEngine(28328): handleMessage processing message:[NOTIFY_UPTIME_IGNORE_STATE_CHANGED] with [non-null]:RcsEngineImpl reference [CONTEXT log_prefix="RcsEngineImpl[DUAL_REG]:[115eabb8-4d09]>Handler" thread_id=578 ]
02-27 16:19:17.350 I/BugleRcsEngine(28328): Connected state: [1], networkType: [WIFI] [CONTEXT thread_id=575 ]
02-27 16:19:17.352 I/NullBinder(17883): NullBinder for android.net.action.RECOMMEND_NETWORKS triggering remote TransactionTooLargeException due to Service without Chimera impl, calling uid: 1000, calling pid: 0
02-27 16:19:17.352 W/.gms.persistent(17883): Large reply transaction of 2113536 bytes, interface descriptor , code 1
02-27 16:19:17.356 D/UsageStatsService( 2163): User[0] type=0 b=1772205527351 e=1772205559851 cb=1772146815363 ce=1772205548159 disk=0 all=21
02-27 16:19:17.366 I/BugleRcsEngine(28328): Rcs is enabled from user settings: true [CONTEXT log_prefix="ProvisioningEngineDataRetriever" thread_id=578 ]
02-27 16:19:17.451 W/ActivityManager( 2163): Foreground service started from background can not have location/camera/microphone access: service org.torproject.android/.service.OrbotService
02-27 16:19:17.453 I/SystemUi--QuickSettings( 2884): OplusFgsManagerController-->onForegroundStateChanged: org.torproject.android 0 true 7
02-27 16:19:17.453 I/SystemUi--QuickSettings( 2884): OplusFgsManagerController-->onForegroundStateChanged numPackagesAfter: 7
02-27 16:19:17.459 D/NotificationService--NotificationRecord( 2163): isSupportRearLight , isRearLight = false mLedRM = false isMultilLed = false
02-27 16:19:17.461 I/OplusStatusBarManagerServiceEnhance( 2163):  getTopIsFullscreen mTopIsFullscreen: false
02-27 16:19:17.463 D/NotificationService--OplusNotificationManagerServiceExtImpl( 2163): isForwardToAssistants: true, case : Is local notification
02-27 16:19:17.463 D/NotificationService( 2163): This application enqueue notifications is need postDelayed mcsAssistantDelayTime: 200
02-27 16:19:17.483 D/NotificationService--OplusNavigationManager( 2163): Notification--isSuppressedByDriveMode--userId:-1,mode:false
02-27 16:19:17.486 D/NotificationService--OplusNavigationManager( 2163): Notification--isSuppressedByDriveMode--userId:-1,mode:false
02-27 16:19:17.496 E/LockScreenNotificationDispatcherImp( 2884): updateNotificationListOnKg size:0
02-27 16:19:17.496 I/SystemUi--Notification( 2884): LockScreenNotificationDispatcherImp-->updateNotificationListOnKg resultCode: 0
02-27 16:19:17.529 I/BufferQueueProducer( 1409): [StatusBar#100](this:0xb40000747213c9e0,id:-1,api:0,p:-1,c:1409) queueBuffer: fps=3.00 dur=1000.01 max=633.32 min=166.55
02-27 16:19:17.556 D/UsageStatsService( 2163): User[0] type=0 b=1772205527551 e=1772205560051 cb=1772146815363 ce=1772205557355 disk=0 all=21
02-27 16:19:17.557 D/charge_time( 1347): type=sdp,reserve_soc=0,soc=53,ui_soc=53,current=304,avg=314,not_chg_cnt=0,stable_cnt=7,fcc=5068,fcc_ratio=106,delta=79,debug=0,region=16,ttf=26182(07:16:22),ui_ttf=19279(05:21:19)
02-27 16:19:17.561 D/OplusNotificationDateTimeView( 2884): setTime mSettingTimeMillis 1772064506283, mSettingLocalDateTime 2026-02-26T01:08:00.283
02-27 16:19:17.591 D/OplusNotificationDateTimeView( 2884): setTime mSettingTimeMillis 1772064506283, mSettingLocalDateTime 2026-02-26T01:08:00.283
02-27 16:19:17.642 E/LockScreenNotificationDispatcherImp( 2884): updateNotificationListOnKg size:0
02-27 16:19:17.642 I/SystemUi--Notification( 2884): LockScreenNotificationDispatcherImp-->updateNotificationListOnKg resultCode: 0
02-27 16:19:17.676 D/CommonApp-115-10508( 3191): transport layer data is invalid
02-27 16:19:17.756 D/UsageStatsService( 2163): User[0] type=0 b=1772205527752 e=1772205560252 cb=1772146815363 ce=1772205557355 disk=0 all=21
02-27 16:19:17.825 I/NearbySharing(17883): Network state changed: NetworkState(isRestricted=false, isOnline=true, isCongested=false, isMetered=true, isWifiConnected=true)
02-27 16:19:17.957 D/UsageStatsService( 2163): User[0] type=0 b=1772205527952 e=1772205560452 cb=1772146815363 ce=1772205557355 disk=0 all=21
02-27 16:19:18.158 D/UsageStatsService( 2163): User[0] type=0 b=1772205528153 e=1772205560653 cb=1772146815363 ce=1772205557355 disk=0 all=21
02-27 16:19:18.193 D/CoexRfService( 3260): report RRC state:true
02-27 16:19:18.360 D/UsageStatsService( 2163): User[0] type=0 b=1772205528354 e=1772205560854 cb=1772146815363 ce=1772205557355 disk=0 all=20
02-27 16:19:18.421 D/WifiHAL ( 2771): event received NL80211_CMD_VENDOR, vendor_id = 0x1a11, subcmd = 0x7
02-27 16:19:18.421 D/WifiHAL ( 2771): Got a RSSI monitor event
02-27 16:19:18.421 I/WifiHAL ( 2771): data: version=1, cur_rssi=-74 BSSID=62:01:*:*:*:99
02-27 16:19:18.425 I/WifiHAL ( 2771): Stop RSSI monitoring 7551
02-27 16:19:18.425 I/WifiHAL ( 2771): un-registering command 7551
02-27 16:19:18.425 I/WifiHAL ( 2771): Successfully removed command 7551: 0xb400007a38c51180 from 1
02-27 16:19:18.425 I/WifiHAL ( 2771): Cancel WifiCommand = 0xb400007a38c51180
02-27 16:19:18.425 I/WifiHAL ( 2771): SetRSSIMonitorCommand: cancel
02-27 16:19:18.425 D/WifiHAL ( 2771): WifiRequest::create vendor command to iface 37, vendor_id=0x1a11, subcmd=0x0007, res=0
02-27 16:19:18.426 I/WifiHAL ( 2771): set RSSI Monitor, mMax_rssi=-75, mMin_rssi=-78, enable=0
02-27 16:19:18.426 D/WifiHAL ( 2771): create request
02-27 16:19:18.429 I/WifiHAL ( 2771): wifi_unregister_vendor_handler: handle=0xb400007a38c59960, id=6673, subcmd=7, ifname=0xb400007a38c51220 [wlan0]
02-27 16:19:18.429 D/WifiStatusTracker( 2884): mNetworkCallback onCapabilitiesChanged network:115 mPrimaryNetworkId:115
02-27 16:19:18.429 I/WifiHAL ( 2771): wifi_unregister_vendor_handler: nl_cmd=103, id=3303, subcmd=15
02-27 16:19:18.429 I/WifiHAL ( 2771): wifi_unregister_vendor_handler: nl_cmd=103, id=6673, subcmd=7
02-27 16:19:18.429 I/WifiHAL ( 2771): Deregister vendor handler 0xb400007a38c51180:0x7a3d3e16f0 for vendor 6673, subcmd 7 from 1
02-27 16:19:18.429 I/WifiHAL ( 2771): SetRSSIMonitorCommand: cancelled
02-27 16:19:18.431 I/WifiHAL ( 2771): Start RSSI monitoring 7551
02-27 16:19:18.431 D/WifiPickerTracker( 2884): handleNetworkCapabilitiesChanged network:115
02-27 16:19:18.431 I/WifiHAL ( 2771): registering command 7551
02-27 16:19:18.431 I/WifiHAL ( 2771): Successfully added command 7551: 0xb400007a38c51180 at 1
02-27 16:19:18.431 I/WifiHAL ( 2771): SetRSSIMonitorCommand: start
02-27 16:19:18.431 D/WifiHAL ( 2771): WifiRequest::create vendor command to iface 37, vendor_id=0x1a11, subcmd=0x0007, res=0
02-27 16:19:18.431 D/SystemNetworkObserver( 2163): wifi network 115 nc changed, primary=true
02-27 16:19:18.431 I/WifiHAL ( 2771): set RSSI Monitor, mMax_rssi=127, mMin_rssi=-75, enable=1
02-27 16:19:18.431 D/WifiHAL ( 2771): create request
02-27 16:19:18.431 D/SystemNetworkObserver( 2163): default network nc changed 115
02-27 16:19:18.436 D/WifiHAL ( 2771): Successfully set RSSI monitoring
02-27 16:19:18.436 I/WifiHAL ( 2771): wifi_register_vendor_handler: id=6673, subcmd=7, ifname=0xb400007a38c51220 [wlan0]
02-27 16:19:18.436 I/WifiHAL ( 2771): Register vendor handler 0xb400007a38c51180:0x7a3d3e16f0 for vendor 6673, subcmd 7 and iface [wlan0] at 2
02-27 16:19:18.436 I/WifiHAL ( 2771): SetRSSIMonitorCommand: started
02-27 16:19:18.439 I/SystemUi--Statusbar( 2884): NetworkController.WifiSignalController-->handleStatusUpdated state=3 enabled=true connected=true isDefaultNetwork=true rssi=-74 level=3 statusLabel=null isDirty=false
02-27 16:19:18.440 I/WifiPickerTracker( 2884): wifi connected status realConnectedWifiEntry not null: true
02-27 16:19:18.467 I/NullBinder(17883): NullBinder for android.net.action.RECOMMEND_NETWORKS triggering remote TransactionTooLargeException due to Service without Chimera impl, calling uid: 1000, calling pid: 0
02-27 16:19:18.468 W/.gms.persistent(17883): Large reply transaction of 2113536 bytes, interface descriptor , code 1
02-27 16:19:18.486 W/ActivityManager( 2163): Foreground service started from background can not have location/camera/microphone access: service org.torproject.android/.service.OrbotService
02-27 16:19:18.487 I/SystemUi--QuickSettings( 2884): OplusFgsManagerController-->onForegroundStateChanged: org.torproject.android 0 true 7
02-27 16:19:18.488 I/SystemUi--QuickSettings( 2884): OplusFgsManagerController-->onForegroundStateChanged numPackagesAfter: 7
02-27 16:19:18.490 D/NotificationService--NotificationRecord( 2163): isSupportRearLight , isRearLight = false mLedRM = false isMultilLed = false
02-27 16:19:18.492 I/NullBinder(17883): NullBinder for android.net.action.RECOMMEND_NETWORKS triggering remote TransactionTooLargeException due to Service without Chimera impl, calling uid: 1000, calling pid: 0
02-27 16:19:18.492 W/.gms.persistent(17883): Large reply transaction of 2113536 bytes, interface descriptor , code 1
02-27 16:19:18.493 I/OplusStatusBarManagerServiceEnhance( 2163):  getTopIsFullscreen mTopIsFullscreen: false
02-27 16:19:18.494 D/NotificationService--OplusNotificationManagerServiceExtImpl( 2163): isForwardToAssistants: true, case : Is local notification
02-27 16:19:18.494 D/NotificationService( 2163): This application enqueue notifications is need postDelayed mcsAssistantDelayTime: 200
02-27 16:19:18.505 D/NotificationService--OplusNavigationManager( 2163): Notification--isSuppressedByDriveMode--userId:-1,mode:false
02-27 16:19:18.508 D/NotificationService--OplusNavigationManager( 2163): Notification--isSuppressedByDriveMode--userId:-1,mode:false
02-27 16:19:18.529 E/LockScreenNotificationDispatcherImp( 2884): updateNotificationListOnKg size:0
02-27 16:19:18.529 I/SystemUi--Notification( 2884): LockScreenNotificationDispatcherImp-->updateNotificationListOnKg resultCode: 0
02-27 16:19:18.559 D/UsageStatsService( 2163): User[0] type=0 b=1772205528555 e=1772205561055 cb=1772146815363 ce=1772205557355 disk=0 all=19
02-27 16:19:18.560 D/charge_time( 1347): write 19278s(05:21:18) to ttf, rc=7
02-27 16:19:18.561 D/ShellSubscriberWorkerThread(16527): the first 8 bytes empty, and RestData length > 8 
02-27 16:19:18.561 D/charge_time( 1347): type=sdp,reserve_soc=0,soc=53,ui_soc=53,current=358,avg=315,not_chg_cnt=0,stable_cnt=7,fcc=5068,fcc_ratio=106,delta=80,debug=0,region=16,ttf=26097(07:14:57),ui_ttf=19278(05:21:18)
02-27 16:19:18.562 I/BufferQueueProducer( 1409): [StatusBar#100](this:0xb40000747213c9e0,id:-1,api:0,p:-1,c:1409) queueBuffer: fps=1.94 dur=1032.90 max=882.90 min=150.00
02-27 16:19:18.595 D/OplusNotificationDateTimeView( 2884): setTime mSettingTimeMillis 1772064506283, mSettingLocalDateTime 2026-02-26T01:08:00.283
02-27 16:19:18.627 D/OplusNotificationDateTimeView( 2884): setTime mSettingTimeMillis 1772064506283, mSettingLocalDateTime 2026-02-26T01:08:00.283
02-27 16:19:18.658 D/UsageStatsService( 2163): User[0] type=0 b=1772205553653 e=1772205558653 cb=1772146815363 ce=1772205557355 disk=0 all=137
02-27 16:19:18.678 E/LockScreenNotificationDispatcherImp( 2884): updateNotificationListOnKg size:0
02-27 16:19:18.678 I/SystemUi--Notification( 2884): LockScreenNotificationDispatcherImp-->updateNotificationListOnKg resultCode: 0
02-27 16:19:18.700 D/CommonApp-115-10508( 3191): transport layer data is invalid
02-27 16:19:18.760 D/UsageStatsService( 2163): User[0] type=0 b=1772205528755 e=1772205561255 cb=1772146815363 ce=1772205557355 disk=0 all=18
02-27 16:19:18.945 I/NearbySharing(17883): Network state changed: NetworkState(isRestricted=false, isOnline=true, isCongested=false, isMetered=true, isWifiConnected=true)
02-27 16:19:18.962 D/UsageStatsService( 2163): User[0] type=0 b=1772205528957 e=1772205561457 cb=1772146815363 ce=1772205557355 disk=0 all=17
02-27 16:19:18.966 D/CommonApp-115-10508( 3191): DefaultState EVENT_SCENARIOS_CHANGE
02-27 16:19:18.967 D/CommonApp-115-10508( 3191): scene=COMMON pn=com.guardianos.shield
02-27 16:19:19.162 D/UsageStatsService( 2163): User[0] type=0 b=1772205529157 e=1772205561657 cb=1772146815363 ce=1772205557355 disk=0 all=17
02-27 16:19:19.293 D/vendor.oplus.hardware.charger-V6-service( 1347): ret_value:157, read content:,259,335,3927,3912,-358,500,2200,53,53,1,4,487,4867,53,1,0,1,1,0,0,4470,0,0,0,4,0,0,0,-2740,0,1,1,0,0,41,41,41,0,0,0,0,0,0,0,0,0,0,4,0,1,0,100,0,0,0,0,0,0,0
02-27 16:19:19.293 D/vendor.oplus.hardware.charger-V6-service( 1347): gmtime: 2026-02-27-16-19-19
02-27 16:19:19.294 D/vendor.oplus.hardware.charger-V6-service( 1347): usb_online:1, ac_online:0, wireless_online:-2147483648
02-27 16:19:19.326 D/VendorWifiService( 3260): onEvent event:9,action:1
02-27 16:19:19.363 D/UsageStatsService( 2163): User[0] type=0 b=1772205529358 e=1772205561858 cb=1772146815363 ce=1772205557355 disk=0 all=17
02-27 16:19:19.444 D/WifiHAL ( 2771): event received NL80211_CMD_VENDOR, vendor_id = 0x1a11, subcmd = 0x7
02-27 16:19:19.444 D/WifiHAL ( 2771): Got a RSSI monitor event
02-27 16:19:19.444 I/WifiHAL ( 2771): data: version=1, cur_rssi=-76 BSSID=62:01:*:*:*:99
02-27 16:19:19.447 I/WifiHAL ( 2771): Stop RSSI monitoring 7551
02-27 16:19:19.447 I/WifiHAL ( 2771): un-registering command 7551
02-27 16:19:19.447 I/WifiHAL ( 2771): Successfully removed command 7551: 0xb400007a38c51180 from 1
02-27 16:19:19.447 I/WifiHAL ( 2771): Cancel WifiCommand = 0xb400007a38c51180
02-27 16:19:19.447 I/WifiHAL ( 2771): SetRSSIMonitorCommand: cancel
02-27 16:19:19.448 D/WifiHAL ( 2771): WifiRequest::create vendor command to iface 37, vendor_id=0x1a11, subcmd=0x0007, res=0
02-27 16:19:19.448 I/WifiHAL ( 2771): set RSSI Monitor, mMax_rssi=127, mMin_rssi=-75, enable=0
02-27 16:19:19.448 D/WifiHAL ( 2771): create request
02-27 16:19:19.452 I/WifiHAL ( 2771): wifi_unregister_vendor_handler: handle=0xb400007a38c59960, id=6673, subcmd=7, ifname=0xb400007a38c51220 [wlan0]
02-27 16:19:19.452 I/WifiHAL ( 2771): wifi_unregister_vendor_handler: nl_cmd=103, id=3303, subcmd=15
02-27 16:19:19.452 I/WifiHAL ( 2771): wifi_unregister_vendor_handler: nl_cmd=103, id=6673, subcmd=7
02-27 16:19:19.452 I/WifiHAL ( 2771): Deregister vendor handler 0xb400007a38c51180:0x7a3d3e16f0 for vendor 6673, subcmd 7 from 1
02-27 16:19:19.452 D/WifiStatusTracker( 2884): mNetworkCallback onCapabilitiesChanged network:115 mPrimaryNetworkId:115
02-27 16:19:19.452 I/WifiHAL ( 2771): SetRSSIMonitorCommand: cancelled
02-27 16:19:19.454 I/WifiHAL ( 2771): Start RSSI monitoring 7551
02-27 16:19:19.454 I/WifiHAL ( 2771): registering command 7551
02-27 16:19:19.454 I/WifiHAL ( 2771): Successfully added command 7551: 0xb400007a38c51180 at 1
02-27 16:19:19.454 I/WifiHAL ( 2771): SetRSSIMonitorCommand: start
02-27 16:19:19.454 D/WifiHAL ( 2771): WifiRequest::create vendor command to iface 37, vendor_id=0x1a11, subcmd=0x0007, res=0
02-27 16:19:19.454 I/WifiHAL ( 2771): set RSSI Monitor, mMax_rssi=-75, mMin_rssi=-78, enable=1
02-27 16:19:19.454 D/WifiHAL ( 2771): create request
02-27 16:19:19.454 D/SystemNetworkObserver( 2163): wifi network 115 nc changed, primary=true
02-27 16:19:19.454 D/SystemNetworkObserver( 2163): default network nc changed 115
02-27 16:19:19.456 D/WifiPickerTracker( 2884): handleNetworkCapabilitiesChanged network:115
02-27 16:19:19.458 D/WifiHAL ( 2771): Successfully set RSSI monitoring
02-27 16:19:19.458 I/WifiHAL ( 2771): wifi_register_vendor_handler: id=6673, subcmd=7, ifname=0xb400007a38c51220 [wlan0]
02-27 16:19:19.458 I/WifiHAL ( 2771): Register vendor handler 0xb400007a38c51180:0x7a3d3e16f0 for vendor 6673, subcmd 7 and iface [wlan0] at 2
02-27 16:19:19.458 I/WifiHAL ( 2771): SetRSSIMonitorCommand: started
02-27 16:19:19.464 I/SystemUi--Statusbar( 2884): NetworkController.WifiSignalController-->handleStatusUpdated state=3 enabled=true connected=true isDefaultNetwork=true rssi=-76 level=3 statusLabel=null isDirty=false
02-27 16:19:19.466 I/WifiPickerTracker( 2884): wifi connected status realConnectedWifiEntry not null: true
02-27 16:19:19.482 W/ActivityManager( 2163): Foreground service started from background can not have location/camera/microphone access: service org.torproject.android/.service.OrbotService
02-27 16:19:19.484 I/NullBinder(17883): NullBinder for android.net.action.RECOMMEND_NETWORKS triggering remote TransactionTooLargeException due to Service without Chimera impl, calling uid: 1000, calling pid: 0
02-27 16:19:19.484 W/.gms.persistent(17883): Large reply transaction of 2113536 bytes, interface descriptor , code 1
02-27 16:19:19.485 I/SystemUi--QuickSettings( 2884): OplusFgsManagerController-->onForegroundStateChanged: org.torproject.android 0 true 7
02-27 16:19:19.485 I/SystemUi--QuickSettings( 2884): OplusFgsManagerController-->onForegroundStateChanged numPackagesAfter: 7
02-27 16:19:19.489 D/NotificationService--NotificationRecord( 2163): isSupportRearLight , isRearLight = false mLedRM = false isMultilLed = false
02-27 16:19:19.492 I/OplusStatusBarManagerServiceEnhance( 2163):  getTopIsFullscreen mTopIsFullscreen: false
02-27 16:19:19.493 D/NotificationService--OplusNotificationManagerServiceExtImpl( 2163): isForwardToAssistants: true, case : Is local notification
02-27 16:19:19.493 D/NotificationService( 2163): This application enqueue notifications is need postDelayed mcsAssistantDelayTime: 200
02-27 16:19:19.512 D/NotificationService--OplusNavigationManager( 2163): Notification--isSuppressedByDriveMode--userId:-1,mode:false
02-27 16:19:19.514 D/NotificationService--OplusNavigationManager( 2163): Notification--isSuppressedByDriveMode--userId:-1,mode:false
02-27 16:19:19.514 I/NullBinder(17883): NullBinder for android.net.action.RECOMMEND_NETWORKS triggering remote TransactionTooLargeException due to Service without Chimera impl, calling uid: 1000, calling pid: 0
02-27 16:19:19.514 W/.gms.persistent(17883): Large reply transaction of 2113536 bytes, interface descriptor , code 1
02-27 16:19:19.529 E/LockScreenNotificationDispatcherImp( 2884): updateNotificationListOnKg size:0
02-27 16:19:19.529 I/SystemUi--Notification( 2884): LockScreenNotificationDispatcherImp-->updateNotificationListOnKg resultCode: 0
02-27 16:19:19.563 D/charge_time( 1347): type=sdp,reserve_soc=0,soc=53,ui_soc=53,current=404,avg=333,not_chg_cnt=0,stable_cnt=7,fcc=5068,fcc_ratio=106,delta=81,debug=0,region=16,ttf=24681(06:51:21),ui_ttf=19277(05:21:17)
02-27 16:19:19.563 D/UsageStatsService( 2163): User[0] type=0 b=1772205529559 e=1772205562059 cb=1772146815363 ce=1772205557355 disk=0 all=17
02-27 16:19:19.592 D/OplusNotificationDateTimeView( 2884): setTime mSettingTimeMillis 1772064506283, mSettingLocalDateTime 2026-02-26T01:08:00.283
02-27 16:19:19.624 D/OplusNotificationDateTimeView( 2884): setTime mSettingTimeMillis 1772064506283, mSettingLocalDateTime 2026-02-26T01:08:00.283
02-27 16:19:19.675 E/LockScreenNotificationDispatcherImp( 2884): updateNotificationListOnKg size:0
02-27 16:19:19.676 I/SystemUi--Notification( 2884): LockScreenNotificationDispatcherImp-->updateNotificationListOnKg resultCode: 0
02-27 16:19:19.725 D/CommonApp-115-10508( 3191): transport layer data is invalid
02-27 16:19:19.729 I/BufferQueueProducer( 1409): [StatusBar#100](this:0xb40000747213c9e0,id:-1,api:0,p:-1,c:1409) queueBuffer: fps=3.43 dur=1166.54 max=633.15 min=166.51
02-27 16:19:19.764 D/UsageStatsService( 2163): User[0] type=0 b=1772205529759 e=1772205562259 cb=1772146815363 ce=1772205557355 disk=0 all=17
02-27 16:19:19.835 I/PTC.DISC.AndroidMultiLanServer( 5703): Watcher sysNif=[wlan0], userNif=[wlan0 state=(LISTEN JOIN(CA2720|61951)), ], clientNif=[wlan0 state=(LISTEN), ], tcpServer state=LISTEN, ipv4=**8.1.129
02-27 16:19:19.964 D/UsageStatsService( 2163): User[0] type=0 b=1772205529960 e=1772205562460 cb=1772146815363 ce=1772205557355 disk=0 all=17
02-27 16:19:19.967 I/NearbySharing(17883): Network state changed: NetworkState(isRestricted=false, isOnline=true, isCongested=false, isMetered=true, isWifiConnected=true)
02-27 16:19:20.165 D/UsageStatsService( 2163): User[0] type=0 b=1772205530160 e=1772205562660 cb=1772146815363 ce=1772205557355 disk=0 all=17
02-27 16:19:20.365 D/UsageStatsService( 2163): User[0] type=0 b=1772205530361 e=1772205562861 cb=1772146815363 ce=1772205557355 disk=0 all=17
02-27 16:19:20.484 W/ActivityManager( 2163): Foreground service started from background can not have location/camera/microphone access: service org.torproject.android/.service.OrbotService
02-27 16:19:20.486 I/SystemUi--QuickSettings( 2884): OplusFgsManagerController-->onForegroundStateChanged: org.torproject.android 0 true 7
02-27 16:19:20.487 I/SystemUi--QuickSettings( 2884): OplusFgsManagerController-->onForegroundStateChanged numPackagesAfter: 7
02-27 16:19:20.491 D/NotificationService--NotificationRecord( 2163): isSupportRearLight , isRearLight = false mLedRM = false isMultilLed = false
02-27 16:19:20.494 I/OplusStatusBarManagerServiceEnhance( 2163):  getTopIsFullscreen mTopIsFullscreen: false
02-27 16:19:20.495 D/NotificationService--OplusNotificationManagerServiceExtImpl( 2163): isForwardToAssistants: true, case : Is local notification
02-27 16:19:20.495 D/NotificationService( 2163): This application enqueue notifications is need postDelayed mcsAssistantDelayTime: 200
02-27 16:19:20.512 D/NotificationService--OplusNavigationManager( 2163): Notification--isSuppressedByDriveMode--userId:-1,mode:false
02-27 16:19:20.515 D/NotificationService--OplusNavigationManager( 2163): Notification--isSuppressedByDriveMode--userId:-1,mode:false
02-27 16:19:20.529 E/LockScreenNotificationDispatcherImp( 2884): updateNotificationListOnKg size:0
02-27 16:19:20.530 I/SystemUi--Notification( 2884): LockScreenNotificationDispatcherImp-->updateNotificationListOnKg resultCode: 0
02-27 16:19:20.562 D/UsageStatsService( 2163): User[0] type=0 b=1772205413416 e=1772205560559 cb=1772146815363 ce=1772205557355 disk=0 all=53
02-27 16:19:20.565 D/UsageStatsService( 2163): User[0] type=0 b=1772205530561 e=1772205563061 cb=1772146815363 ce=1772205557355 disk=0 all=15
02-27 16:19:20.567 D/charge_time( 1347): type=sdp,reserve_soc=0,soc=53,ui_soc=53,current=303,avg=337,not_chg_cnt=0,stable_cnt=7,fcc=5068,fcc_ratio=106,delta=82,debug=0,region=16,ttf=24386(06:46:26),ui_ttf=19276(05:21:16)
02-27 16:19:20.592 D/OplusNotificationDateTimeView( 2884): setTime mSettingTimeMillis 1772064506283, mSettingLocalDateTime 2026-02-26T01:08:00.283
02-27 16:19:20.612 D/vendor.oplus.hardware.charger-V6-service( 1347): get_ui_charge_icon_type 0 0 0 0 0
02-27 16:19:20.613 D/vendor.oplus.hardware.charger-V6-service( 1347): oplus_chg_get_cpa_power 2500 charge_online 1 retention_topic 0
02-27 16:19:20.620 D/OplusNotificationDateTimeView( 2884): setTime mSettingTimeMillis 1772064506283, mSettingLocalDateTime 2026-02-26T01:08:00.283
02-27 16:19:20.629 D/vendor.oplus.hardware.charger-V6-service( 1347): get_ui_charge_icon_type 0 0 0 0 0
02-27 16:19:20.632 D/vendor.oplus.hardware.charger-V6-service( 1347): oplus_chg_get_cpa_power 2500 charge_online 1 retention_topic 0
02-27 16:19:20.648 D/vendor.oplus.hardware.charger-V6-service( 1347): get_ui_charge_icon_type 0 0 0 0 0
02-27 16:19:20.651 D/vendor.oplus.hardware.charger-V6-service( 1347): oplus_chg_get_cpa_power 2500 charge_online 1 retention_topic 0
02-27 16:19:20.665 E/LockScreenNotificationDispatcherImp( 2884): updateNotificationListOnKg size:0
02-27 16:19:20.665 I/SystemUi--Notification( 2884): LockScreenNotificationDispatcherImp-->updateNotificationListOnKg resultCode: 0
02-27 16:19:20.665 D/vendor.oplus.hardware.charger-V6-service( 1347): get_ui_charge_icon_type 0 0 0 0 0
02-27 16:19:20.666 D/vendor.oplus.hardware.charger-V6-service( 1347): oplus_chg_get_cpa_power 2500 charge_online 1 retention_topic 0
02-27 16:19:20.674 D/UsageStatsService( 2163): User[0] type=0 b=1772205555670 e=1772205560670 cb=1772146815363 ce=1772205557355 disk=0 all=137
