02-27 16:19:27.501 I/SystemUi--QuickSettings( 2884): OplusFgsManagerController-->onForegroundStateChanged: org.torproject.android 0 true 7
02-27 16:19:27.501 I/SystemUi--QuickSettings( 2884): OplusFgsManagerController-->onForegroundStateChanged numPackagesAfter: 7
02-27 16:19:27.508 D/NotificationService--NotificationRecord( 2163): isSupportRearLight , isRearLight = false mLedRM = false isMultilLed = false
02-27 16:19:27.511 I/OplusStatusBarManagerServiceEnhance( 2163):  getTopIsFullscreen mTopIsFullscreen: false
02-27 16:19:27.513 D/NotificationService--OplusNotificationManagerServiceExtImpl( 2163): isForwardToAssistants: true, case : Is local notification
02-27 16:19:27.513 D/NotificationService( 2163): This application enqueue notifications is need postDelayed mcsAssistantDelayTime: 200
02-27 16:19:27.532 D/NotificationService--OplusNavigationManager( 2163): Notification--isSuppressedByDriveMode--userId:-1,mode:false
02-27 16:19:27.536 D/NotificationService--OplusNavigationManager( 2163): Notification--isSuppressedByDriveMode--userId:-1,mode:false
02-27 16:19:27.545 E/LockScreenNotificationDispatcherImp( 2884): updateNotificationListOnKg size:0
02-27 16:19:27.545 I/SystemUi--Notification( 2884): LockScreenNotificationDispatcherImp-->updateNotificationListOnKg resultCode: 0
02-27 16:19:27.579 D/WifiHAL ( 2771): event received NL80211_CMD_VENDOR, vendor_id = 0x1a11, subcmd = 0x7
02-27 16:19:27.580 D/WifiHAL ( 2771): Got a RSSI monitor event
02-27 16:19:27.580 I/WifiHAL ( 2771): data: version=1, cur_rssi=-77 BSSID=62:01:*:*:*:99
02-27 16:19:27.583 I/WifiHAL ( 2771): Stop RSSI monitoring 7551
02-27 16:19:27.583 I/WifiHAL ( 2771): un-registering command 7551
02-27 16:19:27.584 I/WifiHAL ( 2771): Successfully removed command 7551: 0xb400007a38c51180 from 1
02-27 16:19:27.584 I/WifiHAL ( 2771): Cancel WifiCommand = 0xb400007a38c51180
02-27 16:19:27.584 I/WifiHAL ( 2771): SetRSSIMonitorCommand: cancel
02-27 16:19:27.584 D/WifiHAL ( 2771): WifiRequest::create vendor command to iface 37, vendor_id=0x1a11, subcmd=0x0007, res=0
02-27 16:19:27.584 I/WifiHAL ( 2771): set RSSI Monitor, mMax_rssi=-78, mMin_rssi=-85, enable=0
02-27 16:19:27.584 D/WifiHAL ( 2771): create request
02-27 16:19:27.586 D/charge_time( 1347): type=sdp,reserve_soc=0,soc=53,ui_soc=53,current=318,avg=292,not_chg_cnt=0,stable_cnt=7,fcc=5068,fcc_ratio=106,delta=89,debug=0,region=16,ttf=28149(07:49:09),ui_ttf=19269(05:21:09)
02-27 16:19:27.587 I/WifiHAL ( 2771): wifi_unregister_vendor_handler: handle=0xb400007a38c59960, id=6673, subcmd=7, ifname=0xb400007a38c51220 [wlan0]
02-27 16:19:27.587 D/UsageStatsService( 2163): User[0] type=0 b=1772205537582 e=1772205570082 cb=1772146815363 ce=1772205563426 disk=0 all=11
02-27 16:19:27.587 I/WifiHAL ( 2771): wifi_unregister_vendor_handler: nl_cmd=103, id=3303, subcmd=15
02-27 16:19:27.587 I/WifiHAL ( 2771): wifi_unregister_vendor_handler: nl_cmd=103, id=6673, subcmd=7
02-27 16:19:27.587 I/WifiHAL ( 2771): Deregister vendor handler 0xb400007a38c51180:0x7a3d3e16f0 for vendor 6673, subcmd 7 from 1
02-27 16:19:27.587 I/WifiHAL ( 2771): SetRSSIMonitorCommand: cancelled
02-27 16:19:27.589 I/WifiHAL ( 2771): Start RSSI monitoring 7551
02-27 16:19:27.589 I/WifiHAL ( 2771): registering command 7551
02-27 16:19:27.589 I/WifiHAL ( 2771): Successfully added command 7551: 0xb400007a38c51180 at 1
02-27 16:19:27.589 I/WifiHAL ( 2771): SetRSSIMonitorCommand: start
02-27 16:19:27.589 D/WifiHAL ( 2771): WifiRequest::create vendor command to iface 37, vendor_id=0x1a11, subcmd=0x0007, res=0
02-27 16:19:27.589 I/WifiHAL ( 2771): set RSSI Monitor, mMax_rssi=-75, mMin_rssi=-78, enable=1
02-27 16:19:27.589 D/WifiHAL ( 2771): create request
02-27 16:19:27.592 D/WifiStatusTracker( 2884): mNetworkCallback onCapabilitiesChanged network:115 mPrimaryNetworkId:115
02-27 16:19:27.593 D/WifiHAL ( 2771): Successfully set RSSI monitoring
02-27 16:19:27.593 I/WifiHAL ( 2771): wifi_register_vendor_handler: id=6673, subcmd=7, ifname=0xb400007a38c51220 [wlan0]
02-27 16:19:27.593 I/WifiHAL ( 2771): Register vendor handler 0xb400007a38c51180:0x7a3d3e16f0 for vendor 6673, subcmd 7 and iface [wlan0] at 2
02-27 16:19:27.593 I/WifiHAL ( 2771): SetRSSIMonitorCommand: started
02-27 16:19:27.595 D/WifiPickerTracker( 2884): handleNetworkCapabilitiesChanged network:115
02-27 16:19:27.597 D/SystemNetworkObserver( 2163): wifi network 115 nc changed, primary=true
02-27 16:19:27.597 D/SystemNetworkObserver( 2163): default network nc changed 115
02-27 16:19:27.602 I/SystemUi--Statusbar( 2884): NetworkController.WifiSignalController-->handleStatusUpdated state=3 enabled=true connected=true isDefaultNetwork=true rssi=-77 level=2 statusLabel=null isDirty=false
02-27 16:19:27.603 I/WifiPickerTracker( 2884): wifi connected status realConnectedWifiEntry not null: true
02-27 16:19:27.613 I/NullBinder(17883): NullBinder for android.net.action.RECOMMEND_NETWORKS triggering remote TransactionTooLargeException due to Service without Chimera impl, calling uid: 1000, calling pid: 0
02-27 16:19:27.613 W/.gms.persistent(17883): Large reply transaction of 2113536 bytes, interface descriptor , code 1
02-27 16:19:27.617 D/OplusNotificationDateTimeView( 2884): setTime mSettingTimeMillis 1772064506283, mSettingLocalDateTime 2026-02-26T01:08:00.283
02-27 16:19:27.629 I/NullBinder(17883): NullBinder for android.net.action.RECOMMEND_NETWORKS triggering remote TransactionTooLargeException due to Service without Chimera impl, calling uid: 1000, calling pid: 0
02-27 16:19:27.630 W/.gms.persistent(17883): Large reply transaction of 2113536 bytes, interface descriptor , code 1
02-27 16:19:27.648 D/OplusNotificationDateTimeView( 2884): setTime mSettingTimeMillis 1772064506283, mSettingLocalDateTime 2026-02-26T01:08:00.283
02-27 16:19:27.701 E/LockScreenNotificationDispatcherImp( 2884): updateNotificationListOnKg size:0
02-27 16:19:27.701 I/SystemUi--Notification( 2884): LockScreenNotificationDispatcherImp-->updateNotificationListOnKg resultCode: 0
02-27 16:19:27.745 I/BufferQueueProducer( 1409): [StatusBar#100](this:0xb40000747213c9e0,id:-1,api:0,p:-1,c:1409) queueBuffer: fps=3.43 dur=1166.50 max=716.65 min=116.83
02-27 16:19:27.787 D/UsageStatsService( 2163): User[0] type=0 b=1772205537782 e=1772205570282 cb=1772146815363 ce=1772205563426 disk=0 all=11
02-27 16:19:27.916 D/CommonApp-115-10508( 3191): transport layer data is invalid
02-27 16:19:27.987 D/UsageStatsService( 2163): User[0] type=0 b=1772205537982 e=1772205570482 cb=1772146815363 ce=1772205563426 disk=0 all=11
02-27 16:19:28.109 I/NearbySharing(17883): Network state changed: NetworkState(isRestricted=false, isOnline=true, isCongested=false, isMetered=true, isWifiConnected=true)
02-27 16:19:28.187 D/UsageStatsService( 2163): User[0] type=0 b=1772205538182 e=1772205570682 cb=1772146815363 ce=1772205563426 disk=0 all=11
02-27 16:19:28.389 D/UsageStatsService( 2163): User[0] type=0 b=1772205538384 e=1772205570884 cb=1772146815363 ce=1772205563426 disk=0 all=11
02-27 16:19:28.501 W/ActivityManager( 2163): Foreground service started from background can not have location/camera/microphone access: service org.torproject.android/.service.OrbotService
02-27 16:19:28.502 I/SystemUi--QuickSettings( 2884): OplusFgsManagerController-->onForegroundStateChanged: org.torproject.android 0 true 7
02-27 16:19:28.502 I/SystemUi--QuickSettings( 2884): OplusFgsManagerController-->onForegroundStateChanged numPackagesAfter: 7
02-27 16:19:28.508 D/NotificationService--NotificationRecord( 2163): isSupportRearLight , isRearLight = false mLedRM = false isMultilLed = false
02-27 16:19:28.510 I/OplusStatusBarManagerServiceEnhance( 2163):  getTopIsFullscreen mTopIsFullscreen: false
02-27 16:19:28.512 D/NotificationService--OplusNotificationManagerServiceExtImpl( 2163): isForwardToAssistants: true, case : Is local notification
02-27 16:19:28.512 D/NotificationService( 2163): This application enqueue notifications is need postDelayed mcsAssistantDelayTime: 200
02-27 16:19:28.531 D/NotificationService--OplusNavigationManager( 2163): Notification--isSuppressedByDriveMode--userId:-1,mode:false
02-27 16:19:28.534 D/NotificationService--OplusNavigationManager( 2163): Notification--isSuppressedByDriveMode--userId:-1,mode:false
02-27 16:19:28.545 E/LockScreenNotificationDispatcherImp( 2884): updateNotificationListOnKg size:0
02-27 16:19:28.545 I/SystemUi--Notification( 2884): LockScreenNotificationDispatcherImp-->updateNotificationListOnKg resultCode: 0
02-27 16:19:28.589 D/charge_time( 1347): write 19268s(05:21:08) to ttf, rc=7
02-27 16:19:28.589 D/charge_time( 1347): type=sdp,reserve_soc=0,soc=53,ui_soc=53,current=281,avg=288,not_chg_cnt=0,stable_cnt=7,fcc=5068,fcc_ratio=106,delta=90,debug=0,region=16,ttf=28541(07:55:41),ui_ttf=19268(05:21:08)
02-27 16:19:28.589 D/UsageStatsService( 2163): User[0] type=0 b=1772205538584 e=1772205571084 cb=1772146815363 ce=1772205563426 disk=0 all=11
02-27 16:19:28.609 D/OplusNotificationDateTimeView( 2884): setTime mSettingTimeMillis 1772064506283, mSettingLocalDateTime 2026-02-26T01:08:00.283
02-27 16:19:28.641 D/OplusNotificationDateTimeView( 2884): setTime mSettingTimeMillis 1772064506283, mSettingLocalDateTime 2026-02-26T01:08:00.283
02-27 16:19:28.692 E/LockScreenNotificationDispatcherImp( 2884): updateNotificationListOnKg size:0
02-27 16:19:28.692 I/SystemUi--Notification( 2884): LockScreenNotificationDispatcherImp-->updateNotificationListOnKg resultCode: 0
02-27 16:19:28.789 D/UsageStatsService( 2163): User[0] type=0 b=1772205538785 e=1772205571285 cb=1772146815363 ce=1772205563426 disk=0 all=11
02-27 16:19:28.941 D/CommonApp-115-10508( 3191): transport layer data is invalid
02-27 16:19:28.991 D/UsageStatsService( 2163): User[0] type=0 b=1772205538986 e=1772205571486 cb=1772146815363 ce=1772205563426 disk=0 all=11
02-27 16:19:29.192 D/UsageStatsService( 2163): User[0] type=0 b=1772205539187 e=1772205571687 cb=1772146815363 ce=1772205563426 disk=0 all=11
02-27 16:19:29.297 D/vendor.oplus.hardware.charger-V6-service( 1347): ret_value:157, read content:,259,335,3936,3921,-281,500,2200,53,53,1,4,487,4863,53,1,0,1,1,0,0,4470,0,0,0,4,0,0,0,-2740,0,1,1,0,0,41,41,41,0,0,0,0,0,0,0,0,0,0,4,0,1,0,100,0,0,0,0,0,0,0
02-27 16:19:29.298 D/vendor.oplus.hardware.charger-V6-service( 1347): gmtime: 2026-02-27-16-19-29
02-27 16:19:29.299 D/vendor.oplus.hardware.charger-V6-service( 1347): usb_online:1, ac_online:0, wireless_online:-2147483648
02-27 16:19:29.393 D/UsageStatsService( 2163): User[0] type=0 b=1772205539388 e=1772205571888 cb=1772146815363 ce=1772205563426 disk=0 all=11
02-27 16:19:29.447 D/OplusWifiPower_TriggerCenter( 2163): mComponentCallback: wifistat
02-27 16:19:29.448 D/VendorWifiService( 3260): onEvent event:9,action:1
02-27 16:19:29.478 I/BufferQueueProducer( 1409): [StatusBar#100](this:0xb40000747213c9e0,id:-1,api:0,p:-1,c:1409) queueBuffer: fps=1.73 dur=1733.21 max=833.68 min=149.47
02-27 16:19:29.504 W/ActivityManager( 2163): Foreground service started from background can not have location/camera/microphone access: service org.torproject.android/.service.OrbotService
02-27 16:19:29.505 I/SystemUi--QuickSettings( 2884): OplusFgsManagerController-->onForegroundStateChanged: org.torproject.android 0 true 7
02-27 16:19:29.506 I/SystemUi--QuickSettings( 2884): OplusFgsManagerController-->onForegroundStateChanged numPackagesAfter: 7
02-27 16:19:29.512 D/NotificationService--NotificationRecord( 2163): isSupportRearLight , isRearLight = false mLedRM = false isMultilLed = false
02-27 16:19:29.515 I/OplusStatusBarManagerServiceEnhance( 2163):  getTopIsFullscreen mTopIsFullscreen: false
02-27 16:19:29.517 D/NotificationService--OplusNotificationManagerServiceExtImpl( 2163): isForwardToAssistants: true, case : Is local notification
02-27 16:19:29.517 D/NotificationService( 2163): This application enqueue notifications is need postDelayed mcsAssistantDelayTime: 200
02-27 16:19:29.534 D/NotificationService--OplusNavigationManager( 2163): Notification--isSuppressedByDriveMode--userId:-1,mode:false
02-27 16:19:29.537 D/NotificationService--OplusNavigationManager( 2163): Notification--isSuppressedByDriveMode--userId:-1,mode:false
02-27 16:19:29.562 E/LockScreenNotificationDispatcherImp( 2884): updateNotificationListOnKg size:0
02-27 16:19:29.562 I/SystemUi--Notification( 2884): LockScreenNotificationDispatcherImp-->updateNotificationListOnKg resultCode: 0
02-27 16:19:29.592 D/charge_time( 1347): type=sdp,reserve_soc=0,soc=53,ui_soc=53,current=279,avg=275,not_chg_cnt=0,stable_cnt=7,fcc=5068,fcc_ratio=106,delta=91,debug=0,region=16,ttf=29893(08:18:13),ui_ttf=19267(05:21:07)
02-27 16:19:29.593 D/UsageStatsService( 2163): User[0] type=0 b=1772205539588 e=1772205572088 cb=1772146815363 ce=1772205563426 disk=0 all=11
02-27 16:19:29.625 D/OplusNotificationDateTimeView( 2884): setTime mSettingTimeMillis 1772064506283, mSettingLocalDateTime 2026-02-26T01:08:00.283
02-27 16:19:29.656 D/OplusNotificationDateTimeView( 2884): setTime mSettingTimeMillis 1772064506283, mSettingLocalDateTime 2026-02-26T01:08:00.283
02-27 16:19:29.705 E/LockScreenNotificationDispatcherImp( 2884): updateNotificationListOnKg size:0
02-27 16:19:29.706 I/SystemUi--Notification( 2884): LockScreenNotificationDispatcherImp-->updateNotificationListOnKg resultCode: 0
02-27 16:19:29.793 D/UsageStatsService( 2163): User[0] type=0 b=1772205539789 e=1772205572289 cb=1772146815363 ce=1772205563426 disk=0 all=11
02-27 16:19:29.964 D/CommonApp-115-10508( 3191): transport layer data is invalid
02-27 16:19:29.995 D/UsageStatsService( 2163): User[0] type=0 b=1772205539990 e=1772205572490 cb=1772146815363 ce=1772205563426 disk=0 all=11
02-27 16:19:30.195 D/UsageStatsService( 2163): User[0] type=0 b=1772205540191 e=1772205572691 cb=1772146815363 ce=1772205563426 disk=0 all=11
02-27 16:19:30.221 D/CoexRfService( 3260): report RRC state:true
02-27 16:19:30.396 D/UsageStatsService( 2163): User[0] type=0 b=1772205540391 e=1772205572891 cb=1772146815363 ce=1772205563426 disk=0 all=11
02-27 16:19:30.505 W/ActivityManager( 2163): Foreground service started from background can not have location/camera/microphone access: service org.torproject.android/.service.OrbotService
02-27 16:19:30.506 I/SystemUi--QuickSettings( 2884): OplusFgsManagerController-->onForegroundStateChanged: org.torproject.android 0 true 7
02-27 16:19:30.507 I/SystemUi--QuickSettings( 2884): OplusFgsManagerController-->onForegroundStateChanged numPackagesAfter: 7
02-27 16:19:30.512 D/NotificationService--NotificationRecord( 2163): isSupportRearLight , isRearLight = false mLedRM = false isMultilLed = false
02-27 16:19:30.514 I/OplusStatusBarManagerServiceEnhance( 2163):  getTopIsFullscreen mTopIsFullscreen: false
02-27 16:19:30.515 D/NotificationService--OplusNotificationManagerServiceExtImpl( 2163): isForwardToAssistants: true, case : Is local notification
02-27 16:19:30.516 D/NotificationService( 2163): This application enqueue notifications is need postDelayed mcsAssistantDelayTime: 200
02-27 16:19:30.533 D/NotificationService--OplusNavigationManager( 2163): Notification--isSuppressedByDriveMode--userId:-1,mode:false
02-27 16:19:30.536 D/NotificationService--OplusNavigationManager( 2163): Notification--isSuppressedByDriveMode--userId:-1,mode:false
02-27 16:19:30.545 E/LockScreenNotificationDispatcherImp( 2884): updateNotificationListOnKg size:0
02-27 16:19:30.546 I/SystemUi--Notification( 2884): LockScreenNotificationDispatcherImp-->updateNotificationListOnKg resultCode: 0
02-27 16:19:30.578 I/BufferQueueProducer( 1409): [StatusBar#100](this:0xb40000747213c9e0,id:-1,api:0,p:-1,c:1409) queueBuffer: fps=2.73 dur=1100.37 max=833.50 min=117.34
02-27 16:19:30.595 D/charge_time( 1347): type=sdp,reserve_soc=0,soc=53,ui_soc=53,current=297,avg=283,not_chg_cnt=0,stable_cnt=7,fcc=5068,fcc_ratio=106,delta=92,debug=0,region=16,ttf=29044(08:04:04),ui_ttf=19266(05:21:06)
02-27 16:19:30.597 D/UsageStatsService( 2163): User[0] type=0 b=1772205540592 e=1772205573092 cb=1772146815363 ce=1772205563426 disk=0 all=11
02-27 16:19:30.607 D/OplusNotificationDateTimeView( 2884): setTime mSettingTimeMillis 1772064506283, mSettingLocalDateTime 2026-02-26T01:08:00.283
02-27 16:19:30.638 D/OplusNotificationDateTimeView( 2884): setTime mSettingTimeMillis 1772064506283, mSettingLocalDateTime 2026-02-26T01:08:00.283
02-27 16:19:30.689 E/LockScreenNotificationDispatcherImp( 2884): updateNotificationListOnKg size:0
02-27 16:19:30.690 I/SystemUi--Notification( 2884): LockScreenNotificationDispatcherImp-->updateNotificationListOnKg resultCode: 0
02-27 16:19:30.797 D/UsageStatsService( 2163): User[0] type=0 b=1772205540792 e=1772205573292 cb=1772146815363 ce=1772205563426 disk=0 all=11
02-27 16:19:30.814 E/ipsec_policy_mont( 1789): xfrm state: 000000f8 00000018 00000000
02-27 16:19:30.814 E/ipsec_policy_mont( 1789): xfrm state: 000000f8 00000018 00000000
02-27 16:19:30.989 D/CommonApp-115-10508( 3191): transport layer data is invalid
02-27 16:19:30.997 D/UsageStatsService( 2163): User[0] type=0 b=1772205540993 e=1772205573493 cb=1772146815363 ce=1772205563426 disk=0 all=11
02-27 16:19:31.117 D/WifiHAL ( 2771): event received NL80211_CMD_VENDOR, vendor_id = 0x1a11, subcmd = 0x7
02-27 16:19:31.117 D/WifiHAL ( 2771): Got a RSSI monitor event
02-27 16:19:31.117 I/WifiHAL ( 2771): data: version=1, cur_rssi=-74 BSSID=62:01:*:*:*:99
02-27 16:19:31.121 I/WifiHAL ( 2771): Stop RSSI monitoring 7551
02-27 16:19:31.121 I/WifiHAL ( 2771): un-registering command 7551
02-27 16:19:31.121 I/WifiHAL ( 2771): Successfully removed command 7551: 0xb400007a38c51180 from 1
02-27 16:19:31.121 I/WifiHAL ( 2771): Cancel WifiCommand = 0xb400007a38c51180
02-27 16:19:31.121 I/WifiHAL ( 2771): SetRSSIMonitorCommand: cancel
02-27 16:19:31.122 D/WifiHAL ( 2771): WifiRequest::create vendor command to iface 37, vendor_id=0x1a11, subcmd=0x0007, res=0
02-27 16:19:31.122 I/WifiHAL ( 2771): set RSSI Monitor, mMax_rssi=-75, mMin_rssi=-78, enable=0
02-27 16:19:31.122 D/WifiHAL ( 2771): create request
02-27 16:19:31.125 I/WifiHAL ( 2771): wifi_unregister_vendor_handler: handle=0xb400007a38c59960, id=6673, subcmd=7, ifname=0xb400007a38c51220 [wlan0]
02-27 16:19:31.125 I/WifiHAL ( 2771): wifi_unregister_vendor_handler: nl_cmd=103, id=3303, subcmd=15
02-27 16:19:31.125 I/WifiHAL ( 2771): wifi_unregister_vendor_handler: nl_cmd=103, id=6673, subcmd=7
02-27 16:19:31.125 I/WifiHAL ( 2771): Deregister vendor handler 0xb400007a38c51180:0x7a3d3e16f0 for vendor 6673, subcmd 7 from 1
02-27 16:19:31.125 I/WifiHAL ( 2771): SetRSSIMonitorCommand: cancelled
02-27 16:19:31.127 I/WifiHAL ( 2771): Start RSSI monitoring 7551
02-27 16:19:31.127 I/WifiHAL ( 2771): registering command 7551
02-27 16:19:31.127 I/WifiHAL ( 2771): Successfully added command 7551: 0xb400007a38c51180 at 1
02-27 16:19:31.127 I/WifiHAL ( 2771): SetRSSIMonitorCommand: start
02-27 16:19:31.127 D/WifiHAL ( 2771): WifiRequest::create vendor command to iface 37, vendor_id=0x1a11, subcmd=0x0007, res=0
02-27 16:19:31.127 I/WifiHAL ( 2771): set RSSI Monitor, mMax_rssi=127, mMin_rssi=-75, enable=1
02-27 16:19:31.127 D/WifiHAL ( 2771): create request
02-27 16:19:31.131 D/WifiHAL ( 2771): Successfully set RSSI monitoring
02-27 16:19:31.131 I/WifiHAL ( 2771): wifi_register_vendor_handler: id=6673, subcmd=7, ifname=0xb400007a38c51220 [wlan0]
02-27 16:19:31.131 I/WifiHAL ( 2771): Register vendor handler 0xb400007a38c51180:0x7a3d3e16f0 for vendor 6673, subcmd 7 and iface [wlan0] at 2
02-27 16:19:31.131 I/WifiHAL ( 2771): SetRSSIMonitorCommand: started
02-27 16:19:31.131 D/WifiStatusTracker( 2884): mNetworkCallback onCapabilitiesChanged network:115 mPrimaryNetworkId:115
02-27 16:19:31.135 D/WifiPickerTracker( 2884): handleNetworkCapabilitiesChanged network:115
02-27 16:19:31.136 D/SystemNetworkObserver( 2163): wifi network 115 nc changed, primary=true
02-27 16:19:31.136 D/SystemNetworkObserver( 2163): default network nc changed 115
02-27 16:19:31.142 I/SystemUi--Statusbar( 2884): NetworkController.WifiSignalController-->handleStatusUpdated state=3 enabled=true connected=true isDefaultNetwork=true rssi=-74 level=3 statusLabel=null isDirty=false
02-27 16:19:31.143 I/WifiPickerTracker( 2884): wifi connected status realConnectedWifiEntry not null: true
02-27 16:19:31.144 I/SystemUi--Statusbar( 2884): WifiViewModel-->wifiIcon icon:Tres barras de Wi-Fi. isDefault:true alwaysShowIconIfEnabled:false
02-27 16:19:31.152 I/NullBinder(17883): NullBinder for android.net.action.RECOMMEND_NETWORKS triggering remote TransactionTooLargeException due to Service without Chimera impl, calling uid: 1000, calling pid: 0
02-27 16:19:31.152 W/.gms.persistent(17883): Large reply transaction of 2113536 bytes, interface descriptor , code 1
02-27 16:19:31.175 I/NullBinder(17883): NullBinder for android.net.action.RECOMMEND_NETWORKS triggering remote TransactionTooLargeException due to Service without Chimera impl, calling uid: 1000, calling pid: 0
02-27 16:19:31.176 W/.gms.persistent(17883): Large reply transaction of 2113536 bytes, interface descriptor , code 1
02-27 16:19:31.198 D/UsageStatsService( 2163): User[0] type=0 b=1772205541193 e=1772205573693 cb=1772146815363 ce=1772205563426 disk=0 all=11
02-27 16:19:31.398 D/UsageStatsService( 2163): User[0] type=0 b=1772205541393 e=1772205573893 cb=1772146815363 ce=1772205563426 disk=0 all=11
02-27 16:19:31.465 D/MBrainLocalService( 2163): isVendorFreezeConditionPass is false
02-27 16:19:31.465 D/MBrainLocalService( 2163): notifyNetworkChange failed
02-27 16:19:31.469 D/OplusGameFirstManager( 2163): oldAverRssi=-76,rssi=-74,newAverRssi=-75
02-27 16:19:31.472 D/VendorWifiService( 3260): onEvent event:9,action:1
02-27 16:19:31.474 D/WifiStatusTracker( 2884): mNetworkCallback onCapabilitiesChanged network:115 mPrimaryNetworkId:115
02-27 16:19:31.478 D/WifiPickerTracker( 2884): handleNetworkCapabilitiesChanged network:115
02-27 16:19:31.484 D/SystemNetworkObserver( 2163): wifi network 115 nc changed, primary=true
02-27 16:19:31.484 D/SystemNetworkObserver( 2163): default network nc changed 115
02-27 16:19:31.485 I/SystemUi--Statusbar( 2884): NetworkController.WifiSignalController-->handleStatusUpdated state=3 enabled=true connected=true isDefaultNetwork=true rssi=-74 level=3 statusLabel=null isDirty=false
02-27 16:19:31.486 I/WifiPickerTracker( 2884): wifi connected status realConnectedWifiEntry not null: true
02-27 16:19:31.494 I/NullBinder(17883): NullBinder for android.net.action.RECOMMEND_NETWORKS triggering remote TransactionTooLargeException due to Service without Chimera impl, calling uid: 1000, calling pid: 0
02-27 16:19:31.494 W/.gms.persistent(17883): Large reply transaction of 2113536 bytes, interface descriptor , code 1
02-27 16:19:31.497 D/SubsysEventListenerManager( 3260): onCapabilitiesChanged
02-27 16:19:31.497 D/DataStateTracker( 3260): getCurDataChannel, channel:1
02-27 16:19:31.499 D/OplusSlaNetworkManager( 2163): isPrimaryWifi:false network:117
02-27 16:19:31.501 I/SystemUi--Statusbar( 2884): NetworkController.WifiSignalController-->handleStatusUpdated state=3 enabled=true connected=true isDefaultNetwork=true rssi=-74 level=3 statusLabel=null isDirty=false
02-27 16:19:31.503 I/DeltaChat( 5318): ++++++++++++++++++ NetworkCallback.onCapabilitiesChanged() #9745
02-27 16:19:31.510 I/NullBinder(17883): NullBinder for android.net.action.RECOMMEND_NETWORKS triggering remote TransactionTooLargeException due to Service without Chimera impl, calling uid: 1000, calling pid: 0
02-27 16:19:31.510 W/.gms.persistent(17883): Large reply transaction of 2113536 bytes, interface descriptor , code 1
02-27 16:19:31.510 I/NearbyMediums(17883): [WifiNetworkV2] defaultNetworkCallback onCapabilitiesChanged network:117 [ WIFI VPN ] isNonBypassable:true
02-27 16:19:31.511 W/ActivityManager( 2163): Foreground service started from background can not have location/camera/microphone access: service org.torproject.android/.service.OrbotService
02-27 16:19:31.515 I/SystemUi--QuickSettings( 2884): OplusFgsManagerController-->onForegroundStateChanged: org.torproject.android 0 true 7
02-27 16:19:31.515 I/BugleRcsEngine(28328): Connected state: [1], networkType: [WIFI] [CONTEXT thread_id=575 ]
02-27 16:19:31.515 I/SystemUi--QuickSettings( 2884): OplusFgsManagerController-->onForegroundStateChanged numPackagesAfter: 7
02-27 16:19:31.515 I/BugleRcsEngine(28328): handleMessage processing message:[NOTIFY_UPTIME_IGNORE_STATE_CHANGED] with [non-null]:RcsEngineImpl reference [CONTEXT log_prefix="RcsEngineImpl[DUAL_REG]:[115eabb8-4d09]>Handler" thread_id=578 ]
02-27 16:19:31.516 D/NotificationService--NotificationRecord( 2163): isSupportRearLight , isRearLight = false mLedRM = false isMultilLed = false
02-27 16:19:31.517 I/OplusStatusBarManagerServiceEnhance( 2163):  getTopIsFullscreen mTopIsFullscreen: false
02-27 16:19:31.520 D/NotificationService--OplusNotificationManagerServiceExtImpl( 2163): isForwardToAssistants: true, case : Is local notification
02-27 16:19:31.520 D/NotificationService( 2163): This application enqueue notifications is need postDelayed mcsAssistantDelayTime: 200
02-27 16:19:31.525 I/BugleRcsEngine(28328): Rcs is enabled from user settings: true [CONTEXT log_prefix="ProvisioningEngineDataRetriever" thread_id=578 ]
02-27 16:19:31.529 D/NotificationService--OplusNavigationManager( 2163): Notification--isSuppressedByDriveMode--userId:-1,mode:false
02-27 16:19:31.532 D/NotificationService--OplusNavigationManager( 2163): Notification--isSuppressedByDriveMode--userId:-1,mode:false
02-27 16:19:31.543 E/LockScreenNotificationDispatcherImp( 2884): updateNotificationListOnKg size:0
02-27 16:19:31.543 I/SystemUi--Notification( 2884): LockScreenNotificationDispatcherImp-->updateNotificationListOnKg resultCode: 0
02-27 16:19:31.577 W/com.heytap.htms(28201): Reducing the number of considered missed Gc histogram windows from 167 to 100
02-27 16:19:31.598 D/charge_time( 1347): type=sdp,reserve_soc=0,soc=53,ui_soc=53,current=245,avg=284,not_chg_cnt=0,stable_cnt=7,fcc=5068,fcc_ratio=106,delta=93,debug=0,region=16,ttf=28941(08:02:21),ui_ttf=19265(05:21:05)
02-27 16:19:31.598 D/UsageStatsService( 2163): User[0] type=0 b=1772205541593 e=1772205574093 cb=1772146815363 ce=1772205571518 disk=0 all=11
02-27 16:19:31.599 D/vendor.oplus.hardware.charger-V6-service( 1347): get_ui_charge_icon_type 0 0 0 0 0
02-27 16:19:31.602 D/vendor.oplus.hardware.charger-V6-service( 1347): oplus_chg_get_cpa_power 2500 charge_online 1 retention_topic 0
02-27 16:19:31.606 D/OplusNotificationDateTimeView( 2884): setTime mSettingTimeMillis 1772064506283, mSettingLocalDateTime 2026-02-26T01:08:00.283
02-27 16:19:31.625 D/vendor.oplus.hardware.charger-V6-service( 1347): get_ui_charge_icon_type 0 0 0 0 0
02-27 16:19:31.627 D/vendor.oplus.hardware.charger-V6-service( 1347): oplus_chg_get_cpa_power 2500 charge_online 1 retention_topic 0
02-27 16:19:31.635 D/OplusNotificationDateTimeView( 2884): setTime mSettingTimeMillis 1772064506283, mSettingLocalDateTime 2026-02-26T01:08:00.283
02-27 16:19:31.644 D/vendor.oplus.hardware.charger-V6-service( 1347): get_ui_charge_icon_type 0 0 0 0 0
02-27 16:19:31.645 D/vendor.oplus.hardware.charger-V6-service( 1347): oplus_chg_get_cpa_power 2500 charge_online 1 retention_topic 0
02-27 16:19:31.662 D/vendor.oplus.hardware.charger-V6-service( 1347): get_ui_charge_icon_type 0 0 0 0 0
02-27 16:19:31.664 D/vendor.oplus.hardware.charger-V6-service( 1347): oplus_chg_get_cpa_power 2500 charge_online 1 retention_topic 0
02-27 16:19:31.684 E/LockScreenNotificationDispatcherImp( 2884): updateNotificationListOnKg size:0
02-27 16:19:31.684 I/SystemUi--Notification( 2884): LockScreenNotificationDispatcherImp-->updateNotificationListOnKg resultCode: 0
02-27 16:19:31.728 I/BufferQueueProducer( 1409): [StatusBar#100](this:0xb40000747213c9e0,id:-1,api:0,p:-1,c:1409) queueBuffer: fps=3.48 dur=1150.16 max=449.88 min=149.99
02-27 16:19:31.798 D/UsageStatsService( 2163): User[0] type=0 b=1772205541793 e=1772205574293 cb=1772146815363 ce=1772205571518 disk=0 all=11
02-27 16:19:31.993 I/NearbySharing(17883): Network state changed: NetworkState(isRestricted=false, isOnline=true, isCongested=false, isMetered=true, isWifiConnected=true)
02-27 16:19:31.998 D/UsageStatsService( 2163): User[0] type=0 b=1772205541993 e=1772205574493 cb=1772146815363 ce=1772205571518 disk=0 all=11
02-27 16:19:32.012 D/CommonApp-115-10508( 3191): transport layer data is invalid
02-27 16:19:32.198 D/UsageStatsService( 2163): User[0] type=0 b=1772205542193 e=1772205574693 cb=1772146815363 ce=1772205571518 disk=0 all=11
02-27 16:19:32.398 D/UsageStatsService( 2163): User[0] type=0 b=1772205542394 e=1772205574894 cb=1772146815363 ce=1772205571518 disk=0 all=11
02-27 16:19:32.512 W/ActivityManager( 2163): Foreground service started from background can not have location/camera/microphone access: service org.torproject.android/.service.OrbotService
02-27 16:19:32.513 I/SystemUi--QuickSettings( 2884): OplusFgsManagerController-->onForegroundStateChanged: org.torproject.android 0 true 7
02-27 16:19:32.513 I/SystemUi--QuickSettings( 2884): OplusFgsManagerController-->onForegroundStateChanged numPackagesAfter: 7
02-27 16:19:32.518 D/NotificationService--NotificationRecord( 2163): isSupportRearLight , isRearLight = false mLedRM = false isMultilLed = false
02-27 16:19:32.521 I/OplusStatusBarManagerServiceEnhance( 2163):  getTopIsFullscreen mTopIsFullscreen: false
02-27 16:19:32.522 D/NotificationService--OplusNotificationManagerServiceExtImpl( 2163): isForwardToAssistants: true, case : Is local notification
02-27 16:19:32.522 D/NotificationService( 2163): This application enqueue notifications is need postDelayed mcsAssistantDelayTime: 200
02-27 16:19:32.540 D/NotificationService--OplusNavigationManager( 2163): Notification--isSuppressedByDriveMode--userId:-1,mode:false
02-27 16:19:32.543 D/NotificationService--OplusNavigationManager( 2163): Notification--isSuppressedByDriveMode--userId:-1,mode:false
02-27 16:19:32.561 E/LockScreenNotificationDispatcherImp( 2884): updateNotificationListOnKg size:0
02-27 16:19:32.562 I/SystemUi--Notification( 2884): LockScreenNotificationDispatcherImp-->updateNotificationListOnKg resultCode: 0
02-27 16:19:32.599 D/UsageStatsService( 2163): User[0] type=0 b=1772205542594 e=1772205575094 cb=1772146815363 ce=1772205571518 disk=0 all=11
02-27 16:19:32.600 D/charge_time( 1347): type=sdp,reserve_soc=0,soc=53,ui_soc=53,current=353,avg=291,not_chg_cnt=0,stable_cnt=7,fcc=5068,fcc_ratio=106,delta=94,debug=0,region=16,ttf=28241(07:50:41),ui_ttf=19264(05:21:04)
02-27 16:19:32.626 D/OplusNotificationDateTimeView( 2884): setTime mSettingTimeMillis 1772064506283, mSettingLocalDateTime 2026-02-26T01:08:00.283
02-27 16:19:32.658 D/OplusNotificationDateTimeView( 2884): setTime mSettingTimeMillis 1772064506283, mSettingLocalDateTime 2026-02-26T01:08:00.283
02-27 16:19:32.710 E/LockScreenNotificationDispatcherImp( 2884): updateNotificationListOnKg size:0
02-27 16:19:32.710 I/SystemUi--Notification( 2884): LockScreenNotificationDispatcherImp-->updateNotificationListOnKg resultCode: 0
02-27 16:19:32.737 D/UsageStatsService( 2163): User[0] type=0 b=1772205567734 e=1772205572734 cb=1772146815363 ce=1772205571518 disk=0 all=137
02-27 16:19:32.761 I/BufferQueueProducer( 1409): [StatusBar#100](this:0xb40000747213c9e0,id:-1,api:0,p:-1,c:1409) queueBuffer: fps=1.94 dur=1032.83 max=866.63 min=166.21
02-27 16:19:32.799 D/UsageStatsService( 2163): User[0] type=0 b=1772205542795 e=1772205575295 cb=1772146815363 ce=1772205571518 disk=0 all=11
02-27 16:19:32.978 D/CommonApp-115-10508( 3191): DefaultState EVENT_SCENARIOS_CHANGE
02-27 16:19:32.979 D/CommonApp-115-10508( 3191): scene=COMMON pn=com.guardianos.shield
02-27 16:19:32.985 I/oplus_theia( 1669): Waiting for OCenterService
02-27 16:19:33.000 D/UsageStatsService( 2163): User[0] type=0 b=1772205542995 e=1772205575495 cb=1772146815363 ce=1772205571518 disk=0 all=9
02-27 16:19:33.040 D/CommonApp-115-10508( 3191): transport layer data is invalid
02-27 16:19:33.200 D/UsageStatsService( 2163): User[0] type=0 b=1772205543196 e=1772205575696 cb=1772146815363 ce=1772205571518 disk=0 all=9
02-27 16:19:33.229 D/CoexRfService( 3260): report RRC state:true
02-27 16:19:33.402 D/UsageStatsService( 2163): User[0] type=0 b=1772205543397 e=1772205575897 cb=1772146815363 ce=1772205571518 disk=0 all=8
02-27 16:19:33.492 D/WifiStatusTracker( 2884): mNetworkCallback onCapabilitiesChanged network:115 mPrimaryNetworkId:115
02-27 16:19:33.494 D/WifiPickerTracker( 2884): handleNetworkCapabilitiesChanged network:115
02-27 16:19:33.495 I/wpa_supplicant(21223): wlan0: command[CURRENT_RSSI -74], reply:SUCCESS
02-27 16:19:33.497 D/OplusWifiPower_TriggerCenter( 2163): mComponentCallback: wifistat
02-27 16:19:33.504 D/SystemNetworkObserver( 2163): wifi network 115 nc changed, primary=true
02-27 16:19:33.505 D/SystemNetworkObserver( 2163): default network nc changed 115
02-27 16:19:33.505 D/VendorWifiService( 3260): onEvent event:9,action:1
02-27 16:19:33.510 I/WifiPickerTracker( 2884): wifi connected status realConnectedWifiEntry not null: true
02-27 16:19:33.513 I/SystemUi--Statusbar( 2884): NetworkController.WifiSignalController-->handleStatusUpdated state=3 enabled=true connected=true isDefaultNetwork=true rssi=-75 level=3 statusLabel=null isDirty=false
02-27 16:19:33.516 W/ActivityManager( 2163): Foreground service started from background can not have location/camera/microphone access: service org.torproject.android/.service.OrbotService
02-27 16:19:33.517 I/NullBinder(17883): NullBinder for android.net.action.RECOMMEND_NETWORKS triggering remote TransactionTooLargeException due to Service without Chimera impl, calling uid: 1000, calling pid: 0
02-27 16:19:33.517 W/.gms.persistent(17883): Large reply transaction of 2113536 bytes, interface descriptor , code 1
02-27 16:19:33.518 I/SystemUi--QuickSettings( 2884): OplusFgsManagerController-->onForegroundStateChanged: org.torproject.android 0 true 7
02-27 16:19:33.518 I/SystemUi--QuickSettings( 2884): OplusFgsManagerController-->onForegroundStateChanged numPackagesAfter: 7
02-27 16:19:33.524 D/NotificationService--NotificationRecord( 2163): isSupportRearLight , isRearLight = false mLedRM = false isMultilLed = false
02-27 16:19:33.527 I/OplusStatusBarManagerServiceEnhance( 2163):  getTopIsFullscreen mTopIsFullscreen: false
02-27 16:19:33.528 D/NotificationService--OplusNotificationManagerServiceExtImpl( 2163): isForwardToAssistants: true, case : Is local notification
02-27 16:19:33.528 D/NotificationService( 2163): This application enqueue notifications is need postDelayed mcsAssistantDelayTime: 200
02-27 16:19:33.531 I/NullBinder(17883): NullBinder for android.net.action.RECOMMEND_NETWORKS triggering remote TransactionTooLargeException due to Service without Chimera impl, calling uid: 1000, calling pid: 0
02-27 16:19:33.532 W/.gms.persistent(17883): Large reply transaction of 2113536 bytes, interface descriptor , code 1
02-27 16:19:33.543 D/NotificationService--OplusNavigationManager( 2163): Notification--isSuppressedByDriveMode--userId:-1,mode:false
02-27 16:19:33.545 D/NotificationService--OplusNavigationManager( 2163): Notification--isSuppressedByDriveMode--userId:-1,mode:false
02-27 16:19:33.561 E/LockScreenNotificationDispatcherImp( 2884): updateNotificationListOnKg size:0
02-27 16:19:33.561 I/SystemUi--Notification( 2884): LockScreenNotificationDispatcherImp-->updateNotificationListOnKg resultCode: 0
02-27 16:19:33.603 D/UsageStatsService( 2163): User[0] type=0 b=1772205543598 e=1772205576098 cb=1772146815363 ce=1772205571518 disk=0 all=8
02-27 16:19:33.603 D/charge_time( 1347): write 19263s(05:21:03) to ttf, rc=7
02-27 16:19:33.603 D/charge_time( 1347): type=sdp,reserve_soc=0,soc=53,ui_soc=53,current=322,avg=299,not_chg_cnt=0,stable_cnt=7,fcc=5068,fcc_ratio=106,delta=95,debug=0,region=16,ttf=27482(07:38:02),ui_ttf=19263(05:21:03)
02-27 16:19:33.608 D/OplusNotificationDateTimeView( 2884): setTime mSettingTimeMillis 1772064506283, mSettingLocalDateTime 2026-02-26T01:08:00.283
02-27 16:19:33.639 D/OplusNotificationDateTimeView( 2884): setTime mSettingTimeMillis 1772064506283, mSettingLocalDateTime 2026-02-26T01:08:00.283
02-27 16:19:33.692 E/LockScreenNotificationDispatcherImp( 2884): updateNotificationListOnKg size:0
02-27 16:19:33.692 I/SystemUi--Notification( 2884): LockScreenNotificationDispatcherImp-->updateNotificationListOnKg resultCode: 0
02-27 16:19:33.804 D/UsageStatsService( 2163): User[0] type=0 b=1772205543799 e=1772205576299 cb=1772146815363 ce=1772205571518 disk=0 all=8
02-27 16:19:34.005 D/UsageStatsService( 2163): User[0] type=0 b=1772205544001 e=1772205576501 cb=1772146815363 ce=1772205571518 disk=0 all=8
02-27 16:19:34.009 I/NearbySharing(17883): Network state changed: NetworkState(isRestricted=false, isOnline=true, isCongested=false, isMetered=true, isWifiConnected=true)
02-27 16:19:34.061 D/CommonApp-115-10508( 3191): transport layer data is invalid
02-27 16:19:34.153 D/WifiHAL ( 2771): event received NL80211_CMD_VENDOR, vendor_id = 0x1a11, subcmd = 0x7
02-27 16:19:34.154 D/WifiHAL ( 2771): Got a RSSI monitor event
02-27 16:19:34.154 I/WifiHAL ( 2771): data: version=1, cur_rssi=-76 BSSID=62:01:*:*:*:99
02-27 16:19:34.157 I/WifiHAL ( 2771): Stop RSSI monitoring 7551
02-27 16:19:34.157 I/WifiHAL ( 2771): un-registering command 7551
02-27 16:19:34.157 I/WifiHAL ( 2771): Successfully removed command 7551: 0xb400007a38c51180 from 1
02-27 16:19:34.157 I/WifiHAL ( 2771): Cancel WifiCommand = 0xb400007a38c51180
02-27 16:19:34.157 I/WifiHAL ( 2771): SetRSSIMonitorCommand: cancel
02-27 16:19:34.158 D/WifiHAL ( 2771): WifiRequest::create vendor command to iface 37, vendor_id=0x1a11, subcmd=0x0007, res=0
02-27 16:19:34.158 I/WifiHAL ( 2771): set RSSI Monitor, mMax_rssi=127, mMin_rssi=-75, enable=0
02-27 16:19:34.158 D/WifiHAL ( 2771): create request
02-27 16:19:34.161 I/WifiHAL ( 2771): wifi_unregister_vendor_handler: handle=0xb400007a38c59960, id=6673, subcmd=7, ifname=0xb400007a38c51220 [wlan0]
02-27 16:19:34.161 I/WifiHAL ( 2771): wifi_unregister_vendor_handler: nl_cmd=103, id=3303, subcmd=15
02-27 16:19:34.161 I/WifiHAL ( 2771): wifi_unregister_vendor_handler: nl_cmd=103, id=6673, subcmd=7
02-27 16:19:34.161 I/WifiHAL ( 2771): Deregister vendor handler 0xb400007a38c51180:0x7a3d3e16f0 for vendor 6673, subcmd 7 from 1
02-27 16:19:34.161 I/WifiHAL ( 2771): SetRSSIMonitorCommand: cancelled
02-27 16:19:34.163 I/WifiHAL ( 2771): Start RSSI monitoring 7551
02-27 16:19:34.163 I/WifiHAL ( 2771): registering command 7551
02-27 16:19:34.163 I/WifiHAL ( 2771): Successfully added command 7551: 0xb400007a38c51180 at 1
02-27 16:19:34.163 I/WifiHAL ( 2771): SetRSSIMonitorCommand: start
02-27 16:19:34.164 D/WifiHAL ( 2771): WifiRequest::create vendor command to iface 37, vendor_id=0x1a11, subcmd=0x0007, res=0
02-27 16:19:34.164 I/WifiHAL ( 2771): set RSSI Monitor, mMax_rssi=-75, mMin_rssi=-78, enable=1
02-27 16:19:34.164 D/WifiHAL ( 2771): create request
02-27 16:19:34.166 D/WifiHAL ( 2771): Successfully set RSSI monitoring
02-27 16:19:34.166 I/WifiHAL ( 2771): wifi_register_vendor_handler: id=6673, subcmd=7, ifname=0xb400007a38c51220 [wlan0]
02-27 16:19:34.166 I/WifiHAL ( 2771): Register vendor handler 0xb400007a38c51180:0x7a3d3e16f0 for vendor 6673, subcmd 7 and iface [wlan0] at 2
02-27 16:19:34.166 I/WifiHAL ( 2771): SetRSSIMonitorCommand: started
02-27 16:19:34.168 D/WifiStatusTracker( 2884): mNetworkCallback onCapabilitiesChanged network:115 mPrimaryNetworkId:115
02-27 16:19:34.171 D/WifiPickerTracker( 2884): handleNetworkCapabilitiesChanged network:115
02-27 16:19:34.172 D/SystemNetworkObserver( 2163): wifi network 115 nc changed, primary=true
02-27 16:19:34.172 D/SystemNetworkObserver( 2163): default network nc changed 115
02-27 16:19:34.174 D/vendor.oplus.hardware.charger-V6-service( 1347): get_ui_charge_icon_type 0 0 0 0 0
02-27 16:19:34.177 D/vendor.oplus.hardware.charger-V6-service( 1347): oplus_chg_get_cpa_power 2500 charge_online 1 retention_topic 0
02-27 16:19:34.181 I/WifiPickerTracker( 2884): wifi connected status realConnectedWifiEntry not null: true
02-27 16:19:34.182 I/SystemUi--Statusbar( 2884): NetworkController.WifiSignalController-->handleStatusUpdated state=3 enabled=true connected=true isDefaultNetwork=true rssi=-76 level=3 statusLabel=null isDirty=false
02-27 16:19:34.182 I/NullBinder(17883): NullBinder for android.net.action.RECOMMEND_NETWORKS triggering remote TransactionTooLargeException due to Service without Chimera impl, calling uid: 1000, calling pid: 0
02-27 16:19:34.182 W/.gms.persistent(17883): Large reply transaction of 2113536 bytes, interface descriptor , code 1
02-27 16:19:34.193 D/vendor.oplus.hardware.charger-V6-service( 1347): get_ui_charge_icon_type 0 0 0 0 0
02-27 16:19:34.195 D/vendor.oplus.hardware.charger-V6-service( 1347): oplus_chg_get_cpa_power 2500 charge_online 1 retention_topic 0
02-27 16:19:34.199 I/NullBinder(17883): NullBinder for android.net.action.RECOMMEND_NETWORKS triggering remote TransactionTooLargeException due to Service without Chimera impl, calling uid: 1000, calling pid: 0
02-27 16:19:34.199 W/.gms.persistent(17883): Large reply transaction of 2113536 bytes, interface descriptor , code 1
02-27 16:19:34.206 D/UsageStatsService( 2163): User[0] type=0 b=1772205544202 e=1772205576702 cb=1772146815363 ce=1772205571518 disk=0 all=8
02-27 16:19:34.301 D/vendor.oplus.hardware.charger-V6-service( 1347): ret_value:157, read content:,257,335,3926,3904,-210,500,2200,53,53,1,4,485,4860,53,1,0,1,1,0,0,4470,0,0,0,4,0,0,0,-2740,0,1,1,0,0,41,41,41,0,0,0,0,0,0,0,0,0,0,4,0,1,0,100,0,0,0,0,0,0,0
02-27 16:19:34.301 D/vendor.oplus.hardware.charger-V6-service( 1347): gmtime: 2026-02-27-16-19-34
02-27 16:19:34.302 D/vendor.oplus.hardware.charger-V6-service( 1347): usb_online:1, ac_online:0, wireless_online:-2147483648
02-27 16:19:34.408 D/UsageStatsService( 2163): User[0] type=0 b=1772205544403 e=1772205576903 cb=1772146815363 ce=1772205571518 disk=0 all=8
02-27 16:19:34.514 W/ActivityManager( 2163): Foreground service started from background can not have location/camera/microphone access: service org.torproject.android/.service.OrbotService
02-27 16:19:34.515 I/SystemUi--QuickSettings( 2884): OplusFgsManagerController-->onForegroundStateChanged: org.torproject.android 0 true 7
02-27 16:19:34.515 I/SystemUi--QuickSettings( 2884): OplusFgsManagerController-->onForegroundStateChanged numPackagesAfter: 7
02-27 16:19:34.520 D/NotificationService--NotificationRecord( 2163): isSupportRearLight , isRearLight = false mLedRM = false isMultilLed = false
02-27 16:19:34.523 I/OplusStatusBarManagerServiceEnhance( 2163):  getTopIsFullscreen mTopIsFullscreen: false
02-27 16:19:34.524 D/NotificationService--OplusNotificationManagerServiceExtImpl( 2163): isForwardToAssistants: true, case : Is local notification
02-27 16:19:34.524 D/NotificationService( 2163): This application enqueue notifications is need postDelayed mcsAssistantDelayTime: 200
02-27 16:19:34.542 D/NotificationService--OplusNavigationManager( 2163): Notification--isSuppressedByDriveMode--userId:-1,mode:false
02-27 16:19:34.545 D/NotificationService--OplusNavigationManager( 2163): Notification--isSuppressedByDriveMode--userId:-1,mode:false
02-27 16:19:34.561 E/LockScreenNotificationDispatcherImp( 2884): updateNotificationListOnKg size:0
02-27 16:19:34.561 I/SystemUi--Notification( 2884): LockScreenNotificationDispatcherImp-->updateNotificationListOnKg resultCode: 0
02-27 16:19:34.595 I/BufferQueueProducer( 1409): [StatusBar#100](this:0xb40000747213c9e0,id:-1,api:0,p:-1,c:1409) queueBuffer: fps=1.64 dur=1833.77 max=866.64 min=133.26
02-27 16:19:34.605 D/charge_time( 1347): type=sdp,reserve_soc=0,soc=53,ui_soc=53,current=211,avg=285,not_chg_cnt=0,stable_cnt=7,fcc=5068,fcc_ratio=106,delta=96,debug=0,region=16,ttf=28835(08:00:35),ui_ttf=19262(05:21:02)
02-27 16:19:34.608 D/UsageStatsService( 2163): User[0] type=0 b=1772205544603 e=1772205577103 cb=1772146815363 ce=1772205571518 disk=0 all=4
02-27 16:19:34.625 D/OplusNotificationDateTimeView( 2884): setTime mSettingTimeMillis 1772064506283, mSettingLocalDateTime 2026-02-26T01:08:00.283
02-27 16:19:34.658 D/OplusNotificationDateTimeView( 2884): setTime mSettingTimeMillis 1772064506283, mSettingLocalDateTime 2026-02-26T01:08:00.283
02-27 16:19:34.689 I/NearbySharing(17883): Network state changed: NetworkState(isRestricted=false, isOnline=true, isCongested=false, isMetered=true, isWifiConnected=true)
02-27 16:19:34.710 E/LockScreenNotificationDispatcherImp( 2884): updateNotificationListOnKg size:0
02-27 16:19:34.710 I/SystemUi--Notification( 2884): LockScreenNotificationDispatcherImp-->updateNotificationListOnKg resultCode: 0
02-27 16:19:34.750 D/UsageStatsService( 2163): User[0] type=0 b=1772205569744 e=1772205574744 cb=1772146815363 ce=1772205571518 disk=0 all=137
02-27 16:19:34.808 D/UsageStatsService( 2163): User[0] type=0 b=1772205544803 e=1772205577303 cb=1772146815363 ce=1772205571518 disk=0 all=4
02-27 16:19:35.009 D/UsageStatsService( 2163): User[0] type=0 b=1772205545004 e=1772205577504 cb=1772146815363 ce=1772205571518 disk=0 all=3
02-27 16:19:35.084 D/CommonApp-115-10508( 3191): transport layer data is invalid
02-27 16:19:35.210 D/UsageStatsService( 2163): User[0] type=0 b=1772205545205 e=1772205577705 cb=1772146815363 ce=1772205571518 disk=0 all=3
02-27 16:19:35.410 D/UsageStatsService( 2163): User[0] type=0 b=1772205545405 e=1772205577905 cb=1772146815363 ce=1772205571518 disk=0 all=3
02-27 16:19:35.516 D/VendorWifiService( 3260): onEvent event:9,action:1
02-27 16:19:35.518 W/ActivityManager( 2163): Foreground service started from background can not have location/camera/microphone access: service org.torproject.android/.service.OrbotService
02-27 16:19:35.520 I/SystemUi--QuickSettings( 2884): OplusFgsManagerController-->onForegroundStateChanged: org.torproject.android 0 true 7
02-27 16:19:35.521 I/SystemUi--QuickSettings( 2884): OplusFgsManagerController-->onForegroundStateChanged numPackagesAfter: 7
02-27 16:19:35.526 D/NotificationService--NotificationRecord( 2163): isSupportRearLight , isRearLight = false mLedRM = false isMultilLed = false
02-27 16:19:35.528 I/OplusStatusBarManagerServiceEnhance( 2163):  getTopIsFullscreen mTopIsFullscreen: false
02-27 16:19:35.530 D/NotificationService--OplusNotificationManagerServiceExtImpl( 2163): isForwardToAssistants: true, case : Is local notification
02-27 16:19:35.530 D/NotificationService( 2163): This application enqueue notifications is need postDelayed mcsAssistantDelayTime: 200
02-27 16:19:35.554 D/NotificationService--OplusNavigationManager( 2163): Notification--isSuppressedByDriveMode--userId:-1,mode:false
02-27 16:19:35.558 D/NotificationService--OplusNavigationManager( 2163): Notification--isSuppressedByDriveMode--userId:-1,mode:false
02-27 16:19:35.578 E/LockScreenNotificationDispatcherImp( 2884): updateNotificationListOnKg size:0
02-27 16:19:35.579 I/SystemUi--Notification( 2884): LockScreenNotificationDispatcherImp-->updateNotificationListOnKg resultCode: 0
02-27 16:19:35.609 D/charge_time( 1347): time up 19262 >> 19769, target 27389, adjust cnt 1 5
02-27 16:19:35.609 D/charge_time( 1347): force write 19769s(05:29:29) to ttf, rc=12
02-27 16:19:35.609 D/charge_time( 1347): type=sdp,reserve_soc=0,soc=53,ui_soc=53,current=369,avg=300,not_chg_cnt=0,stable_cnt=7,fcc=5068,fcc_ratio=106,delta=97,debug=0,region=16,ttf=27389(07:36:29),ui_ttf=19769(05:29:29)
02-27 16:19:35.611 D/UsageStatsService( 2163): User[0] type=0 b=1772205545605 e=1772205578105 cb=1772146815363 ce=1772205571518 disk=0 all=3
02-27 16:19:35.612 I/BufferQueueProducer( 1409): [StatusBar#100](this:0xb40000747213c9e0,id:-1,api:0,p:-1,c:1409) queueBuffer: fps=2.95 dur=1017.12 max=800.36 min=67.28
02-27 16:19:35.634 D/vendor.oplus.hardware.charger-V6-service( 1347): get_ui_charge_icon_type 0 0 0 0 0
02-27 16:19:35.638 D/vendor.oplus.hardware.charger-V6-service( 1347): oplus_chg_get_cpa_power 2500 charge_online 1 retention_topic 0
02-27 16:19:35.648 D/OplusNotificationDateTimeView( 2884): setTime mSettingTimeMillis 1772064506283, mSettingLocalDateTime 2026-02-26T01:08:00.283
02-27 16:19:35.658 D/vendor.oplus.hardware.charger-V6-service( 1347): get_ui_charge_icon_type 0 0 0 0 0
02-27 16:19:35.660 D/vendor.oplus.hardware.charger-V6-service( 1347): oplus_chg_get_cpa_power 2500 charge_online 1 retention_topic 0
02-27 16:19:35.679 D/OplusNotificationDateTimeView( 2884): setTime mSettingTimeMillis 1772064506283, mSettingLocalDateTime 2026-02-26T01:08:00.283
02-27 16:19:35.730 E/LockScreenNotificationDispatcherImp( 2884): updateNotificationListOnKg size:0
02-27 16:19:35.731 I/SystemUi--Notification( 2884): LockScreenNotificationDispatcherImp-->updateNotificationListOnKg resultCode: 0
02-27 16:19:35.810 D/UsageStatsService( 2163): User[0] type=0 b=1772205545805 e=1772205578305 cb=1772146815363 ce=1772205571518 disk=0 all=3
02-27 16:19:36.010 D/UsageStatsService( 2163): User[0] type=0 b=1772205546005 e=1772205578505 cb=1772146815363 ce=1772205571518 disk=0 all=3
02-27 16:19:36.112 D/CommonApp-115-10508( 3191): transport layer data is invalid
02-27 16:19:36.210 D/UsageStatsService( 2163): User[0] type=0 b=1772205546205 e=1772205578705 cb=1772146815363 ce=1772205571518 disk=0 all=3
02-27 16:19:36.234 D/CoexRfService( 3260): report RRC state:true
02-27 16:19:36.412 D/UsageStatsService( 2163): User[0] type=0 b=1772205546407 e=1772205578907 cb=1772146815363 ce=1772205571518 disk=0 all=3
02-27 16:19:36.429 I/OplusHansManager ( 2163): uid=10346, pkg=com.whatsapp F enter(), M stay=10
02-27 16:19:36.436 I/OplusHansManager ( 2163): freeze uid: 10346 com.whatsapp pids: [8373] scene: LcdOn
02-27 16:19:36.438 I/OplusHansManager ( 2163): p_BC uid=10346 pkg=com.whatsapp
02-27 16:19:36.438 D/IHansComunication( 6452): HANS sendMessageToKernel: threadId = 499390434416, netLinkSetup = 1, type = PKG, targetUid = 10346, pkgCmd = ADD_ONE_UID
02-27 16:19:36.439 I/OplusBinderProxy( 2163): proxyBinder uid: 10346 pkg: com.whatsapp proxy: true calling: OFreezer
