02-27 16:19:44.300 D/CommonApp-115-10508( 3191): transport layer data is invalid
02-27 16:19:44.305 D/vendor.oplus.hardware.charger-V6-service( 1347): ret_value:157, read content:,260,335,3940,3918,-316,500,2200,53,53,1,4,485,4867,53,1,0,1,1,0,0,4470,0,0,0,4,0,0,0,-2740,0,1,1,0,0,41,41,41,0,0,0,0,0,0,0,0,0,0,4,0,1,0,100,0,0,0,0,0,0,0
02-27 16:19:44.305 D/vendor.oplus.hardware.charger-V6-service( 1347): gmtime: 2026-02-27-16-19-44
02-27 16:19:44.306 D/vendor.oplus.hardware.charger-V6-service( 1347): usb_online:1, ac_online:0, wireless_online:-2147483648
02-27 16:19:44.390 D/CustomLogManagerService(30097): WorkHandler msg.what :5
02-27 16:19:44.390 D/CustomLogManagerService(30097): user experience toggle off
02-27 16:19:44.435 D/UsageStatsService( 2163): User[0] type=0 b=1772205554431 e=1772205586931 cb=1772146815363 ce=1772205579610 disk=0 all=0
02-27 16:19:44.532 W/ActivityManager( 2163): Foreground service started from background can not have location/camera/microphone access: service org.torproject.android/.service.OrbotService
02-27 16:19:44.534 I/SystemUi--QuickSettings( 2884): OplusFgsManagerController-->onForegroundStateChanged: org.torproject.android 0 true 7
02-27 16:19:44.534 I/SystemUi--QuickSettings( 2884): OplusFgsManagerController-->onForegroundStateChanged numPackagesAfter: 7
02-27 16:19:44.538 D/NotificationService--NotificationRecord( 2163): isSupportRearLight , isRearLight = false mLedRM = false isMultilLed = false
02-27 16:19:44.541 I/OplusStatusBarManagerServiceEnhance( 2163):  getTopIsFullscreen mTopIsFullscreen: false
02-27 16:19:44.542 D/NotificationService--OplusNotificationManagerServiceExtImpl( 2163): isForwardToAssistants: true, case : Is local notification
02-27 16:19:44.542 D/NotificationService( 2163): This application enqueue notifications is need postDelayed mcsAssistantDelayTime: 200
02-27 16:19:44.561 D/NotificationService--OplusNavigationManager( 2163): Notification--isSuppressedByDriveMode--userId:-1,mode:false
02-27 16:19:44.565 D/NotificationService--OplusNavigationManager( 2163): Notification--isSuppressedByDriveMode--userId:-1,mode:false
02-27 16:19:44.578 E/LockScreenNotificationDispatcherImp( 2884): updateNotificationListOnKg size:0
02-27 16:19:44.579 I/SystemUi--Notification( 2884): LockScreenNotificationDispatcherImp-->updateNotificationListOnKg resultCode: 0
02-27 16:19:44.630 D/charge_time( 1347): type=sdp,reserve_soc=0,soc=53,ui_soc=53,current=337,avg=256,not_chg_cnt=0,stable_cnt=7,fcc=5068,fcc_ratio=106,delta=106,debug=0,region=16,ttf=32102(08:55:02),ui_ttf=19760(05:29:20)
02-27 16:19:44.635 D/UsageStatsService( 2163): User[0] type=0 b=1772205554632 e=1772205587132 cb=1772146815363 ce=1772205579610 disk=0 all=0
02-27 16:19:44.646 D/OplusNotificationDateTimeView( 2884): setTime mSettingTimeMillis 1772064506283, mSettingLocalDateTime 2026-02-26T01:08:00.283
02-27 16:19:44.679 D/OplusNotificationDateTimeView( 2884): setTime mSettingTimeMillis 1772064506283, mSettingLocalDateTime 2026-02-26T01:08:00.283
02-27 16:19:44.731 E/LockScreenNotificationDispatcherImp( 2884): updateNotificationListOnKg size:0
02-27 16:19:44.732 I/SystemUi--Notification( 2884): LockScreenNotificationDispatcherImp-->updateNotificationListOnKg resultCode: 0
02-27 16:19:44.837 D/UsageStatsService( 2163): User[0] type=0 b=1772205554833 e=1772205587333 cb=1772146815363 ce=1772205579610 disk=0 all=0
02-27 16:19:45.038 D/UsageStatsService( 2163): User[0] type=0 b=1772205555033 e=1772205587533 cb=1772146815363 ce=1772205579610 disk=0 all=0
02-27 16:19:45.239 D/UsageStatsService( 2163): User[0] type=0 b=1772205555235 e=1772205587735 cb=1772146815363 ce=1772205579610 disk=0 all=0
02-27 16:19:45.251 D/CoexRfService( 3260): report RRC state:true
02-27 16:19:45.325 D/CommonApp-115-10508( 3191): transport layer data is invalid
02-27 16:19:45.341 D/ccci_mdinit( 1444): (1):monitor_time_update_thread round:5249 ########
02-27 16:19:45.441 D/UsageStatsService( 2163): User[0] type=0 b=1772205555437 e=1772205587937 cb=1772146815363 ce=1772205579610 disk=0 all=0
02-27 16:19:45.534 W/ActivityManager( 2163): Foreground service started from background can not have location/camera/microphone access: service org.torproject.android/.service.OrbotService
02-27 16:19:45.536 I/SystemUi--QuickSettings( 2884): OplusFgsManagerController-->onForegroundStateChanged: org.torproject.android 0 true 7
02-27 16:19:45.536 I/SystemUi--QuickSettings( 2884): OplusFgsManagerController-->onForegroundStateChanged numPackagesAfter: 7
02-27 16:19:45.542 D/NotificationService--NotificationRecord( 2163): isSupportRearLight , isRearLight = false mLedRM = false isMultilLed = false
02-27 16:19:45.545 I/OplusStatusBarManagerServiceEnhance( 2163):  getTopIsFullscreen mTopIsFullscreen: false
02-27 16:19:45.546 D/NotificationService--OplusNotificationManagerServiceExtImpl( 2163): isForwardToAssistants: true, case : Is local notification
02-27 16:19:45.546 D/NotificationService( 2163): This application enqueue notifications is need postDelayed mcsAssistantDelayTime: 200
02-27 16:19:45.563 D/NotificationService--OplusNavigationManager( 2163): Notification--isSuppressedByDriveMode--userId:-1,mode:false
02-27 16:19:45.567 D/NotificationService--OplusNavigationManager( 2163): Notification--isSuppressedByDriveMode--userId:-1,mode:false
02-27 16:19:45.578 E/LockScreenNotificationDispatcherImp( 2884): updateNotificationListOnKg size:0
02-27 16:19:45.578 I/SystemUi--Notification( 2884): LockScreenNotificationDispatcherImp-->updateNotificationListOnKg resultCode: 0
02-27 16:19:45.612 I/BufferQueueProducer( 1409): [StatusBar#100](this:0xb40000747213c9e0,id:-1,api:0,p:-1,c:1409) queueBuffer: fps=1.71 dur=1751.25 max=834.09 min=166.40
02-27 16:19:45.617 D/OplusWifiPower_TriggerCenter( 2163): mComponentCallback: wifistat
02-27 16:19:45.617 D/VendorWifiService( 3260): onEvent event:9,action:1
02-27 16:19:45.633 D/charge_time( 1347): write 19759s(05:29:19) to ttf, rc=7
02-27 16:19:45.633 D/charge_time( 1347): type=sdp,reserve_soc=0,soc=53,ui_soc=53,current=261,avg=263,not_chg_cnt=0,stable_cnt=7,fcc=5068,fcc_ratio=106,delta=107,debug=0,region=16,ttf=31244(08:40:44),ui_ttf=19759(05:29:19)
02-27 16:19:45.642 D/UsageStatsService( 2163): User[0] type=0 b=1772205555637 e=1772205588137 cb=1772146815363 ce=1772205579610 disk=0 all=0
02-27 16:19:45.645 D/OplusNotificationDateTimeView( 2884): setTime mSettingTimeMillis 1772064506283, mSettingLocalDateTime 2026-02-26T01:08:00.283
02-27 16:19:45.676 D/OplusNotificationDateTimeView( 2884): setTime mSettingTimeMillis 1772064506283, mSettingLocalDateTime 2026-02-26T01:08:00.283
02-27 16:19:45.731 E/LockScreenNotificationDispatcherImp( 2884): updateNotificationListOnKg size:0
02-27 16:19:45.731 I/SystemUi--Notification( 2884): LockScreenNotificationDispatcherImp-->updateNotificationListOnKg resultCode: 0
02-27 16:19:45.842 D/UsageStatsService( 2163): User[0] type=0 b=1772205555838 e=1772205588338 cb=1772146815363 ce=1772205579610 disk=0 all=0
02-27 16:19:46.045 D/UsageStatsService( 2163): User[0] type=0 b=1772205556040 e=1772205588540 cb=1772146815363 ce=1772205579610 disk=0 all=0
02-27 16:19:46.245 D/UsageStatsService( 2163): User[0] type=0 b=1772205556240 e=1772205588740 cb=1772146815363 ce=1772205579610 disk=0 all=0
02-27 16:19:46.348 D/CommonApp-115-10508( 3191): transport layer data is invalid
02-27 16:19:46.445 D/UsageStatsService( 2163): User[0] type=0 b=1772205556440 e=1772205588940 cb=1772146815363 ce=1772205579610 disk=0 all=0
02-27 16:19:46.460 I/OplusHansManager ( 2163): uid=10346, pkg=com.whatsapp F enter(), M stay=10
02-27 16:19:46.467 I/OplusHansManager ( 2163): freeze uid: 10346 com.whatsapp pids: [8373] scene: LcdOn
02-27 16:19:46.468 I/OplusHansManager ( 2163): p_BC uid=10346 pkg=com.whatsapp
02-27 16:19:46.468 D/IHansComunication( 6452): HANS sendMessageToKernel: threadId = 499390434416, netLinkSetup = 1, type = PKG, targetUid = 10346, pkgCmd = ADD_ONE_UID
02-27 16:19:46.469 I/OplusBinderProxy( 2163): proxyBinder uid: 10346 pkg: com.whatsapp proxy: true calling: OFreezer
02-27 16:19:46.534 W/ActivityManager( 2163): Foreground service started from background can not have location/camera/microphone access: service org.torproject.android/.service.OrbotService
02-27 16:19:46.536 I/SystemUi--QuickSettings( 2884): OplusFgsManagerController-->onForegroundStateChanged: org.torproject.android 0 true 7
02-27 16:19:46.536 I/SystemUi--QuickSettings( 2884): OplusFgsManagerController-->onForegroundStateChanged numPackagesAfter: 7
02-27 16:19:46.541 D/NotificationService--NotificationRecord( 2163): isSupportRearLight , isRearLight = false mLedRM = false isMultilLed = false
02-27 16:19:46.543 I/OplusStatusBarManagerServiceEnhance( 2163):  getTopIsFullscreen mTopIsFullscreen: false
02-27 16:19:46.545 D/NotificationService--OplusNotificationManagerServiceExtImpl( 2163): isForwardToAssistants: true, case : Is local notification
02-27 16:19:46.545 D/NotificationService( 2163): This application enqueue notifications is need postDelayed mcsAssistantDelayTime: 200
02-27 16:19:46.562 D/NotificationService--OplusNavigationManager( 2163): Notification--isSuppressedByDriveMode--userId:-1,mode:false
02-27 16:19:46.564 D/NotificationService--OplusNavigationManager( 2163): Notification--isSuppressedByDriveMode--userId:-1,mode:false
02-27 16:19:46.578 E/LockScreenNotificationDispatcherImp( 2884): updateNotificationListOnKg size:0
02-27 16:19:46.578 I/SystemUi--Notification( 2884): LockScreenNotificationDispatcherImp-->updateNotificationListOnKg resultCode: 0
02-27 16:19:46.636 D/charge_time( 1347): type=sdp,reserve_soc=0,soc=53,ui_soc=53,current=329,avg=294,not_chg_cnt=0,stable_cnt=7,fcc=5068,fcc_ratio=106,delta=108,debug=0,region=16,ttf=27938(07:45:38),ui_ttf=19758(05:29:18)
02-27 16:19:46.641 D/OplusNotificationDateTimeView( 2884): setTime mSettingTimeMillis 1772064506283, mSettingLocalDateTime 2026-02-26T01:08:00.283
02-27 16:19:46.646 D/UsageStatsService( 2163): User[0] type=0 b=1772205556640 e=1772205589140 cb=1772146815363 ce=1772205579610 disk=0 all=0
02-27 16:19:46.675 D/OplusNotificationDateTimeView( 2884): setTime mSettingTimeMillis 1772064506283, mSettingLocalDateTime 2026-02-26T01:08:00.283
02-27 16:19:46.690 I/OplusHansManager ( 2163): unfreeze uid: 10346 com.whatsapp pids: [8373] reason: Packet scene: LcdOn
02-27 16:19:46.692 I/OplusHansManager ( 2163): uid=10346, pkg=com.whatsapp F exit(), F stay=0, reason=Packet
02-27 16:19:46.693 I/OplusHansManager ( 2163): up_BC uid=10346 pkg=com.whatsapp
02-27 16:19:46.694 I/OplusBinderProxy( 2163): proxyBinder uid: 10346 pkg: com.whatsapp proxy: false calling: OFreezer
02-27 16:19:46.728 E/LockScreenNotificationDispatcherImp( 2884): updateNotificationListOnKg size:0
02-27 16:19:46.729 I/SystemUi--Notification( 2884): LockScreenNotificationDispatcherImp-->updateNotificationListOnKg resultCode: 0
02-27 16:19:46.778 I/BufferQueueProducer( 1409): [StatusBar#100](this:0xb40000747213c9e0,id:-1,api:0,p:-1,c:1409) queueBuffer: fps=3.43 dur=1166.11 max=833.41 min=32.49
02-27 16:19:46.845 D/UsageStatsService( 2163): User[0] type=0 b=1772205556840 e=1772205589340 cb=1772146815363 ce=1772205579610 disk=0 all=0
02-27 16:19:46.988 D/CommonApp-115-10508( 3191): DefaultState EVENT_SCENARIOS_CHANGE
02-27 16:19:46.989 D/CommonApp-115-10508( 3191): scene=COMMON pn=com.guardianos.shield
02-27 16:19:47.045 D/UsageStatsService( 2163): User[0] type=0 b=1772205557040 e=1772205589540 cb=1772146815363 ce=1772205579610 disk=0 all=0
02-27 16:19:47.245 D/UsageStatsService( 2163): User[0] type=0 b=1772205557241 e=1772205589741 cb=1772146815363 ce=1772205579610 disk=0 all=0
02-27 16:19:47.374 D/CommonApp-115-10508( 3191): transport layer data is invalid
02-27 16:19:47.446 D/UsageStatsService( 2163): User[0] type=0 b=1772205557441 e=1772205589941 cb=1772146815363 ce=1772205579610 disk=0 all=0
02-27 16:19:47.470 D/IHansComunication( 6452): HANS sendMessageToKernel: threadId = 499390434416, netLinkSetup = 1, type = FROZEN_TRANS, targetUid = 10346, pkgCmd = PKG_CMD_MAX
02-27 16:19:47.483 D/vendor.oplus.hardware.charger-V6-service( 1347): get_ui_charge_icon_type 0 0 0 0 0
02-27 16:19:47.486 D/vendor.oplus.hardware.charger-V6-service( 1347): oplus_chg_get_cpa_power 2500 charge_online 1 retention_topic 0
02-27 16:19:47.500 I/SystemUi--Statusbar( 2884): BatteryControllerExt-->updateBatteryChangeIntent():broadcast=android.intent.action.BATTERY_CHANGED,level=53,scale=100
02-27 16:19:47.501 I/SystemUi--Statusbar( 2884): BatteryRepository-->level: 53 -- isSavingMode: false
02-27 16:19:47.507 D/vendor.oplus.hardware.charger-V6-service( 1347): get_ui_charge_icon_type 0 0 0 0 0
02-27 16:19:47.508 D/SubsysBroadcastManager( 3260): onReceive action:android.intent.action.BATTERY_CHANGED
02-27 16:19:47.510 D/vendor.oplus.hardware.charger-V6-service( 1347): oplus_chg_get_cpa_power 2500 charge_online 1 retention_topic 0
02-27 16:19:47.510 E/VendorNfcService( 5620): changeNfcStateByWirelessCharge: feature WIRELESS_CHARGING = true; mIsWirelessCharging: false; mIsReverseChargingSwitchOpen: false; mNfcWorkMode: 0; isOverSeaRegion() = true
02-27 16:19:47.515 D/CustomLogManagerService(30097): onReceive android.intent.action.BATTERY_CHANGED
02-27 16:19:47.516 E/Battery ( 5667): a: getAISleepDuration: predictResult is null.
02-27 16:19:47.516 D/OplusDisplayBrightnessBroadcastReceiver( 2163): onReceive action = android.intent.action.BATTERY_CHANGED , listeners = [com.android.server.display.OplusFeatureHDREnhanceBrightness$PhoneInfoReceiver@e8647d0, com.android.server.display.OplusFeatureEdrEnhanceBrightness$PhoneInfoReceiver@3ee23c9]
02-27 16:19:47.516 E/Battery ( 5667): ChargeProtectionUtils: First Alarm is Thu Feb 26 09:30:00 GMT+01:00 2026, nowRtc  = Fri Feb 27 16:19:47 GMT+01:00 2026, too close , ignore it.
02-27 16:19:47.516 E/Battery ( 5667): ChargeProtectionUtils: mCanlendarTmp.isEmpty()!
02-27 16:19:47.529 W/ActivityManager( 2163): Foreground service started from background can not have location/camera/microphone access: service org.torproject.android/.service.OrbotService
02-27 16:19:47.531 D/vendor.oplus.hardware.charger-V6-service( 1347): get_ui_charge_icon_type 0 0 0 0 0
02-27 16:19:47.531 I/SystemUi--QuickSettings( 2884): OplusFgsManagerController-->onForegroundStateChanged: org.torproject.android 0 true 7
02-27 16:19:47.532 I/SystemUi--QuickSettings( 2884): OplusFgsManagerController-->onForegroundStateChanged numPackagesAfter: 7
02-27 16:19:47.533 D/vendor.oplus.hardware.charger-V6-service( 1347): oplus_chg_get_cpa_power 2500 charge_online 1 retention_topic 0
02-27 16:19:47.536 D/NotificationService--NotificationRecord( 2163): isSupportRearLight , isRearLight = false mLedRM = false isMultilLed = false
02-27 16:19:47.538 I/OplusStatusBarManagerServiceEnhance( 2163):  getTopIsFullscreen mTopIsFullscreen: false
02-27 16:19:47.540 D/NotificationService--OplusNotificationManagerServiceExtImpl( 2163): isForwardToAssistants: true, case : Is local notification
02-27 16:19:47.540 D/NotificationService( 2163): This application enqueue notifications is need postDelayed mcsAssistantDelayTime: 200
02-27 16:19:47.550 D/vendor.oplus.hardware.charger-V6-service( 1347): get_ui_charge_icon_type 0 0 0 0 0
02-27 16:19:47.553 D/vendor.oplus.hardware.charger-V6-service( 1347): oplus_chg_get_cpa_power 2500 charge_online 1 retention_topic 0
02-27 16:19:47.557 D/NotificationService--OplusNavigationManager( 2163): Notification--isSuppressedByDriveMode--userId:-1,mode:false
02-27 16:19:47.559 D/NotificationService--OplusNavigationManager( 2163): Notification--isSuppressedByDriveMode--userId:-1,mode:false
02-27 16:19:47.578 E/LockScreenNotificationDispatcherImp( 2884): updateNotificationListOnKg size:0
02-27 16:19:47.578 I/SystemUi--Notification( 2884): LockScreenNotificationDispatcherImp-->updateNotificationListOnKg resultCode: 0
02-27 16:19:47.635 D/MBrainLocalService( 2163): isVendorFreezeConditionPass is false
02-27 16:19:47.635 D/MBrainLocalService( 2163): notifyNetworkChange failed
02-27 16:19:47.636 D/OplusGameFirstManager( 2163): oldAverRssi=-76,rssi=-75,newAverRssi=-77
02-27 16:19:47.641 D/charge_time( 1347): type=sdp,reserve_soc=0,soc=53,ui_soc=53,current=264,avg=301,not_chg_cnt=0,stable_cnt=7,fcc=5068,fcc_ratio=106,delta=109,debug=0,region=16,ttf=27285(07:34:45),ui_ttf=19757(05:29:17)
02-27 16:19:47.646 D/UsageStatsService( 2163): User[0] type=0 b=1772205557642 e=1772205590142 cb=1772146815363 ce=1772205579610 disk=0 all=0
02-27 16:19:47.647 D/OplusNotificationDateTimeView( 2884): setTime mSettingTimeMillis 1772064506283, mSettingLocalDateTime 2026-02-26T01:08:00.283
02-27 16:19:47.648 D/WifiStatusTracker( 2884): mNetworkCallback onCapabilitiesChanged network:115 mPrimaryNetworkId:115
02-27 16:19:47.649 D/WifiPickerTracker( 2884): handleNetworkCapabilitiesChanged network:115
02-27 16:19:47.653 D/VendorWifiService( 3260): onEvent event:9,action:1
02-27 16:19:47.656 I/WifiPickerTracker( 2884): wifi connected status realConnectedWifiEntry not null: true
02-27 16:19:47.658 D/SystemNetworkObserver( 2163): wifi network 115 nc changed, primary=true
02-27 16:19:47.659 D/SystemNetworkObserver( 2163): default network nc changed 115
02-27 16:19:47.665 I/SystemUi--Statusbar( 2884): WifiViewModel-->wifiIcon icon:Tres barras de Wi-Fi. isDefault:true alwaysShowIconIfEnabled:false
02-27 16:19:47.665 I/SystemUi--Statusbar( 2884): NetworkController.WifiSignalController-->handleStatusUpdated state=3 enabled=true connected=true isDefaultNetwork=true rssi=-75 level=3 statusLabel=null isDirty=false
02-27 16:19:47.668 D/SubsysEventListenerManager( 3260): onCapabilitiesChanged
02-27 16:19:47.669 D/DataStateTracker( 3260): getCurDataChannel, channel:1
02-27 16:19:47.670 I/NullBinder(17883): NullBinder for android.net.action.RECOMMEND_NETWORKS triggering remote TransactionTooLargeException due to Service without Chimera impl, calling uid: 1000, calling pid: 0
02-27 16:19:47.670 W/.gms.persistent(17883): Large reply transaction of 2113536 bytes, interface descriptor , code 1
02-27 16:19:47.670 D/OplusSlaNetworkManager( 2163): isPrimaryWifi:false network:117
02-27 16:19:47.675 I/DeltaChat( 5318): ++++++++++++++++++ NetworkCallback.onCapabilitiesChanged() #9747
02-27 16:19:47.685 I/SystemUi--Statusbar( 2884): NetworkController.WifiSignalController-->handleStatusUpdated state=3 enabled=true connected=true isDefaultNetwork=true rssi=-75 level=3 statusLabel=null isDirty=false
02-27 16:19:47.686 I/BugleRcsEngine(28328): handleMessage processing message:[NOTIFY_UPTIME_IGNORE_STATE_CHANGED] with [non-null]:RcsEngineImpl reference [CONTEXT log_prefix="RcsEngineImpl[DUAL_REG]:[115eabb8-4d09]>Handler" thread_id=578 ]
02-27 16:19:47.687 I/BugleRcsEngine(28328): Connected state: [1], networkType: [WIFI] [CONTEXT thread_id=575 ]
02-27 16:19:47.685 I/NearbyMediums(17883): [WifiNetworkV2] defaultNetworkCallback onCapabilitiesChanged network:117 [ WIFI VPN ] isNonBypassable:true
02-27 16:19:47.688 D/OplusNotificationDateTimeView( 2884): setTime mSettingTimeMillis 1772064506283, mSettingLocalDateTime 2026-02-26T01:08:00.283
02-27 16:19:47.690 I/NullBinder(17883): NullBinder for android.net.action.RECOMMEND_NETWORKS triggering remote TransactionTooLargeException due to Service without Chimera impl, calling uid: 1000, calling pid: 0
02-27 16:19:47.691 W/.gms.persistent(17883): Large reply transaction of 2113536 bytes, interface descriptor , code 1
02-27 16:19:47.695 I/BugleRcsEngine(28328): Rcs is enabled from user settings: true [CONTEXT log_prefix="ProvisioningEngineDataRetriever" thread_id=578 ]
02-27 16:19:47.721 E/LockScreenNotificationDispatcherImp( 2884): updateNotificationListOnKg size:0
02-27 16:19:47.721 I/SystemUi--Notification( 2884): LockScreenNotificationDispatcherImp-->updateNotificationListOnKg resultCode: 0
02-27 16:19:47.847 D/UsageStatsService( 2163): User[0] type=0 b=1772205557842 e=1772205590342 cb=1772146815363 ce=1772205587689 disk=0 all=0
02-27 16:19:48.048 D/UsageStatsService( 2163): User[0] type=0 b=1772205558043 e=1772205590543 cb=1772146815363 ce=1772205587689 disk=0 all=0
02-27 16:19:48.048 D/vendor.oplus.hardware.charger-V6-service( 1347): get_ui_charge_icon_type 0 0 0 0 0
02-27 16:19:48.050 D/vendor.oplus.hardware.charger-V6-service( 1347): oplus_chg_get_cpa_power 2500 charge_online 1 retention_topic 0
02-27 16:19:48.069 D/vendor.oplus.hardware.charger-V6-service( 1347): get_ui_charge_icon_type 0 0 0 0 0
02-27 16:19:48.071 D/vendor.oplus.hardware.charger-V6-service( 1347): oplus_chg_get_cpa_power 2500 charge_online 1 retention_topic 0
02-27 16:19:48.168 I/NearbySharing(17883): Network state changed: NetworkState(isRestricted=false, isOnline=true, isCongested=false, isMetered=true, isWifiConnected=true)
02-27 16:19:48.247 D/UsageStatsService( 2163): User[0] type=0 b=1772205558243 e=1772205590743 cb=1772146815363 ce=1772205587689 disk=0 all=0
02-27 16:19:48.257 D/CoexRfService( 3260): report RRC state:true
02-27 16:19:48.396 D/CommonApp-115-10508( 3191): transport layer data is invalid
02-27 16:19:48.450 D/UsageStatsService( 2163): User[0] type=0 b=1772205558445 e=1772205590945 cb=1772146815363 ce=1772205587689 disk=0 all=0
02-27 16:19:48.544 W/ActivityManager( 2163): Foreground service started from background can not have location/camera/microphone access: service org.torproject.android/.service.OrbotService
02-27 16:19:48.546 I/SystemUi--QuickSettings( 2884): OplusFgsManagerController-->onForegroundStateChanged: org.torproject.android 0 true 7
02-27 16:19:48.549 I/SystemUi--QuickSettings( 2884): OplusFgsManagerController-->onForegroundStateChanged numPackagesAfter: 7
02-27 16:19:48.551 D/NotificationService--NotificationRecord( 2163): isSupportRearLight , isRearLight = false mLedRM = false isMultilLed = false
02-27 16:19:48.553 I/OplusStatusBarManagerServiceEnhance( 2163):  getTopIsFullscreen mTopIsFullscreen: false
02-27 16:19:48.555 D/NotificationService--OplusNotificationManagerServiceExtImpl( 2163): isForwardToAssistants: true, case : Is local notification
02-27 16:19:48.555 D/NotificationService( 2163): This application enqueue notifications is need postDelayed mcsAssistantDelayTime: 200
02-27 16:19:48.572 D/NotificationService--OplusNavigationManager( 2163): Notification--isSuppressedByDriveMode--userId:-1,mode:false
02-27 16:19:48.576 D/NotificationService--OplusNavigationManager( 2163): Notification--isSuppressedByDriveMode--userId:-1,mode:false
02-27 16:19:48.593 E/LockScreenNotificationDispatcherImp( 2884): updateNotificationListOnKg size:0
02-27 16:19:48.593 I/SystemUi--Notification( 2884): LockScreenNotificationDispatcherImp-->updateNotificationListOnKg resultCode: 0
02-27 16:19:48.627 I/BufferQueueProducer( 1409): [StatusBar#100](this:0xb40000747213c9e0,id:-1,api:0,p:-1,c:1409) queueBuffer: fps=2.70 dur=1849.09 max=866.01 min=16.58
02-27 16:19:48.644 D/charge_time( 1347): type=sdp,reserve_soc=0,soc=53,ui_soc=53,current=334,avg=305,not_chg_cnt=0,stable_cnt=7,fcc=5068,fcc_ratio=106,delta=110,debug=0,region=16,ttf=26925(07:28:45),ui_ttf=19756(05:29:16)
02-27 16:19:48.650 D/UsageStatsService( 2163): User[0] type=0 b=1772205558645 e=1772205591145 cb=1772146815363 ce=1772205587689 disk=0 all=0
02-27 16:19:48.658 D/OplusNotificationDateTimeView( 2884): setTime mSettingTimeMillis 1772064506283, mSettingLocalDateTime 2026-02-26T01:08:00.283
02-27 16:19:48.688 D/OplusNotificationDateTimeView( 2884): setTime mSettingTimeMillis 1772064506283, mSettingLocalDateTime 2026-02-26T01:08:00.283
02-27 16:19:48.740 E/LockScreenNotificationDispatcherImp( 2884): updateNotificationListOnKg size:0
02-27 16:19:48.740 I/SystemUi--Notification( 2884): LockScreenNotificationDispatcherImp-->updateNotificationListOnKg resultCode: 0
02-27 16:19:48.819 D/UsageStatsService( 2163): User[0] type=0 b=1772205583814 e=1772205588814 cb=1772146815363 ce=1772205587689 disk=0 all=137
02-27 16:19:48.850 D/UsageStatsService( 2163): User[0] type=0 b=1772205558845 e=1772205591345 cb=1772146815363 ce=1772205587689 disk=0 all=0
02-27 16:19:49.050 D/UsageStatsService( 2163): User[0] type=0 b=1772205559045 e=1772205591545 cb=1772146815363 ce=1772205587689 disk=0 all=0
02-27 16:19:49.231 I/GH.ConnLoggerV2(13446): Session 57e9c7ad-7e51-479f-9b1c-63d57eaef4e2 expired
02-27 16:19:49.236 I/GH.ConnLoggerV2(13446): Session 57e9c7ad-7e51-479f-9b1c-63d57eaef4e2, event 7, detail OptionalInt.empty, SESSION_EXPIRED, at 141347707 
02-27 16:19:49.250 D/UsageStatsService( 2163): User[0] type=0 b=1772205559245 e=1772205591745 cb=1772146815363 ce=1772205587689 disk=0 all=0
02-27 16:19:49.307 D/vendor.oplus.hardware.charger-V6-service( 1347): ret_value:157, read content:,257,335,3938,3922,-334,500,2200,53,53,1,4,490,4867,53,1,0,1,1,0,0,4470,0,0,0,4,0,0,0,-2740,0,1,1,0,0,41,41,41,0,0,0,0,0,0,0,0,0,0,4,0,1,0,100,0,0,0,0,0,0,0
02-27 16:19:49.307 D/vendor.oplus.hardware.charger-V6-service( 1347): gmtime: 2026-02-27-16-19-49
02-27 16:19:49.308 D/vendor.oplus.hardware.charger-V6-service( 1347): usb_online:1, ac_online:0, wireless_online:-2147483648
02-27 16:19:49.420 D/CommonApp-115-10508( 3191): transport layer data is invalid
02-27 16:19:49.451 D/UsageStatsService( 2163): User[0] type=0 b=1772205559446 e=1772205591946 cb=1772146815363 ce=1772205587689 disk=0 all=0
02-27 16:19:49.519 D/CustomLogManagerService(30097): WorkHandler msg.what :5
02-27 16:19:49.519 D/CustomLogManagerService(30097): user experience toggle off
02-27 16:19:49.541 W/ActivityManager( 2163): Foreground service started from background can not have location/camera/microphone access: service org.torproject.android/.service.OrbotService
02-27 16:19:49.543 I/SystemUi--QuickSettings( 2884): OplusFgsManagerController-->onForegroundStateChanged: org.torproject.android 0 true 7
02-27 16:19:49.543 I/SystemUi--QuickSettings( 2884): OplusFgsManagerController-->onForegroundStateChanged numPackagesAfter: 7
02-27 16:19:49.549 D/NotificationService--NotificationRecord( 2163): isSupportRearLight , isRearLight = false mLedRM = false isMultilLed = false
02-27 16:19:49.551 I/OplusStatusBarManagerServiceEnhance( 2163):  getTopIsFullscreen mTopIsFullscreen: false
02-27 16:19:49.552 D/NotificationService--OplusNotificationManagerServiceExtImpl( 2163): isForwardToAssistants: true, case : Is local notification
02-27 16:19:49.552 D/NotificationService( 2163): This application enqueue notifications is need postDelayed mcsAssistantDelayTime: 200
02-27 16:19:49.569 D/NotificationService--OplusNavigationManager( 2163): Notification--isSuppressedByDriveMode--userId:-1,mode:false
02-27 16:19:49.573 D/NotificationService--OplusNavigationManager( 2163): Notification--isSuppressedByDriveMode--userId:-1,mode:false
02-27 16:19:49.594 E/LockScreenNotificationDispatcherImp( 2884): updateNotificationListOnKg size:0
02-27 16:19:49.594 I/SystemUi--Notification( 2884): LockScreenNotificationDispatcherImp-->updateNotificationListOnKg resultCode: 0
02-27 16:19:49.628 I/BufferQueueProducer( 1409): [StatusBar#100](this:0xb40000747213c9e0,id:-1,api:0,p:-1,c:1409) queueBuffer: fps=2.00 dur=1001.21 max=852.10 min=149.10
02-27 16:19:49.646 D/charge_time( 1347): type=sdp,reserve_soc=0,soc=53,ui_soc=53,current=310,avg=299,not_chg_cnt=0,stable_cnt=7,fcc=5068,fcc_ratio=106,delta=111,debug=0,region=16,ttf=27466(07:37:46),ui_ttf=19755(05:29:15)
02-27 16:19:49.652 D/UsageStatsService( 2163): User[0] type=0 b=1772205559647 e=1772205592147 cb=1772146815363 ce=1772205587689 disk=0 all=0
02-27 16:19:49.660 D/OplusNotificationDateTimeView( 2884): setTime mSettingTimeMillis 1772064506283, mSettingLocalDateTime 2026-02-26T01:08:00.283
02-27 16:19:49.662 D/VendorWifiService( 3260): onEvent event:9,action:1
02-27 16:19:49.665 I/wpa_supplicant(21223): wlan0: command[CURRENT_RSSI -75], reply:SUCCESS
02-27 16:19:49.667 D/OplusWifiPower_TriggerCenter( 2163): mComponentCallback: wifistat
02-27 16:19:49.693 D/OplusNotificationDateTimeView( 2884): setTime mSettingTimeMillis 1772064506283, mSettingLocalDateTime 2026-02-26T01:08:00.283
02-27 16:19:49.735 E/LockScreenNotificationDispatcherImp( 2884): updateNotificationListOnKg size:0
02-27 16:19:49.735 I/SystemUi--Notification( 2884): LockScreenNotificationDispatcherImp-->updateNotificationListOnKg resultCode: 0
02-27 16:19:49.826 I/touch_boost( 1551): enable=1, render_deboost=1, active_time=100, duration=200, idleprefer(TA,FG)=(0,1), util(TA,FG)=(0,0), freq(c0,c1,c2)=(1500000,1700000,0)
02-27 16:19:49.826 I/mtkpower_client( 1551): perf_lock_acq, hdl:0, dur:200, num:14, tid:1551
02-27 16:19:49.828 I/mtkpower_client( 1551): ret_hdl:94296
02-27 16:19:49.828 I/[UAH_CLIENT]( 1335): UahPlatformResAcquire
02-27 16:19:49.828 I/[UAH_CLIENT]( 1335): UahEventAcquire, cmdid:-3, pkg:1551 1551, identity:mtk-powerd
02-27 16:19:49.831 D/VRR [OTI]( 1409): handleIdle from 1 to 0
02-27 16:19:49.832 D/VRR [OTI-HW]( 1409): isStateReady 0
02-27 16:19:49.832 D/VRR [OTI-HW]( 1409): rate range: min {id=0, hwcId=0, resolution=720x1604, vsyncRate=60.00 Hz, dpi=263.51x263.51, group=0, vrrConfig=N/A} cur {id=0, hwcId=0, resolution=720x1604, vsyncRate=60.00 Hz, dpi=263.51x263.51, group=0, vrrConfig=N/A} max {id=0, hwcId=0, resolution=720x1604, vsyncRate=60.00 Hz, dpi=263.51x263.51, group=0, vrrConfig=N/A}
02-27 16:19:49.832 D/VRR [OTI-HW]( 1409): keep rate.
02-27 16:19:49.832 E/libPowerHal( 1335): [getCPUFreq] error cid:2, nClusterNum:2
02-27 16:19:49.833 I/[UAH_CLIENT]( 1335): UahPlatformResAcquire
02-27 16:19:49.833 I/[UAH_CLIENT]( 1335): UahEventAcquire, cmdid:-3, pkg:1335 1472, identity:mtk-powerd
02-27 16:19:49.834 V/AutofillManager(14347): requestHideFillUi(null): anchor = null
02-27 16:19:49.835 D/OplusSystemUINavigationGestureExtImpl(14347): regionString = null
02-27 16:19:49.835 D/PowerManagerService( 2163): userActivityNoUpdateLocked: groupId=0, eventTime=119102258, event=touch, flags=0x0, uid=1000
02-27 16:19:49.835 I/[UAH_CLIENT]( 2163): UahEventAcquire, cmdid:37, pkg:none, identity:OplusUAwareInputHelper
02-27 16:19:49.836 D/SurfaceFlinger( 1409): calculateTimeoutTime, triggerInterval = 2 sec + 999999923 nsec
02-27 16:19:49.836 D/UAH-UahAdaptHelper( 2163): adaptSetNotification identity = OplusUAwareInputHelpersrc = 1000 , type 0 ,p1 = -1 ,p2 = -1 ,p3 = -1 ,p4 =
02-27 16:19:49.837 I/[UAH_CLIENT]( 2163): uahRuleCtl, ruleId:1000, status:0
02-27 16:19:49.837 D/OplusSystemUINavigationGestureExtImpl(14347): regionString = null
02-27 16:19:49.838 D/OGG_Detector( 2163): D:done mCurrStatus: 0
02-27 16:19:49.843 I/PTC.DISC.AndroidMultiLanServer( 5703): Watcher sysNif=[wlan0], userNif=[wlan0 state=(LISTEN JOIN(CA2720|61951)), ], clientNif=[wlan0 state=(LISTEN), ], tcpServer state=LISTEN, ipv4=**8.1.129
02-27 16:19:49.850 D/UsageStatsService( 2163): User[0] type=0 b=1772205559847 e=1772205592347 cb=1772146815363 ce=1772205587689 disk=0 all=0
02-27 16:19:49.861 I/[UAH_CLIENT]( 2163): UahEventAcquire, cmdid:68, pkg:none, identity:OplusUAwareInputHelper
02-27 16:19:49.876 I/BufferQueueProducer( 1409): [com.guardianos.shield/com.guardianos.shield.MainActivity#25132](this:0xb400007478b289e0,id:-1,api:0,p:-1,c:1409) queueBuffer: fps=0.07 dur=40047.79 max=39915.16 min=16.47
02-27 16:19:49.927 D/UAH-UahAdaptHelper( 2163): adaptSetNotification identity = OplusUAwareInputHelpersrc = 1000 , type 1 ,p1 = -1 ,p2 = -1 ,p3 = -1 ,p4 =
02-27 16:19:49.927 D/PowerManagerService( 2163): userActivityNoUpdateLocked: groupId=0, eventTime=119102358, event=touch, flags=0x0, uid=1000
02-27 16:19:49.927 I/[UAH_CLIENT]( 2163): uahRuleCtl, ruleId:1000, status:1
02-27 16:19:49.928 I/[UAH_CLIENT]( 2163): UahRelease, handle:88449
02-27 16:19:49.929 I/[UAH_CLIENT]( 2163): UahEventAcquire, cmdid:6, pkg:none, identity:OplusUAwareInputHelper
02-27 16:19:49.933 I/ScrollIdentify(14347): on fling
02-27 16:19:49.933 D/ViewRootImplExtImpl(14347): the up motion event handled by client, just return
02-27 16:19:49.935 I/mtkpower_client( 2163): perf_lock_acq, hdl:94284, dur:3000, num:4, pid:2163, tid:3325
02-27 16:19:49.936 I/[UAH_CLIENT]( 1335): UahPlatformResAcquire
02-27 16:19:49.936 I/[UAH_CLIENT]( 1335): UahEventAcquire, cmdid:-3, pkg:1335 0, identity:mtk-powerd
02-27 16:19:49.940 I/mtkpower_client( 2163): ret_hdl:94300
02-27 16:19:49.941 I/mtkpower_client( 2163): perf_lock_rel, hdl:94300, tid:3325
02-27 16:19:50.026 I/touch_boost( 1551): enable=0, render_deboost=1, active_time=100, duration=200, idleprefer(TA,FG)=(0,1), util(TA,FG)=(0,0), freq(c0,c1,c2)=(1500000,1700000,0)
02-27 16:19:50.026 I/mtkpower_client( 1551): perf_lock_rel, hdl:94296, tid:1551
02-27 16:19:50.027 I/[UAH_CLIENT]( 1335): UahRelease, handle:88445
02-27 16:19:50.035 I/mtkpower@impl( 1335): [powerd_req] TIMER_MSG_PERF_LOCK_TIMEOUT hdl:94298
02-27 16:19:50.035 I/[UAH_CLIENT]( 1335): UahRelease, handle:88446
02-27 16:19:50.050 D/UsageStatsService( 2163): User[0] type=0 b=1772205560047 e=1772205592547 cb=1772146815363 ce=1772205587689 disk=0 all=0
02-27 16:19:50.251 D/UsageStatsService( 2163): User[0] type=0 b=1772205560247 e=1772205592747 cb=1772146815363 ce=1772205587689 disk=0 all=0
02-27 16:19:50.447 D/CommonApp-115-10508( 3191): transport layer data is invalid
02-27 16:19:50.449 D/UsageStatsService( 2163): User[0] type=0 b=1772205560447 e=1772205592947 cb=1772146815363 ce=1772205587689 disk=0 all=0
02-27 16:19:50.539 W/ActivityManager( 2163): Foreground service started from background can not have location/camera/microphone access: service org.torproject.android/.service.OrbotService
02-27 16:19:50.540 I/SystemUi--QuickSettings( 2884): OplusFgsManagerController-->onForegroundStateChanged: org.torproject.android 0 true 7
02-27 16:19:50.540 I/SystemUi--QuickSettings( 2884): OplusFgsManagerController-->onForegroundStateChanged numPackagesAfter: 7
02-27 16:19:50.544 D/NotificationService--NotificationRecord( 2163): isSupportRearLight , isRearLight = false mLedRM = false isMultilLed = false
02-27 16:19:50.546 I/OplusStatusBarManagerServiceEnhance( 2163):  getTopIsFullscreen mTopIsFullscreen: false
02-27 16:19:50.547 D/NotificationService--OplusNotificationManagerServiceExtImpl( 2163): isForwardToAssistants: true, case : Is local notification
02-27 16:19:50.547 D/NotificationService( 2163): This application enqueue notifications is need postDelayed mcsAssistantDelayTime: 200
02-27 16:19:50.562 D/NotificationService--OplusNavigationManager( 2163): Notification--isSuppressedByDriveMode--userId:-1,mode:false
02-27 16:19:50.564 D/NotificationService--OplusNavigationManager( 2163): Notification--isSuppressedByDriveMode--userId:-1,mode:false
02-27 16:19:50.576 E/LockScreenNotificationDispatcherImp( 2884): updateNotificationListOnKg size:0
02-27 16:19:50.576 I/SystemUi--Notification( 2884): LockScreenNotificationDispatcherImp-->updateNotificationListOnKg resultCode: 0
02-27 16:19:50.609 D/OplusNotificationDateTimeView( 2884): setTime mSettingTimeMillis 1772064506283, mSettingLocalDateTime 2026-02-26T01:08:00.283
02-27 16:19:50.628 D/OplusNotificationDateTimeView( 2884): setTime mSettingTimeMillis 1772064506283, mSettingLocalDateTime 2026-02-26T01:08:00.283
02-27 16:19:50.650 D/charge_time( 1347): write 19754s(05:29:14) to ttf, rc=7
02-27 16:19:50.650 D/charge_time( 1347): type=sdp,reserve_soc=0,soc=53,ui_soc=53,current=363,avg=320,not_chg_cnt=0,stable_cnt=7,fcc=5068,fcc_ratio=106,delta=112,debug=0,region=16,ttf=25656(07:07:36),ui_ttf=19754(05:29:14)
02-27 16:19:50.651 D/UsageStatsService( 2163): User[0] type=0 b=1772205560647 e=1772205593147 cb=1772146815363 ce=1772205587689 disk=0 all=0
02-27 16:19:50.662 E/LockScreenNotificationDispatcherImp( 2884): updateNotificationListOnKg size:0
02-27 16:19:50.662 I/SystemUi--Notification( 2884): LockScreenNotificationDispatcherImp-->updateNotificationListOnKg resultCode: 0
02-27 16:19:50.694 I/BufferQueueProducer( 1409): [StatusBar#100](this:0xb40000747213c9e0,id:-1,api:0,p:-1,c:1409) queueBuffer: fps=3.75 dur=1065.54 max=815.99 min=65.78
02-27 16:19:50.832 D/UsageStatsService( 2163): User[0] type=0 b=1772205585829 e=1772205590829 cb=1772146815363 ce=1772205587689 disk=0 all=137
02-27 16:19:50.850 D/UsageStatsService( 2163): User[0] type=0 b=1772205560847 e=1772205593347 cb=1772146815363 ce=1772205587689 disk=0 all=0
02-27 16:19:51.052 D/UsageStatsService( 2163): User[0] type=0 b=1772205561048 e=1772205593548 cb=1772146815363 ce=1772205587689 disk=0 all=0
02-27 16:19:51.214 E/md_thermal( 1676): interval=40 temp: 28600 27200 26600 27000
02-27 16:19:51.252 D/UsageStatsService( 2163): User[0] type=0 b=1772205561248 e=1772205593748 cb=1772146815363 ce=1772205587689 disk=0 all=0
02-27 16:19:51.262 D/CoexRfService( 3260): report RRC state:true
02-27 16:19:51.453 D/UsageStatsService( 2163): User[0] type=0 b=1772205561449 e=1772205593949 cb=1772146815363 ce=1772205587689 disk=0 all=0
02-27 16:19:51.469 D/CommonApp-115-10508( 3191): transport layer data is invalid
02-27 16:19:51.540 W/ActivityManager( 2163): Foreground service started from background can not have location/camera/microphone access: service org.torproject.android/.service.OrbotService
02-27 16:19:51.542 I/SystemUi--QuickSettings( 2884): OplusFgsManagerController-->onForegroundStateChanged: org.torproject.android 0 true 7
02-27 16:19:51.542 I/SystemUi--QuickSettings( 2884): OplusFgsManagerController-->onForegroundStateChanged numPackagesAfter: 7
02-27 16:19:51.546 D/NotificationService--NotificationRecord( 2163): isSupportRearLight , isRearLight = false mLedRM = false isMultilLed = false
02-27 16:19:51.548 I/OplusStatusBarManagerServiceEnhance( 2163):  getTopIsFullscreen mTopIsFullscreen: false
02-27 16:19:51.549 D/NotificationService--OplusNotificationManagerServiceExtImpl( 2163): isForwardToAssistants: true, case : Is local notification
02-27 16:19:51.549 D/NotificationService( 2163): This application enqueue notifications is need postDelayed mcsAssistantDelayTime: 200
02-27 16:19:51.562 D/NotificationService--OplusNavigationManager( 2163): Notification--isSuppressedByDriveMode--userId:-1,mode:false
02-27 16:19:51.564 D/NotificationService--OplusNavigationManager( 2163): Notification--isSuppressedByDriveMode--userId:-1,mode:false
02-27 16:19:51.577 E/LockScreenNotificationDispatcherImp( 2884): updateNotificationListOnKg size:0
02-27 16:19:51.577 I/SystemUi--Notification( 2884): LockScreenNotificationDispatcherImp-->updateNotificationListOnKg resultCode: 0
02-27 16:19:51.612 D/OplusNotificationDateTimeView( 2884): setTime mSettingTimeMillis 1772064506283, mSettingLocalDateTime 2026-02-26T01:08:00.283
02-27 16:19:51.635 D/OplusNotificationDateTimeView( 2884): setTime mSettingTimeMillis 1772064506283, mSettingLocalDateTime 2026-02-26T01:08:00.283
02-27 16:19:51.652 D/charge_time( 1347): type=sdp,reserve_soc=0,soc=53,ui_soc=53,current=371,avg=328,not_chg_cnt=0,stable_cnt=7,fcc=5068,fcc_ratio=106,delta=113,debug=0,region=16,ttf=25027(06:57:07),ui_ttf=19753(05:29:13)
02-27 16:19:51.653 D/UsageStatsService( 2163): User[0] type=0 b=1772205561649 e=1772205594149 cb=1772146815363 ce=1772205587689 disk=0 all=0
02-27 16:19:51.659 I/touch_boost( 1551): enable=1, render_deboost=1, active_time=100, duration=200, idleprefer(TA,FG)=(0,1), util(TA,FG)=(0,0), freq(c0,c1,c2)=(1500000,1700000,0)
02-27 16:19:51.659 I/mtkpower_client( 1551): perf_lock_acq, hdl:0, dur:200, num:14, tid:1551
02-27 16:19:51.661 I/mtkpower_client( 1551): ret_hdl:94303
02-27 16:19:51.661 V/AutofillManager(14347): requestHideFillUi(null): anchor = null
02-27 16:19:51.662 I/[UAH_CLIENT]( 2163): UahEventAcquire, cmdid:37, pkg:none, identity:OplusUAwareInputHelper
02-27 16:19:51.663 D/PowerManagerService( 2163): userActivityNoUpdateLocked: groupId=0, eventTime=119104092, event=touch, flags=0x0, uid=1000
02-27 16:19:51.663 D/UAH-UahAdaptHelper( 2163): adaptSetNotification identity = OplusUAwareInputHelpersrc = 1000 , type 0 ,p1 = -1 ,p2 = -1 ,p3 = -1 ,p4 =
02-27 16:19:51.663 I/[UAH_CLIENT]( 2163): uahRuleCtl, ruleId:1000, status:0
02-27 16:19:51.664 E/libPowerHal( 1335): [getCPUFreq] error cid:2, nClusterNum:2
02-27 16:19:51.664 D/OGG_Detector( 2163): D:done mCurrStatus: 0
02-27 16:19:51.665 I/[UAH_CLIENT]( 1335): UahPlatformResAcquire
02-27 16:19:51.665 I/[UAH_CLIENT]( 1335): UahEventAcquire, cmdid:-3, pkg:1551 1551, identity:mtk-powerd
02-27 16:19:51.668 I/[UAH_CLIENT]( 1335): UahPlatformResAcquire
02-27 16:19:51.668 I/[UAH_CLIENT]( 1335): UahEventAcquire, cmdid:-3, pkg:1335 1472, identity:mtk-powerd
02-27 16:19:51.671 E/LockScreenNotificationDispatcherImp( 2884): updateNotificationListOnKg size:0
02-27 16:19:51.671 I/SystemUi--Notification( 2884): LockScreenNotificationDispatcherImp-->updateNotificationListOnKg resultCode: 0
02-27 16:19:51.672 D/VendorWifiService( 3260): onEvent event:9,action:1
02-27 16:19:51.710 I/BufferQueueProducer( 1409): [StatusBar#100](this:0xb40000747213c9e0,id:-1,api:0,p:-1,c:1409) queueBuffer: fps=1.97 dur=1016.57 max=916.77 min=99.80
02-27 16:19:51.778 D/UAH-UahAdaptHelper( 2163): adaptSetNotification identity = OplusUAwareInputHelpersrc = 1000 , type 1 ,p1 = -1 ,p2 = -1 ,p3 = -1 ,p4 =
02-27 16:19:51.778 I/[UAH_CLIENT]( 2163): uahRuleCtl, ruleId:1000, status:1
02-27 16:19:51.778 D/PowerManagerService( 2163): userActivityNoUpdateLocked: groupId=0, eventTime=119104209, event=touch, flags=0x0, uid=1000
02-27 16:19:51.781 I/[UAH_CLIENT]( 2163): UahEventAcquire, cmdid:2, pkg:none, identity:com.android.server.wm
02-27 16:19:51.781 D/adaptiveSmoothAnim( 2163): checkSecondaryPageStartupStatus not support sourcePackage=com.guardianos.shield
02-27 16:19:51.782 D/WindowManager( 2163): NFW_setClientVisible:ActivityRecord{1720843 u0 com.guardianos.shield/.ui.SafeBrowserActivity clientVisible:true
02-27 16:19:51.782 V/GrammaticalInflectionUtils( 2163): AttributionSource: android.content.AttributionSource@3f6be70f does not have READ_SYSTEM_GRAMMATICAL_GENDER permission.
02-27 16:19:51.783 D/FlexibleTaskController( 2163): isSupportFlexibleWindow target = com.guardianos.shield/.ui.SafeBrowserActivity callPkg = FlexibleTaskController support = true ,caller = 2163
02-27 16:19:51.783 D/ActivityStarterExtImpl( 2163): NOT BACKGROUND_START_ACTIVITY_PERMISSION FEATURE
02-27 16:19:51.784 D/FlexibleWindowManagerService( 2163): isIgnoreAppearedAcrossTask:false
02-27 16:19:51.784 D/ActivityStarterExtImpl( 2163): setForceUpdateWindow, targetTask = Task{ea57646 #6483 type=standard A=10508:com.guardianos.shield} r = ActivityRecord{1720843 u0 com.guardianos.shield/.ui.SafeBrowserActivity t-1} notFinish =false
02-27 16:19:51.784 D/FlexibleWindowManagerService( 2163): isIgnoreAppearedAcrossTask:false
02-27 16:19:51.784 D/FlexibleTaskController( 2163): adjustOptionsForFlexibleTask skip adjust options reason:4
02-27 16:19:51.784 I/TaskFragmentExtImpl( 2163): reset pause in recents anim for mTaskFragment: Task{ea57646 #6483 type=standard A=10508:com.guardianos.shield}
02-27 16:19:51.784 D/FlexibleTaskController( 2163): isSupportFlexibleWindow target = com.guardianos.shield/.ui.SafeBrowserActivity callPkg = FlexibleTaskController support = true ,caller = 2163
02-27 16:19:51.784 D/FlexibleTaskController( 2163): shouldKeepFlexibleTask flexibleTask not active.
02-27 16:19:51.784 D/ActivityStarterExtImpl( 2163): isLaunchingRootActivity = false
02-27 16:19:51.784 D/ActivityStarterExtImpl( 2163): resume targetTask isVisibleRequested is true or in SkipCheckedList, need resume:targetTask=Task{ea57646 #6483 type=standard A=10508:com.guardianos.shield}
02-27 16:19:51.784 D/adaptiveSmoothAnim_Main( 2163): skipMoveToFront sourceAr: ActivityRecord{1f91103 u0 com.guardianos.shield/.MainActivity t6483} state: RESUMED focusIsLauncher: false targetTaskNotTop: false
02-27 16:19:51.788 D/OplusStartingWindowManager( 2163): we don't revise window flags for third app
02-27 16:19:51.788 D/ActivityTaskManager( 2163): validateStartingWindowTheme:  Pkg=com.guardianos.shield, Translucent=false, Floating=false, ShowWallpaper=false, Disable=false, LaunchSource=4
02-27 16:19:51.788 D/ActivityTaskManager( 2163): addStartingWindow for ActivityRecord{1720843 u0 com.guardianos.shield/.ui.SafeBrowserActivity t6483}, mainWin=null, state=INITIALIZING, isKeyguardLocked=false, isKeyguardGoingAway=false
02-27 16:19:51.788 D/ActivityTaskManager( 2163): getStartingWindowType: , newTask=false, taskSwitch=false, processRunning=true, allowTaskSnapshot=true, activityCreated=false, activityAllDrawn=false, snapshot exist: false
02-27 16:19:51.788 D/ActivityRecordExtImpl( 2163): handleStartingWindowForCompactWindow origin type:0, adjustType : 0
02-27 16:19:51.788 D/OplusWindowAnimationManager( 2163): applyNoAnimationForResumed resumed: ActivityRecord{1f91103 u0 com.guardianos.shield/.MainActivity t6483}
02-27 16:19:51.788 I/PowerHalWrapper( 2163): amsBoostNotify pid:14347,activity:com.guardianos.shield.MainActivity, package:com.guardianos.shield, mProcessCreatePackcom.oplus.wirelesssettings 
02-27 16:19:51.788 I/PowerHalWrapper( 2163): state: 0 
02-27 16:19:51.789 I/mtkpower_client( 2163): [PowerHal_Wrap_notifyAppState] com.guardianos.shield/com.guardianos.shield.MainActivity pid=14347 activityId:33100035 state:0
02-27 16:19:51.789 I/mtkpower@impl( 1335): [setMode] type:5, enabled:1
02-27 16:19:51.789 I/IPCThreadState( 1334): oneway function results for code 2 on binder at 0xb400007c8d6c49a0 will be dropped but finished with status UNKNOWN_TRANSACTION
02-27 16:19:51.789 I/vendor.mediatek.hardware.mtkpower_applist-service.mediatek( 1334): packName: com.guardianos.shield actName: com.guardianos.shield.MainActivity pid: 14347 uid: 10508 state: 0
02-27 16:19:51.789 I/MTK_APPList( 1334): [notifyAPPstate] com.guardianos.shield/com.guardianos.shield.MainActivity, pid=14347, uid=10508, state:PAUSED, fps:60, win:0
02-27 16:19:51.789 I/MTK_APPList( 1334): [notifyAPPstate] multi_resumed_app_count: 0
02-27 16:19:51.789 I/MTK_APPList( 1334): [getForegroundAPPCount] 1
02-27 16:19:51.789 I/MTK_APPList( 1334): [notifyNetdUID] 10508
02-27 16:19:51.789 I/PowerHalWrapper( 2163): amsBoostNotify AMS_BOOST_PROCESS_CREATE_BOOST:false 
02-27 16:19:51.789 I/[UAH_CLIENT]( 1335): UahPlatformResAcquire
02-27 16:19:51.789 I/[UAH_CLIENT]( 1335): UahEventAcquire, cmdid:-3, pkg:1335 0, identity:mtk-powerd
02-27 16:19:51.790 I/PowerHalWrapper( 2163): <amsBoostResume> last:com.guardianos.shield, next:com.guardianos.shieldhasATProcess:false 
02-27 16:19:51.790 I/PowerHalWrapper( 2163):  mIsColdLaunch :false 
02-27 16:19:51.791 D/callGcSupression( 2163): java.lang.NullPointerException: Attempt to invoke virtual method 'java.lang.Object java.lang.reflect.Method.invoke(java.lang.Object, java.lang.Object[])' on a null object reference
02-27 16:19:51.792 I/ActivityTaskManager( 2163): START u0 {flg=0x10000000 cmp=com.guardianos.shield/.ui.SafeBrowserActivity (has extras) mCallingUid=10508} with LAUNCH_MULTIPLE from uid 10508 (BAL_ALLOW_VISIBLE_WINDOW) result code=0
02-27 16:19:51.792 V/WindowManagerShell( 2884): Transition requested (#1584): android.os.BinderProxy@b294cc9 TransitionRequestInfo { type = OPEN, triggerTask = TaskInfo{userId=0 taskId=6483 displayId=0 isRunning=true baseIntent=Intent { act=android.intent.action.MAIN cat=[android.intent.category.LAUNCHER] flg=0x10200000 cmp=com.guardianos.shield/.MainActivity mCallingUid=10183 } baseActivity=ComponentInfo{com.guardianos.shield/com.guardianos.shield.MainActivity} topActivity=ComponentInfo{com.guardianos.shield/com.guardianos.shield.ui.SafeBrowserActivity} origActivity=null realActivity=ComponentInfo{com.guardianos.shield/com.guardianos.shield.MainActivity} numActivities=3 lastActiveTime=141350260 supportsSplitScreenMultiWindow=true supportsMultiWindow=true supportsPocketStudioMultiWindow=true isInFlexibleEmbedded = false uid = 10508 pid = 0 resizeMode=1 isResizeable=true minWidth=-1 minHeight=-1 defaultMinSize=220 token=WCT{android.window.IWindowContainerToken$Stub$Proxy@2711fce} topActivityType=1 pictureInPictureParams=null shouldDockBigOverlays=false launchIntoPipHostTaskId=-1 lastParentTaskIdBeforePip=-1 displayCutoutSafeInsets=Rect(0, 83 - 0, 0) topActivityInfo=ActivityInfo{92f7eef com.guardianos.shield.ui.SafeBrowserActivity} launchCookies=[android.os.BinderProxy@16dc6ad] positionInParent=Point(0, 0) parentTaskId=-1 isFocused=true isVisible=true isVisibleRequested=true isSleeping=false locusId=null displayAreaFeatureId=1 isTopActivityTransparent=false appCompatTaskInfo=AppCompatTaskInfo { topActivityInSizeCompat=false topActivityInOplusCompatMode=false topActivityEligibleForLetterboxEducation= falseisLetterboxEducationEnabled= false isLetterboxDoubleTapEnabled= false topActivityEligibleForUserAspectRatioButton= false topActivityBoundsLetterboxed= false isFromLetterboxDoubleTap= false topActivityLetterboxVerticalPosition= -1 topActivityLetterboxHorizontalPosition= -1 topActivityLetterboxWidth=720 topActivityLetterboxHeight=1604 isUserFullscreenOverrideEnabled=false isSystemFullscreenOverrideEnabled=false cameraCompatTaskInfo=CameraCompatTaskInfo { cameraCompatControlState=hidden freeformCameraCompatMode=inactive}} topActivityLetterboxInsets=Rect(0, 0 - 0, 0) mOplusExtraBundle = Bundle[mParcelledData.dataSize=348]}, pipTask = null, remoteTransition = null, displayChange = null, flags = 0, debugId = 1584 }
02-27 16:19:51.792 I/mtkpower_client( 1334): PowerHal_Wrap_setSysInfo, result:0
02-27 16:19:51.792 I/MTK_APPList( 1334): [notifyPID] 14347
02-27 16:19:51.793 I/[UAH_CLIENT]( 1335): UahPlatformResAcquire
02-27 16:19:51.793 I/[UAH_CLIENT]( 1335): UahEventAcquire, cmdid:-3, pkg:1335 0, identity:mtk-powerd
02-27 16:19:51.793 D/ViewRootImplExtImpl(14347): the up motion event handled by client, just return
02-27 16:19:51.794 I/BufferQueueProducer( 1409): [com.guardianos.shield/com.guardianos.shield.MainActivity#25132](this:0xb400007478b289e0,id:-1,api:0,p:-1,c:1409) queueBuffer: fps=19.82 dur=1917.50 max=1266.61 min=16.21
02-27 16:19:51.794 I/mtkpower_client( 1334): PowerHal_Wrap_setSysInfo, result:0
02-27 16:19:51.795 I/TaskOrganizerController( 2163): onTaskInfoChanged taskid 6483 config { mBounds=Rect(0, 0 - 720, 1604) mAppBounds=Rect(0, 0 - 720, 1604) mMaxBounds=Rect(0, 0 - 720, 1604) mDisplayRotation=ROTATION_0 mWindowingMode=fullscreen mActivityType=standard mAlwaysOnTop=undefined mRotation=ROTATION_0}
